Archive member included to satisfy reference by file (symbol)

c:/program files/microchip/xc32/v4.10/bin/bin/../../lib/gcc/pic32c/8.3.1/../../../../pic32c/lib/thumb/v6-m/nofp\libpic32c.a(data_init.o)
                              build/default/production/_ext/1171490990/startup_xc32.o (__pic32c_data_initialization)
c:/program files/microchip/xc32/v4.10/bin/bin/../../lib/gcc/pic32c/8.3.1/../../../../pic32c/lib/thumb/v6-m/nofp\libm-emfloat.a(lib_a-_LOG.o)
                              build/default/production/_ext/1303591613/7segSR.o (log)
c:/program files/microchip/xc32/v4.10/bin/bin/../../lib/gcc/pic32c/8.3.1/../../../../pic32c/lib/thumb/v6-m/nofp\libm-emfloat.a(lib_a-_ILOGB.o)
                              c:/program files/microchip/xc32/v4.10/bin/bin/../../lib/gcc/pic32c/8.3.1/../../../../pic32c/lib/thumb/v6-m/nofp\libm-emfloat.a(lib_a-_LOG.o) (ilogb)
c:/program files/microchip/xc32/v4.10/bin/bin/../../lib/gcc/pic32c/8.3.1/../../../../pic32c/lib/thumb/v6-m/nofp\libm-emfloat.a(lib_a-_LDEXP.o)
                              c:/program files/microchip/xc32/v4.10/bin/bin/../../lib/gcc/pic32c/8.3.1/../../../../pic32c/lib/thumb/v6-m/nofp\libm-emfloat.a(lib_a-_LOG.o) (ldexp)
c:/program files/microchip/xc32/v4.10/bin/bin/../../lib/gcc/pic32c/8.3.1/../../../../pic32c/lib/thumb/v6-m/nofp\libm-emfloat.a(floatasmops_arm.o)
                              c:/program files/microchip/xc32/v4.10/bin/bin/../../lib/gcc/pic32c/8.3.1/../../../../pic32c/lib/thumb/v6-m/nofp\libm-emfloat.a(lib_a-_LOG.o) (__aeabi_fadd)
c:/program files/microchip/xc32/v4.10/bin/bin/../../lib/gcc/pic32c/8.3.1/../../../../pic32c/lib/thumb/v6-m/nofp\libm-emfloat.a(lib_a-_FREXP.o)
                              c:/program files/microchip/xc32/v4.10/bin/bin/../../lib/gcc/pic32c/8.3.1/../../../../pic32c/lib/thumb/v6-m/nofp\libm-emfloat.a(lib_a-_LOG.o) (frexp)
c:/program files/microchip/xc32/v4.10/bin/bin/../../lib/gcc/pic32c/8.3.1/../../../../pic32c/lib/thumb/v6-m/nofp\libc-musl.a(__libc_start_main.o)
                              build/default/production/_ext/1171490990/startup_xc32.o (__libc_init_array)
c:/program files/microchip/xc32/v4.10/bin/bin/../../lib/gcc/pic32c/8.3.1/../../../../pic32c/lib/thumb/v6-m/nofp\libc-musl.a(__errno_location.o)
                              c:/program files/microchip/xc32/v4.10/bin/bin/../../lib/gcc/pic32c/8.3.1/../../../../pic32c/lib/thumb/v6-m/nofp\libm-emfloat.a(lib_a-_LOG.o) (__errno_val)
c:/program files/microchip/xc32/v4.10/bin/bin/../../lib/gcc/pic32c/8.3.1/../../../../pic32c/lib/thumb/v6-m/nofp\libc-musl.a(libc.o)
                              c:/program files/microchip/xc32/v4.10/bin/bin/../../lib/gcc/pic32c/8.3.1/../../../../pic32c/lib/thumb/v6-m/nofp\libc-musl.a(__libc_start_main.o) (__progname_full)
c:/program files/microchip/xc32/v4.10/bin/bin/../../lib/gcc/pic32c/8.3.1/../../../../pic32c/lib/thumb/v6-m/nofp\libc-musl.a(memcpy.o)
                              build/default/production/_ext/1593096446/plib_nvmctrl.o (memcpy)
c:/program files/microchip/xc32/v4.10/bin/bin/../../lib/gcc/pic32c/8.3.1/../../../../pic32c/lib/thumb/v6-m/nofp\libc-musl.a(__environ.o)
                              c:/program files/microchip/xc32/v4.10/bin/bin/../../lib/gcc/pic32c/8.3.1/../../../../pic32c/lib/thumb/v6-m/nofp\libc-musl.a(__libc_start_main.o) (__environ)

Microchip PIC32 Memory-Usage Report

ROM Program-Memory Usage
section                    address  length [bytes]      (dec)  Description
-------                 ----------  -------------------------  -----------
.vectors                         0           0xb0         176   
.text                         0xb0           0x20          32  App's exec code 
.text.SN74HC595N_WriteB       0xd0           0xbc         188   
.text.CLOCK_Initialize       0x18c           0x9c         156   
.text.__pic32c_data_ini      0x228           0x90         144   
.dinit                       0x2b8           0x70         112   
.text.updateDutyCycle        0x328           0x68         104   
.text.__libc_start_init      0x390           0x5c          92   
.text.main                   0x3ec           0x58          88   
.text                        0x444           0x48          72  App's exec code 
.text.Reset_Handler          0x48c           0x48          72   
.text.TC4_TimerInitiali      0x4d4           0x40          64   
.text.PORT_Initialize        0x514           0x3c          60   
.text.TCC0_PWMInitializ      0x550           0x3c          60   
.text.SYS_Initialize         0x58c           0x2c          44   
.text.SN74HC595N_Initia      0x5b8           0x2a          42   
.text.EVSYS_Initialize       0x5e2            0x2           2   
.text.NVIC_Initialize        0x5e4           0x28          40   
.text.TC4_TimerInterrup      0x60c           0x24          36   
.text.TCC0_PWMStart          0x630           0x1c          28   
.text.TCC0_PWMForceUpda      0x64c           0x1c          28   
.text.TC4_TimerStart         0x668           0x18          24   
[...]
Memory Configuration

Name             Origin             Length             Attributes
rom              0x00000000         0x00040000         xrl
ram              0x20000000         0x00008000         xw !r
config_00804000  0x00804000         0x00000004
config_00804004  0x00804004         0x00000004
*default*        0x00000000         0xffffffff

Linker script and memory map

LOAD c:/program files/microchip/xc32/v4.10/bin/bin/../../lib/gcc/pic32c/8.3.1/thumb/v6-m/nofp/crti.o
LOAD c:/program files/microchip/xc32/v4.10/bin/bin/../../lib/gcc/pic32c/8.3.1/thumb/v6-m/nofp/crtbegin.o
LOAD build/default/production/_ext/1984496892/plib_clock.o
LOAD build/default/production/_ext/1986646378/plib_evsys.o
LOAD build/default/production/_ext/1865468468/plib_nvic.o
LOAD build/default/production/_ext/1593096446/plib_nvmctrl.o
LOAD build/default/production/_ext/1865521619/plib_port.o
LOAD build/default/production/_ext/829342655/plib_tc4.o
LOAD build/default/production/_ext/60181570/plib_tcc0.o
LOAD build/default/production/_ext/1171490990/startup_xc32.o
LOAD build/default/production/_ext/163028504/xc32_monitor.o
LOAD build/default/production/_ext/1171490990/initialization.o
LOAD build/default/production/_ext/1171490990/interrupts.o
LOAD build/default/production/_ext/1171490990/exceptions.o
LOAD build/default/production/_ext/1171490990/libc_syscalls.o
LOAD build/default/production/_ext/1303591613/1602_LCD.o
LOAD build/default/production/_ext/1303591613/1602_LCD_HAL.o
LOAD build/default/production/_ext/1303591613/7segSR.o
LOAD build/default/production/_ext/1303591613/sn74hc595n.o
LOAD build/default/production/_ext/1303591613/ws2812b.o
LOAD build/default/production/_ext/1303591613/delay.o
LOAD build/default/production/_ext/1360937237/main.o
                0x00000001                __MPLAB_BUILD = 0x1
                0x00040000                __rom_end = (ORIGIN (rom) + LENGTH (rom))
                0x20008000                __ram_end = (ORIGIN (ram) + LENGTH (ram))

.config_00804000
 *(.config_00804000)

.config_00804004
 *(.config_00804004)

.vectors        0x00000000       0xb0
                0x00000000                . = ALIGN (0x4)
                0x00000000                _sfixed = .
 *(.vectors .vectors.* .vectors_default .vectors_default.*)
 .vectors.exception_table
                0x00000000       0xb0 build/default/production/_ext/1171490990/interrupts.o
                0x00000000                exception_table
 *(.isr_vector)
 *(.reset*)
 *(.after_vectors)

.text           0x000000b0       0x20
                0x000000b0                . = ALIGN (0x4)
 *(.glue_7t)
 .glue_7t       0x000000b0        0x0 linker stubs
 *(.glue_7)
 .glue_7        0x000000b0        0x0 linker stubs
 *(.gnu.linkonce.r.*)
 *(.ARM.extab* .gnu.linkonce.armextab.*)
                0x000000b0                . = ALIGN (0x4)
 *(.init)
 .init          0x000000b0        0x4 c:/program files/microchip/xc32/v4.10/bin/bin/../../lib/gcc/pic32c/8.3.1/thumb/v6-m/nofp/crti.o
                0x000000b0                _init
 .init          0x000000b4        0x8 c:/program files/microchip/xc32/v4.10/bin/bin/../../lib/gcc/pic32c/8.3.1/thumb/v6-m/nofp/crtn.o
                0x000000bc                . = ALIGN (0x4)
                0x000000bc                __preinit_array_start = .
 *(.preinit_array)
                0x000000bc                __preinit_array_end = .
                0x000000bc                . = ALIGN (0x4)
                0x000000bc                __init_array_start = .
 *(SORT_BY_NAME(.init_array.*))
 *(.init_array)
 .init_array    0x000000bc        0x4 c:/program files/microchip/xc32/v4.10/bin/bin/../../lib/gcc/pic32c/8.3.1/thumb/v6-m/nofp/crtbegin.o
                0x000000c0                __init_array_end = .
                0x000000c0                . = ALIGN (0x4)
 *crtbegin.o(.ctors)
 *(EXCLUDE_FILE(*crtend.o) .ctors)
 *(SORT_BY_NAME(.ctors.*))
 *crtend.o(.ctors)
                0x000000c0                . = ALIGN (0x4)
 *(.fini)
 .fini          0x000000c0        0x4 c:/program files/microchip/xc32/v4.10/bin/bin/../../lib/gcc/pic32c/8.3.1/thumb/v6-m/nofp/crti.o
                0x000000c0                _fini
 .fini          0x000000c4        0x8 c:/program files/microchip/xc32/v4.10/bin/bin/../../lib/gcc/pic32c/8.3.1/thumb/v6-m/nofp/crtn.o
                0x000000cc                . = ALIGN (0x4)
                0x000000cc                __fini_array_start = .
 *(.fini_array)
 .fini_array    0x000000cc        0x4 c:/program files/microchip/xc32/v4.10/bin/bin/../../lib/gcc/pic32c/8.3.1/thumb/v6-m/nofp/crtbegin.o
 *(SORT_BY_NAME(.fini_array.*))
                0x000000d0                __fini_array_end = .
 *crtbegin.o(.dtors)
 *(EXCLUDE_FILE(*crtend.o) .dtors)
 *(SORT_BY_NAME(.dtors.*))
 *crtend.o(.dtors)
                0x000000d0                . = ALIGN (0x4)
                0x000000d0                _efixed = .
                [!provide]                PROVIDE (__exidx_start = .)

.ARM.exidx
 *(.ARM.exidx* .gnu.linkonce.armexidx.*)
                [!provide]                PROVIDE (__exidx_end = .)
                0x000000d0                . = ALIGN (0x4)
                0x000000d0                _etext = .

.bss            0x20000000        0x0
                0x20000000                . = ALIGN (0x4)
                0x20000000                __bss_start__ = .
                0x20000000                _sbss = .
                0x20000000                _szero = .
 *(COMMON)
                0x20000000                . = ALIGN (0x4)
                0x20000000                __bss_end__ = .
                0x20000000                _ebss = .
                0x20000000                _ezero = .
                0x20000000                . = ALIGN (0x4)
                0x20000000                _end = .
                0x20007fff                _ram_end_ = ((ORIGIN (ram) + LENGTH (ram)) - 0x1)
                0x00000200                _min_heap_size = 0x200
START GROUP
LOAD c:/program files/microchip/xc32/v4.10/bin/bin/../../lib/gcc/pic32c/8.3.1/../../../../pic32c/lib/thumb/v6-m/nofp\libpic32c.a
LOAD c:/program files/microchip/xc32/v4.10/bin/bin/../../lib/gcc/pic32c/8.3.1/../../../../pic32c/lib/thumb/v6-m/nofp\libm-emfloat.a
LOAD c:/program files/microchip/xc32/v4.10/bin/bin/../../lib/gcc/pic32c/8.3.1/../../../../pic32c/lib/thumb/v6-m/nofp\libc-musl.a
LOAD c:/program files/microchip/xc32/v4.10/bin/bin/../../lib/gcc/pic32c/8.3.1/../../../../pic32c/lib/thumb/v6-m/nofp\libm-emfloat.a
LOAD c:/program files/microchip/xc32/v4.10/bin/bin/../../lib/gcc/pic32c/8.3.1/thumb/v6-m/nofp\libgcc.a
END GROUP
LOAD c:/program files/microchip/xc32/v4.10/bin/bin/../../lib/gcc/pic32c/8.3.1/thumb/v6-m/nofp/crtend.o
LOAD c:/program files/microchip/xc32/v4.10/bin/bin/../../lib/gcc/pic32c/8.3.1/thumb/v6-m/nofp/crtn.o
OUTPUT(dist/default/production/SAMD21Eval.X.production.elf elf32-littlearm)
LOAD stack
LOAD data_init

.ARM.attributes
                0x00000000       0x2a
 .ARM.attributes
                0x00000000       0x1e c:/program files/microchip/xc32/v4.10/bin/bin/../../lib/gcc/pic32c/8.3.1/thumb/v6-m/nofp/crti.o
 .ARM.attributes
                0x0000001e       0x2c c:/program files/microchip/xc32/v4.10/bin/bin/../../lib/gcc/pic32c/8.3.1/thumb/v6-m/nofp/crtbegin.o
 .ARM.attributes
                0x0000004a       0x2c build/default/production/_ext/1984496892/plib_clock.o
 .ARM.attributes
                0x00000076       0x2c build/default/production/_ext/1986646378/plib_evsys.o
 .ARM.attributes
                0x000000a2       0x2c build/default/production/_ext/1865468468/plib_nvic.o
 .ARM.attributes
                0x000000ce       0x2c build/default/production/_ext/1593096446/plib_nvmctrl.o
 .ARM.attributes
                0x000000fa       0x2c build/default/production/_ext/1865521619/plib_port.o
 .ARM.attributes
                0x00000126       0x2c build/default/production/_ext/829342655/plib_tc4.o
 .ARM.attributes
                0x00000152       0x2c build/default/production/_ext/60181570/plib_tcc0.o
 .ARM.attributes
                0x0000017e       0x2c build/default/production/_ext/1171490990/startup_xc32.o
 .ARM.attributes
                0x000001aa       0x2c build/default/production/_ext/1171490990/initialization.o
 .ARM.attributes
                0x000001d6       0x2c build/default/production/_ext/1171490990/interrupts.o
 .ARM.attributes
                0x00000202       0x2c build/default/production/_ext/1171490990/exceptions.o
 .ARM.attributes
                0x0000022e       0x2c build/default/production/_ext/1303591613/sn74hc595n.o
 .ARM.attributes
                0x0000025a       0x2c build/default/production/_ext/1360937237/main.o
 .ARM.attributes
                0x00000286       0x2c c:/program files/microchip/xc32/v4.10/bin/bin/../../lib/gcc/pic32c/8.3.1/../../../../pic32c/lib/thumb/v6-m/nofp\libpic32c.a(data_init.o)
 .ARM.attributes
                0x000002b2       0x2e c:/program files/microchip/xc32/v4.10/bin/bin/../../lib/gcc/pic32c/8.3.1/../../../../pic32c/lib/thumb/v6-m/nofp\libc-musl.a(__libc_start_main.o)
 .ARM.attributes
                0x000002e0       0x2e c:/program files/microchip/xc32/v4.10/bin/bin/../../lib/gcc/pic32c/8.3.1/../../../../pic32c/lib/thumb/v6-m/nofp\libc-musl.a(libc.o)
 .ARM.attributes
                0x0000030e       0x2e c:/program files/microchip/xc32/v4.10/bin/bin/../../lib/gcc/pic32c/8.3.1/../../../../pic32c/lib/thumb/v6-m/nofp\libc-musl.a(__environ.o)
 .ARM.attributes
                0x0000033c       0x1e c:/program files/microchip/xc32/v4.10/bin/bin/../../lib/gcc/pic32c/8.3.1/thumb/v6-m/nofp/crtn.o

.comment        0x00000000       0x2b
 .comment       0x00000000       0x2b c:/program files/microchip/xc32/v4.10/bin/bin/../../lib/gcc/pic32c/8.3.1/thumb/v6-m/nofp/crtbegin.o
                                 0x2c (size before relaxing)
 .comment       0x0000002b       0x2c build/default/production/_ext/1984496892/plib_clock.o
 .comment       0x0000002b       0x2c build/default/production/_ext/1986646378/plib_evsys.o
 .comment       0x0000002b       0x2c build/default/production/_ext/1865468468/plib_nvic.o
 .comment       0x0000002b       0x2c build/default/production/_ext/1593096446/plib_nvmctrl.o
 .comment       0x0000002b       0x2c build/default/production/_ext/1865521619/plib_port.o
 .comment       0x0000002b       0x2c build/default/production/_ext/829342655/plib_tc4.o
 .comment       0x0000002b       0x2c build/default/production/_ext/60181570/plib_tcc0.o
 .comment       0x0000002b       0x2c build/default/production/_ext/1171490990/startup_xc32.o
 .comment       0x0000002b       0x2c build/default/production/_ext/1171490990/initialization.o
 .comment       0x0000002b       0x2c build/default/production/_ext/1171490990/interrupts.o
 .comment       0x0000002b       0x2c build/default/production/_ext/1171490990/exceptions.o
 .comment       0x0000002b       0x2c build/default/production/_ext/1303591613/sn74hc595n.o
 .comment       0x0000002b       0x2c build/default/production/_ext/1360937237/main.o
 .comment       0x0000002b       0x2c c:/program files/microchip/xc32/v4.10/bin/bin/../../lib/gcc/pic32c/8.3.1/../../../../pic32c/lib/thumb/v6-m/nofp\libpic32c.a(data_init.o)
 .comment       0x0000002b       0x2c c:/program files/microchip/xc32/v4.10/bin/bin/../../lib/gcc/pic32c/8.3.1/../../../../pic32c/lib/thumb/v6-m/nofp\libc-musl.a(__libc_start_main.o)
 .comment       0x0000002b       0x2c c:/program files/microchip/xc32/v4.10/bin/bin/../../lib/gcc/pic32c/8.3.1/../../../../pic32c/lib/thumb/v6-m/nofp\libc-musl.a(libc.o)
 .comment       0x0000002b       0x2c c:/program files/microchip/xc32/v4.10/bin/bin/../../lib/gcc/pic32c/8.3.1/../../../../pic32c/lib/thumb/v6-m/nofp\libc-musl.a(__environ.o)

.debug_info     0x00000000     0x7fa5
 .debug_info    0x00000000      0xa0a build/default/production/_ext/1984496892/plib_clock.o
 .debug_info    0x00000a0a      0x2ef build/default/production/_ext/1986646378/plib_evsys.o
 .debug_info    0x00000cf9      0x9de build/default/production/_ext/1865468468/plib_nvic.o
 .debug_info    0x000016d7      0x881 build/default/production/_ext/1593096446/plib_nvmctrl.o
 .debug_info    0x00001f58      0xd31 build/default/production/_ext/1865521619/plib_port.o
 .debug_info    0x00002c89      0xbdc build/default/production/_ext/829342655/plib_tc4.o
 .debug_info    0x00003865      0x941 build/default/production/_ext/60181570/plib_tcc0.o
 .debug_info    0x000041a6      0x483 build/default/production/_ext/1171490990/startup_xc32.o
 .debug_info    0x00004629      0x5a1 build/default/production/_ext/1171490990/initialization.o
 .debug_info    0x00004bca      0x83a build/default/production/_ext/1171490990/interrupts.o
 .debug_info    0x00005404      0x30a build/default/production/_ext/1171490990/exceptions.o
 .debug_info    0x0000570e      0xa33 build/default/production/_ext/1303591613/sn74hc595n.o
 .debug_info    0x00006141      0xdcb build/default/production/_ext/1360937237/main.o
 .debug_info    0x00006f0c      0x2a4 c:/program files/microchip/xc32/v4.10/bin/bin/../../lib/gcc/pic32c/8.3.1/../../../../pic32c/lib/thumb/v6-m/nofp\libpic32c.a(data_init.o)
 .debug_info    0x000071b0      0x61d c:/program files/microchip/xc32/v4.10/bin/bin/../../lib/gcc/pic32c/8.3.1/../../../../pic32c/lib/thumb/v6-m/nofp\libc-musl.a(__libc_start_main.o)
 .debug_info    0x000077cd      0x52f c:/program files/microchip/xc32/v4.10/bin/bin/../../lib/gcc/pic32c/8.3.1/../../../../pic32c/lib/thumb/v6-m/nofp\libc-musl.a(libc.o)
 .debug_info    0x00007cfc      0x2a9 c:/program files/microchip/xc32/v4.10/bin/bin/../../lib/gcc/pic32c/8.3.1/../../../../pic32c/lib/thumb/v6-m/nofp\libc-musl.a(__environ.o)

.debug_abbrev   0x00000000     0x12dd
 .debug_abbrev  0x00000000      0x13e build/default/production/_ext/1984496892/plib_clock.o
 .debug_abbrev  0x0000013e       0x3b build/default/production/_ext/1986646378/plib_evsys.o
 .debug_abbrev  0x00000179      0x1e1 build/default/production/_ext/1865468468/plib_nvic.o
 .debug_abbrev  0x0000035a      0x1b1 build/default/production/_ext/1593096446/plib_nvmctrl.o
 .debug_abbrev  0x0000050b      0x1d6 build/default/production/_ext/1865521619/plib_port.o
 .debug_abbrev  0x000006e1      0x1e8 build/default/production/_ext/829342655/plib_tc4.o
 .debug_abbrev  0x000008c9      0x117 build/default/production/_ext/60181570/plib_tcc0.o
 .debug_abbrev  0x000009e0      0x110 build/default/production/_ext/1171490990/startup_xc32.o
 .debug_abbrev  0x00000af0       0xe9 build/default/production/_ext/1171490990/initialization.o
 .debug_abbrev  0x00000bd9       0xb5 build/default/production/_ext/1171490990/interrupts.o
 .debug_abbrev  0x00000c8e       0x3e build/default/production/_ext/1171490990/exceptions.o
 .debug_abbrev  0x00000ccc      0x1d3 build/default/production/_ext/1303591613/sn74hc595n.o
 .debug_abbrev  0x00000e9f      0x1ea build/default/production/_ext/1360937237/main.o
 .debug_abbrev  0x00001089       0x2e c:/program files/microchip/xc32/v4.10/bin/bin/../../lib/gcc/pic32c/8.3.1/../../../../pic32c/lib/thumb/v6-m/nofp\libpic32c.a(data_init.o)
 .debug_abbrev  0x000010b7      0x117 c:/program files/microchip/xc32/v4.10/bin/bin/../../lib/gcc/pic32c/8.3.1/../../../../pic32c/lib/thumb/v6-m/nofp\libc-musl.a(__libc_start_main.o)
 .debug_abbrev  0x000011ce       0xb8 c:/program files/microchip/xc32/v4.10/bin/bin/../../lib/gcc/pic32c/8.3.1/../../../../pic32c/lib/thumb/v6-m/nofp\libc-musl.a(libc.o)
 .debug_abbrev  0x00001286       0x57 c:/program files/microchip/xc32/v4.10/bin/bin/../../lib/gcc/pic32c/8.3.1/../../../../pic32c/lib/thumb/v6-m/nofp\libc-musl.a(__environ.o)

.debug_loc      0x00000000      0xd4d
 .debug_loc     0x00000000       0x8e build/default/production/_ext/1984496892/plib_clock.o
 .debug_loc     0x0000008e       0x70 build/default/production/_ext/1865468468/plib_nvic.o
 .debug_loc     0x000000fe      0x2f9 build/default/production/_ext/1593096446/plib_nvmctrl.o
 .debug_loc     0x000003f7      0x226 build/default/production/_ext/1865521619/plib_port.o
 .debug_loc     0x0000061d       0x5f build/default/production/_ext/829342655/plib_tc4.o
 .debug_loc     0x0000067c      0x155 build/default/production/_ext/60181570/plib_tcc0.o
 .debug_loc     0x000007d1       0x20 build/default/production/_ext/1171490990/startup_xc32.o
 .debug_loc     0x000007f1       0x45 build/default/production/_ext/1171490990/initialization.o
 .debug_loc     0x00000836      0x37f build/default/production/_ext/1303591613/sn74hc595n.o
 .debug_loc     0x00000bb5      0x126 build/default/production/_ext/1360937237/main.o
 .debug_loc     0x00000cdb       0x14 c:/program files/microchip/xc32/v4.10/bin/bin/../../lib/gcc/pic32c/8.3.1/../../../../pic32c/lib/thumb/v6-m/nofp\libpic32c.a(data_init.o)
 .debug_loc     0x00000cef       0x5e c:/program files/microchip/xc32/v4.10/bin/bin/../../lib/gcc/pic32c/8.3.1/../../../../pic32c/lib/thumb/v6-m/nofp\libc-musl.a(__libc_start_main.o)

.debug_aranges  0x00000000      0x3a0
 .debug_aranges
                0x00000000       0x20 build/default/production/_ext/1984496892/plib_clock.o
 .debug_aranges
                0x00000020       0x20 build/default/production/_ext/1986646378/plib_evsys.o
 .debug_aranges
                0x00000040       0x38 build/default/production/_ext/1865468468/plib_nvic.o
 .debug_aranges
                0x00000078       0x70 build/default/production/_ext/1593096446/plib_nvmctrl.o
 .debug_aranges
                0x000000e8       0x70 build/default/production/_ext/1865521619/plib_port.o
 .debug_aranges
                0x00000158       0x70 build/default/production/_ext/829342655/plib_tc4.o
 .debug_aranges
                0x000001c8       0x78 build/default/production/_ext/60181570/plib_tcc0.o
 .debug_aranges
                0x00000240       0x28 build/default/production/_ext/1171490990/startup_xc32.o
 .debug_aranges
                0x00000268       0x20 build/default/production/_ext/1171490990/initialization.o
 .debug_aranges
                0x00000288       0x20 build/default/production/_ext/1171490990/interrupts.o
 .debug_aranges
                0x000002a8       0x28 build/default/production/_ext/1171490990/exceptions.o
 .debug_aranges
                0x000002d0       0x30 build/default/production/_ext/1303591613/sn74hc595n.o
 .debug_aranges
                0x00000300       0x28 build/default/production/_ext/1360937237/main.o
 .debug_aranges
                0x00000328       0x20 c:/program files/microchip/xc32/v4.10/bin/bin/../../lib/gcc/pic32c/8.3.1/../../../../pic32c/lib/thumb/v6-m/nofp\libpic32c.a(data_init.o)
 .debug_aranges
                0x00000348       0x28 c:/program files/microchip/xc32/v4.10/bin/bin/../../lib/gcc/pic32c/8.3.1/../../../../pic32c/lib/thumb/v6-m/nofp\libc-musl.a(__libc_start_main.o)
 .debug_aranges
                0x00000370       0x18 c:/program files/microchip/xc32/v4.10/bin/bin/../../lib/gcc/pic32c/8.3.1/../../../../pic32c/lib/thumb/v6-m/nofp\libc-musl.a(libc.o)
 .debug_aranges
                0x00000388       0x18 c:/program files/microchip/xc32/v4.10/bin/bin/../../lib/gcc/pic32c/8.3.1/../../../../pic32c/lib/thumb/v6-m/nofp\libc-musl.a(__environ.o)

.debug_ranges   0x00000000      0x2c8
 .debug_ranges  0x00000000       0x28 build/default/production/_ext/1984496892/plib_clock.o
 .debug_ranges  0x00000028       0x10 build/default/production/_ext/1986646378/plib_evsys.o
 .debug_ranges  0x00000038       0x28 build/default/production/_ext/1865468468/plib_nvic.o
 .debug_ranges  0x00000060       0x60 build/default/production/_ext/1593096446/plib_nvmctrl.o
 .debug_ranges  0x000000c0       0x60 build/default/production/_ext/1865521619/plib_port.o
 .debug_ranges  0x00000120       0x60 build/default/production/_ext/829342655/plib_tc4.o
 .debug_ranges  0x00000180       0x68 build/default/production/_ext/60181570/plib_tcc0.o
 .debug_ranges  0x000001e8       0x18 build/default/production/_ext/1171490990/startup_xc32.o
 .debug_ranges  0x00000200       0x10 build/default/production/_ext/1171490990/initialization.o
 .debug_ranges  0x00000210       0x10 build/default/production/_ext/1171490990/interrupts.o
 .debug_ranges  0x00000220       0x18 build/default/production/_ext/1171490990/exceptions.o
 .debug_ranges  0x00000238       0x38 build/default/production/_ext/1303591613/sn74hc595n.o
 .debug_ranges  0x00000270       0x18 build/default/production/_ext/1360937237/main.o
 .debug_ranges  0x00000288       0x10 c:/program files/microchip/xc32/v4.10/bin/bin/../../lib/gcc/pic32c/8.3.1/../../../../pic32c/lib/thumb/v6-m/nofp\libpic32c.a(data_init.o)
 .debug_ranges  0x00000298       0x30 c:/program files/microchip/xc32/v4.10/bin/bin/../../lib/gcc/pic32c/8.3.1/../../../../pic32c/lib/thumb/v6-m/nofp\libc-musl.a(__libc_start_main.o)

.debug_line     0x00000000     0x1fb6
 .debug_line    0x00000000      0x1e4 build/default/production/_ext/1984496892/plib_clock.o
 .debug_line    0x000001e4       0x66 build/default/production/_ext/1986646378/plib_evsys.o
 .debug_line    0x0000024a      0x29d build/default/production/_ext/1865468468/plib_nvic.o
 .debug_line    0x000004e7      0x2ea build/default/production/_ext/1593096446/plib_nvmctrl.o
 .debug_line    0x000007d1      0x2ba build/default/production/_ext/1865521619/plib_port.o
 .debug_line    0x00000a8b      0x30b build/default/production/_ext/829342655/plib_tc4.o
 .debug_line    0x00000d96      0x35e build/default/production/_ext/60181570/plib_tcc0.o
 .debug_line    0x000010f4      0x159 build/default/production/_ext/1171490990/startup_xc32.o
 .debug_line    0x0000124d      0x26c build/default/production/_ext/1171490990/initialization.o
 .debug_line    0x000014b9       0xba build/default/production/_ext/1171490990/interrupts.o
 .debug_line    0x00001573       0x6e build/default/production/_ext/1171490990/exceptions.o
 .debug_line    0x000015e1      0x267 build/default/production/_ext/1303591613/sn74hc595n.o
 .debug_line    0x00001848      0x29c build/default/production/_ext/1360937237/main.o
 .debug_line    0x00001ae4      0x134 c:/program files/microchip/xc32/v4.10/bin/bin/../../lib/gcc/pic32c/8.3.1/../../../../pic32c/lib/thumb/v6-m/nofp\libpic32c.a(data_init.o)
 .debug_line    0x00001c18      0x1d0 c:/program files/microchip/xc32/v4.10/bin/bin/../../lib/gcc/pic32c/8.3.1/../../../../pic32c/lib/thumb/v6-m/nofp\libc-musl.a(__libc_start_main.o)
 .debug_line    0x00001de8       0xbf c:/program files/microchip/xc32/v4.10/bin/bin/../../lib/gcc/pic32c/8.3.1/../../../../pic32c/lib/thumb/v6-m/nofp\libc-musl.a(libc.o)
 .debug_line    0x00001ea7      0x10f c:/program files/microchip/xc32/v4.10/bin/bin/../../lib/gcc/pic32c/8.3.1/../../../../pic32c/lib/thumb/v6-m/nofp\libc-musl.a(__environ.o)

.debug_str      0x00000000      0x238
 .debug_str     0x00000000       0x28 build/default/production/_ext/1984496892/plib_clock.o
 .debug_str     0x00000028        0x0 build/default/production/_ext/1986646378/plib_evsys.o
 .debug_str     0x00000028        0xa build/default/production/_ext/1865468468/plib_nvic.o
 .debug_str     0x00000032       0x11 build/default/production/_ext/1593096446/plib_nvmctrl.o
 .debug_str     0x00000043        0xb build/default/production/_ext/1865521619/plib_port.o
 .debug_str     0x0000004e       0xa7 build/default/production/_ext/829342655/plib_tc4.o
 .debug_str     0x000000f5        0x0 build/default/production/_ext/60181570/plib_tcc0.o
 .debug_str     0x000000f5       0x2f build/default/production/_ext/1171490990/startup_xc32.o
 .debug_str     0x00000124       0x7c build/default/production/_ext/1171490990/initialization.o
 .debug_str     0x000001a0        0x0 build/default/production/_ext/1171490990/interrupts.o
 .debug_str     0x000001a0        0x0 build/default/production/_ext/1171490990/exceptions.o
 .debug_str     0x000001a0       0x10 build/default/production/_ext/1303591613/sn74hc595n.o
 .debug_str     0x000001b0       0x88 build/default/production/_ext/1360937237/main.o
 .debug_str     0x00000238        0x0 c:/program files/microchip/xc32/v4.10/bin/bin/../../lib/gcc/pic32c/8.3.1/../../../../pic32c/lib/thumb/v6-m/nofp\libpic32c.a(data_init.o)
 .debug_str     0x00000238        0x0 c:/program files/microchip/xc32/v4.10/bin/bin/../../lib/gcc/pic32c/8.3.1/../../../../pic32c/lib/thumb/v6-m/nofp\libc-musl.a(__libc_start_main.o)
 .debug_str     0x00000238        0x0 c:/program files/microchip/xc32/v4.10/bin/bin/../../lib/gcc/pic32c/8.3.1/../../../../pic32c/lib/thumb/v6-m/nofp\libc-musl.a(libc.o)
 .debug_str     0x00000238        0x0 c:/program files/microchip/xc32/v4.10/bin/bin/../../lib/gcc/pic32c/8.3.1/../../../../pic32c/lib/thumb/v6-m/nofp\libc-musl.a(__environ.o)

.debug_frame    0x00000000      0x584
 .debug_frame   0x00000000       0x20 build/default/production/_ext/1984496892/plib_clock.o
 .debug_frame   0x00000020       0x20 build/default/production/_ext/1986646378/plib_evsys.o
 .debug_frame   0x00000040       0x50 build/default/production/_ext/1865468468/plib_nvic.o
 .debug_frame   0x00000090       0xd4 build/default/production/_ext/1593096446/plib_nvmctrl.o
 .debug_frame   0x00000164       0xcc build/default/production/_ext/1865521619/plib_port.o
 .debug_frame   0x00000230       0xc8 build/default/production/_ext/829342655/plib_tc4.o
 .debug_frame   0x000002f8       0xd0 build/default/production/_ext/60181570/plib_tcc0.o
 .debug_frame   0x000003c8       0x38 build/default/production/_ext/1171490990/startup_xc32.o
 .debug_frame   0x00000400       0x28 build/default/production/_ext/1171490990/initialization.o
 .debug_frame   0x00000428       0x20 build/default/production/_ext/1171490990/interrupts.o
 .debug_frame   0x00000448       0x30 build/default/production/_ext/1171490990/exceptions.o
 .debug_frame   0x00000478       0x60 build/default/production/_ext/1303591613/sn74hc595n.o
 .debug_frame   0x000004d8       0x40 build/default/production/_ext/1360937237/main.o
 .debug_frame   0x00000518       0x34 c:/program files/microchip/xc32/v4.10/bin/bin/../../lib/gcc/pic32c/8.3.1/../../../../pic32c/lib/thumb/v6-m/nofp\libpic32c.a(data_init.o)
 .debug_frame   0x0000054c       0x38 c:/program files/microchip/xc32/v4.10/bin/bin/../../lib/gcc/pic32c/8.3.1/../../../../pic32c/lib/thumb/v6-m/nofp\libc-musl.a(__libc_start_main.o)

.note.GNU-stack
                0x00000000        0x0
 .note.GNU-stack
                0x00000000        0x0 c:/program files/microchip/xc32/v4.10/bin/bin/../../lib/gcc/pic32c/8.3.1/../../../../pic32c/lib/thumb/v6-m/nofp\libc-musl.a(__libc_start_main.o)
 .note.GNU-stack
                0x00000000        0x0 c:/program files/microchip/xc32/v4.10/bin/bin/../../lib/gcc/pic32c/8.3.1/../../../../pic32c/lib/thumb/v6-m/nofp\libc-musl.a(libc.o)
 .note.GNU-stack
                0x00000000        0x0 c:/program files/microchip/xc32/v4.10/bin/bin/../../lib/gcc/pic32c/8.3.1/../../../../pic32c/lib/thumb/v6-m/nofp\libc-musl.a(__environ.o)

.stack          0x200002a8      0x100
 .stack         0x200002a8      0x100 stack

.bss%1          0x20000000       0x6c
 .bss           0x20000000       0x50 c:/program files/microchip/xc32/v4.10/bin/bin/../../lib/gcc/pic32c/8.3.1/../../../../pic32c/lib/thumb/v6-m/nofp\libc-musl.a(libc.o)
                0x20000000                __progname_full
                0x20000000                program_invocation_name
                0x20000004                program_invocation_short_name
                0x20000004                __progname
                0x20000008                __sysinfo
                0x2000000c                __hwcap
                0x20000010                __libc
 .bss           0x20000050       0x1c c:/program files/microchip/xc32/v4.10/bin/bin/../../lib/gcc/pic32c/8.3.1/thumb/v6-m/nofp/crtbegin.o

.bss.TC4_CallbackObject%3
                0x2000006c        0x8
 .bss.TC4_CallbackObject
                0x2000006c        0x8 build/default/production/_ext/829342655/plib_tc4.o
                0x2000006c                TC4_CallbackObject

.bss.tsr%4      0x20000074        0x6
 .bss.tsr       0x20000074        0x6 build/default/production/_ext/1360937237/main.o

.bss.dutyCycle%5
                0x2000007c        0x4
 .bss.dutyCycle
                0x2000007c        0x4 build/default/production/_ext/1360937237/main.o

.bss%6          0x20000080        0x8
 .bss           0x20000080        0x4 c:/program files/microchip/xc32/v4.10/bin/bin/../../lib/gcc/pic32c/8.3.1/../../../../pic32c/lib/thumb/v6-m/nofp\libpic32c.a(data_init.o)
 .bss           0x20000084        0x4 c:/program files/microchip/xc32/v4.10/bin/bin/../../lib/gcc/pic32c/8.3.1/../../../../pic32c/lib/thumb/v6-m/nofp\libc-musl.a(__environ.o)
                0x20000084                __environ
                0x20000084                environ
                0x20000084                ___environ
                0x20000084                _environ

.data.isUp%8    0x2000007a        0x1
 .data.isUp     0x2000007a        0x1 build/default/production/_ext/1360937237/main.o

.eh_frame%z1    0x00000000        0x0
 .eh_frame      0x00000000        0x0 c:/program files/microchip/xc32/v4.10/bin/bin/../../lib/gcc/pic32c/8.3.1/thumb/v6-m/nofp/crtbegin.o

.config_00804000.__config_00804000%9
                0x00804000        0x4
 .config_00804000.__config_00804000
                0x00804000        0x4 build/default/production/_ext/1171490990/initialization.o
                0x00804000                __config_00804000

.config_00804004.__config_00804004%10
                0x00804004        0x4
 .config_00804004.__config_00804004
                0x00804004        0x4 build/default/production/_ext/1171490990/initialization.o
                0x00804004                __config_00804004

.text.SN74HC595N_WriteByteMSB%11
                0x000000d0       0xbc
 .text.SN74HC595N_WriteByteMSB
                0x000000d0       0xbc build/default/production/_ext/1303591613/sn74hc595n.o
                0x000000d0                SN74HC595N_WriteByteMSB

.text.CLOCK_Initialize%12
                0x0000018c       0x9c
 .text.CLOCK_Initialize
                0x0000018c       0x9c build/default/production/_ext/1984496892/plib_clock.o
                0x0000018c                CLOCK_Initialize

.text.__pic32c_data_initialization%13
                0x00000228       0x90
 .text.__pic32c_data_initialization
                0x00000228       0x90 c:/program files/microchip/xc32/v4.10/bin/bin/../../lib/gcc/pic32c/8.3.1/../../../../pic32c/lib/thumb/v6-m/nofp\libpic32c.a(data_init.o)
                0x00000228                __pic32c_data_initialization

.dinit%14       0x000002b8       0x70
 .dinit         0x000002b8       0x70 data_init

.text.updateDutyCycle%15
                0x00000328       0x68
 .text.updateDutyCycle
                0x00000328       0x68 build/default/production/_ext/1360937237/main.o

.text.__libc_start_init%16
                0x00000390       0x5c
 .text.__libc_start_init
                0x00000390       0x5c c:/program files/microchip/xc32/v4.10/bin/bin/../../lib/gcc/pic32c/8.3.1/../../../../pic32c/lib/thumb/v6-m/nofp\libc-musl.a(__libc_start_main.o)
                0x00000390                __libc_init_array

.text.main%17   0x000003ec       0x58
 .text.main     0x000003ec       0x58 build/default/production/_ext/1360937237/main.o
                0x000003ec                main

.text%18        0x00000444       0x48
 .text          0x00000444       0x48 c:/program files/microchip/xc32/v4.10/bin/bin/../../lib/gcc/pic32c/8.3.1/thumb/v6-m/nofp/crtbegin.o

.text.Reset_Handler%19
                0x0000048c       0x48
 .text.Reset_Handler
                0x0000048c       0x48 build/default/production/_ext/1171490990/startup_xc32.o
                0x0000048c                Reset_Handler

.text.TC4_TimerInitialize%20
                0x000004d4       0x40
 .text.TC4_TimerInitialize
                0x000004d4       0x40 build/default/production/_ext/829342655/plib_tc4.o
                0x000004d4                TC4_TimerInitialize

.text.PORT_Initialize%21
                0x00000514       0x3c
 .text.PORT_Initialize
                0x00000514       0x3c build/default/production/_ext/1865521619/plib_port.o
                0x00000514                PORT_Initialize

.text.TCC0_PWMInitialize%22
                0x00000550       0x3c
 .text.TCC0_PWMInitialize
                0x00000550       0x3c build/default/production/_ext/60181570/plib_tcc0.o
                0x00000550                TCC0_PWMInitialize

.text.SYS_Initialize%23
                0x0000058c       0x2c
 .text.SYS_Initialize
                0x0000058c       0x2c build/default/production/_ext/1171490990/initialization.o
                0x0000058c                SYS_Initialize

.text.SN74HC595N_Initialize%24
                0x000005b8       0x2a
 .text.SN74HC595N_Initialize
                0x000005b8       0x2a build/default/production/_ext/1303591613/sn74hc595n.o
                0x000005b8                SN74HC595N_Initialize

.text.NVIC_Initialize%25
                0x000005e4       0x28
 .text.NVIC_Initialize
                0x000005e4       0x28 build/default/production/_ext/1865468468/plib_nvic.o
                0x000005e4                NVIC_Initialize

.text.TC4_TimerInterruptHandler%26
                0x0000060c       0x24
 .text.TC4_TimerInterruptHandler
                0x0000060c       0x24 build/default/production/_ext/829342655/plib_tc4.o
                0x0000060c                TC4_TimerInterruptHandler

.text.TCC0_PWMStart%27
                0x00000630       0x1c
 .text.TCC0_PWMStart
                0x00000630       0x1c build/default/production/_ext/60181570/plib_tcc0.o
                0x00000630                TCC0_PWMStart

.text.TCC0_PWMForceUpdate%28
                0x0000064c       0x1c
 .text.TCC0_PWMForceUpdate
                0x0000064c       0x1c build/default/production/_ext/60181570/plib_tcc0.o
                0x0000064c                TCC0_PWMForceUpdate

.text.TC4_TimerStart%29
                0x00000668       0x18
 .text.TC4_TimerStart
                0x00000668       0x18 build/default/production/_ext/829342655/plib_tc4.o
                0x00000668                TC4_TimerStart

.text.NVMCTRL_Initialize%30
                0x00000680        0xc
 .text.NVMCTRL_Initialize
                0x00000680        0xc build/default/production/_ext/1593096446/plib_nvmctrl.o
                0x00000680                NVMCTRL_Initialize

.text.PORT_GroupWrite%31
                0x0000068c        0xc
 .text.PORT_GroupWrite
                0x0000068c        0xc build/default/production/_ext/1865521619/plib_port.o
                0x0000068c                PORT_GroupWrite

.text.TC4_TimerCallbackRegister%32
                0x00000698        0xc
 .text.TC4_TimerCallbackRegister
                0x00000698        0xc build/default/production/_ext/829342655/plib_tc4.o
                0x00000698                TC4_TimerCallbackRegister

.text.EVSYS_Initialize%33
                0x000005e2        0x2
 .text.EVSYS_Initialize
                0x000005e2        0x2 build/default/production/_ext/1986646378/plib_evsys.o
                0x000005e2                EVSYS_Initialize

.text.Dummy_App_Func%34
                0x000006a4        0x2
 .text.Dummy_App_Func
                0x000006a4        0x2 build/default/production/_ext/1171490990/startup_xc32.o
                0x000006a4                _on_reset
                0x000006a4                _on_bootstrap
                0x000006a4                __xc32_on_reset
                0x000006a4                Dummy_App_Func
                0x000006a4                __xc32_on_bootstrap

.text.Dummy_Handler%35
                0x000006a6        0x2
 .text.Dummy_Handler
                0x000006a6        0x2 build/default/production/_ext/1171490990/interrupts.o
                0x000006a6                SVCall_Handler
                0x000006a6                DMAC_Handler
                0x000006a6                AC_Handler
                0x000006a6                SysTick_Handler
                0x000006a6                PendSV_Handler
                0x000006a6                TC7_Handler
                0x000006a6                SERCOM1_Handler
                0x000006a6                ADC_Handler
                0x000006a6                TCC1_Handler
                0x000006a6                SERCOM2_Handler
                0x000006a6                TCC0_Handler
                0x000006a6                RTC_Handler
                0x000006a6                EIC_Handler
                0x000006a6                TC6_Handler
                0x000006a6                WDT_Handler
                0x000006a6                USB_Handler
                0x000006a6                TC3_Handler
                0x000006a6                Dummy_Handler
                0x000006a6                PM_Handler
                0x000006a6                SERCOM5_Handler
                0x000006a6                TCC2_Handler
                0x000006a6                EVSYS_Handler
                0x000006a6                SERCOM3_Handler
                0x000006a6                SERCOM4_Handler
                0x000006a6                I2S_Handler
                0x000006a6                NVMCTRL_Handler
                0x000006a6                SERCOM0_Handler
                0x000006a6                DAC_Handler
                0x000006a6                PTC_Handler
                0x000006a6                TC5_Handler
                0x000006a6                SYSCTRL_Handler

.text.NonMaskableInt_Handler%36
                0x000006a8        0x2
 .text.NonMaskableInt_Handler
                0x000006a8        0x2 build/default/production/_ext/1171490990/exceptions.o
                0x000006a8                NonMaskableInt_Handler

.text.HardFault_Handler%37
                0x000006aa        0x2
 .text.HardFault_Handler
                0x000006aa        0x2 build/default/production/_ext/1171490990/exceptions.o
                0x000006aa                HardFault_Handler

.text.__dummy%38
                0x000006ac        0x2
 .text.__dummy  0x000006ac        0x2 c:/program files/microchip/xc32/v4.10/bin/bin/../../lib/gcc/pic32c/8.3.1/../../../../pic32c/lib/thumb/v6-m/nofp\libc-musl.a(__libc_start_main.o)
                0x000006ac                __init_stdio
                0x000006ac                __init_host
