Archive member included to satisfy reference by file (symbol)

c:/program files/microchip/xc32/v2.50/bin/bin/../../lib/gcc/pic32c/6.2.1/../../../../pic32c/lib\libpic32c.a(data_init.o)
                              build/default/production/_ext/1171490990/startup_xc32.o (__pic32c_data_initialization)
c:/program files/microchip/xc32/v2.50/bin/bin/../../lib/gcc/pic32c/6.2.1\libgcc.a(_fixunsdfsi.o)
                              build/default/production/_ext/1303591613/7segSR.o (__aeabi_d2uiz)
c:/program files/microchip/xc32/v2.50/bin/bin/../../lib/gcc/pic32c/6.2.1\libgcc.a(adddf3.o)
                              build/default/production/_ext/1303591613/7segSR.o (__aeabi_dadd)
c:/program files/microchip/xc32/v2.50/bin/bin/../../lib/gcc/pic32c/6.2.1\libgcc.a(subdf3.o)
                              c:/program files/microchip/xc32/v2.50/bin/bin/../../lib/gcc/pic32c/6.2.1\libgcc.a(_fixunsdfsi.o) (__aeabi_dsub)
c:/program files/microchip/xc32/v2.50/bin/bin/../../lib/gcc/pic32c/6.2.1\libgcc.a(fixdfsi.o)
                              c:/program files/microchip/xc32/v2.50/bin/bin/../../lib/gcc/pic32c/6.2.1\libgcc.a(_fixunsdfsi.o) (__aeabi_d2iz)
c:/program files/microchip/xc32/v2.50/bin/bin/../../lib/gcc/pic32c/6.2.1\libgcc.a(floatunsidf.o)
                              build/default/production/_ext/1303591613/7segSR.o (__aeabi_ui2d)
c:/program files/microchip/xc32/v2.50/bin/bin/../../lib/gcc/pic32c/6.2.1\libgcc.a(_arm_cmpdf2.o)
                              c:/program files/microchip/xc32/v2.50/bin/bin/../../lib/gcc/pic32c/6.2.1\libgcc.a(_fixunsdfsi.o) (__aeabi_dcmpge)
c:/program files/microchip/xc32/v2.50/bin/bin/../../lib/gcc/pic32c/6.2.1\libgcc.a(_clzsi2.o)
                              c:/program files/microchip/xc32/v2.50/bin/bin/../../lib/gcc/pic32c/6.2.1\libgcc.a(adddf3.o) (__clzsi2)
c:/program files/microchip/xc32/v2.50/bin/bin/../../lib/gcc/pic32c/6.2.1\libgcc.a(eqdf2.o)
                              c:/program files/microchip/xc32/v2.50/bin/bin/../../lib/gcc/pic32c/6.2.1\libgcc.a(_arm_cmpdf2.o) (__eqdf2)
c:/program files/microchip/xc32/v2.50/bin/bin/../../lib/gcc/pic32c/6.2.1\libgcc.a(gedf2.o)
                              c:/program files/microchip/xc32/v2.50/bin/bin/../../lib/gcc/pic32c/6.2.1\libgcc.a(_arm_cmpdf2.o) (__gedf2)
c:/program files/microchip/xc32/v2.50/bin/bin/../../lib/gcc/pic32c/6.2.1\libgcc.a(ledf2.o)
                              c:/program files/microchip/xc32/v2.50/bin/bin/../../lib/gcc/pic32c/6.2.1\libgcc.a(_arm_cmpdf2.o) (__ledf2)
c:/program files/microchip/xc32/v2.50/bin/bin/../../lib/gcc/pic32c/6.2.1/../../../../pic32c/lib\libm_nano.a(lib_a-w_log.o)
                              build/default/production/_ext/1303591613/7segSR.o (log)
c:/program files/microchip/xc32/v2.50/bin/bin/../../lib/gcc/pic32c/6.2.1/../../../../pic32c/lib\libm_nano.a(lib_a-e_log.o)
                              c:/program files/microchip/xc32/v2.50/bin/bin/../../lib/gcc/pic32c/6.2.1/../../../../pic32c/lib\libm_nano.a(lib_a-w_log.o) (__ieee754_log)
c:/program files/microchip/xc32/v2.50/bin/bin/../../lib/gcc/pic32c/6.2.1/../../../../pic32c/lib\libm_nano.a(lib_a-s_lib_ver.o)
                              c:/program files/microchip/xc32/v2.50/bin/bin/../../lib/gcc/pic32c/6.2.1/../../../../pic32c/lib\libm_nano.a(lib_a-w_log.o) (__fdlib_version)
c:/program files/microchip/xc32/v2.50/bin/bin/../../lib/gcc/pic32c/6.2.1/../../../../pic32c/lib\libm_nano.a(lib_a-s_matherr.o)
                              c:/program files/microchip/xc32/v2.50/bin/bin/../../lib/gcc/pic32c/6.2.1/../../../../pic32c/lib\libm_nano.a(lib_a-w_log.o) (matherr)
c:/program files/microchip/xc32/v2.50/bin/bin/../../lib/gcc/pic32c/6.2.1/../../../../pic32c/lib\libm_nano.a(lib_a-s_nan.o)
                              c:/program files/microchip/xc32/v2.50/bin/bin/../../lib/gcc/pic32c/6.2.1/../../../../pic32c/lib\libm_nano.a(lib_a-w_log.o) (nan)
c:/program files/microchip/xc32/v2.50/bin/bin/../../lib/gcc/pic32c/6.2.1/../../../../pic32c/lib\libc_nano.a(lib_a-errno.o)
                              c:/program files/microchip/xc32/v2.50/bin/bin/../../lib/gcc/pic32c/6.2.1/../../../../pic32c/lib\libm_nano.a(lib_a-w_log.o) (__errno)
c:/program files/microchip/xc32/v2.50/bin/bin/../../lib/gcc/pic32c/6.2.1/../../../../pic32c/lib\libc_nano.a(lib_a-impure.o)
                              c:/program files/microchip/xc32/v2.50/bin/bin/../../lib/gcc/pic32c/6.2.1/../../../../pic32c/lib\libc_nano.a(lib_a-errno.o) (_impure_ptr)
c:/program files/microchip/xc32/v2.50/bin/bin/../../lib/gcc/pic32c/6.2.1/../../../../pic32c/lib\libc_nano.a(lib_a-init.o)
                              build/default/production/_ext/1171490990/startup_xc32.o (__libc_init_array)
c:/program files/microchip/xc32/v2.50/bin/bin/../../lib/gcc/pic32c/6.2.1/../../../../pic32c/lib\libc_nano.a(lib_a-memcpy-stub.o)
                              build/default/production/_ext/1593096446/plib_nvmctrl.o (memcpy)
c:/program files/microchip/xc32/v2.50/bin/bin/../../lib/gcc/pic32c/6.2.1\libgcc.a(divdf3.o)
[...]
Memory Configuration

Name             Origin             Length             Attributes
rom              0x0000000000000000 0x0000000000040000 xrl
ram              0x0000000020000000 0x0000000000008000 xw !r
config_00804000  0x0000000000804000 0x0000000000000004
config_00804004  0x0000000000804004 0x0000000000000004
*default*        0x0000000000000000 0xffffffffffffffff

Linker script and memory map

LOAD c:/program files/microchip/xc32/v2.50/bin/bin/../../lib/gcc/pic32c/6.2.1/crti.o
LOAD c:/program files/microchip/xc32/v2.50/bin/bin/../../lib/gcc/pic32c/6.2.1/crtbegin.o
LOAD build/default/production/_ext/1984496892/plib_clock.o
LOAD build/default/production/_ext/1986646378/plib_evsys.o
LOAD build/default/production/_ext/1865468468/plib_nvic.o
LOAD build/default/production/_ext/1593096446/plib_nvmctrl.o
LOAD build/default/production/_ext/1865521619/plib_port.o
LOAD build/default/production/_ext/829342655/plib_tc4.o
LOAD build/default/production/_ext/60181570/plib_tcc0.o
LOAD build/default/production/_ext/1171490990/startup_xc32.o
LOAD build/default/production/_ext/163028504/xc32_monitor.o
LOAD build/default/production/_ext/1171490990/initialization.o
LOAD build/default/production/_ext/1171490990/interrupts.o
LOAD build/default/production/_ext/1171490990/exceptions.o
LOAD build/default/production/_ext/1171490990/libc_syscalls.o
LOAD build/default/production/_ext/1303591613/1602_LCD.o
LOAD build/default/production/_ext/1303591613/1602_LCD_HAL.o
LOAD build/default/production/_ext/1303591613/7segSR.o
LOAD build/default/production/_ext/1303591613/sn74hc595n.o
LOAD build/default/production/_ext/1303591613/ws2812b.o
LOAD build/default/production/_ext/1303591613/delay.o
LOAD build/default/production/_ext/1360937237/main.o
                0x0000000000000001                __MPLAB_BUILD = 0x1
                0x0000000000040000                __rom_end = (ORIGIN (rom) + LENGTH (rom))
                0x0000000020008000                __ram_end = (ORIGIN (ram) + LENGTH (ram))

.config_00804000
                0x0000000000804000        0x4
 *(.config_00804000)
 .config_00804000
                0x0000000000804000        0x4 build/default/production/_ext/1171490990/initialization.o

.config_00804004
                0x0000000000804004        0x4
 *(.config_00804004)
 .config_00804004
                0x0000000000804004        0x4 build/default/production/_ext/1171490990/initialization.o

.vectors        0x0000000000000000       0xb0
                0x0000000000000000                . = ALIGN (0x4)
                0x0000000000000000                _sfixed = .
 *(.vectors .vectors.* .vectors_default .vectors_default.*)
 .vectors       0x0000000000000000       0xb0 build/default/production/_ext/1171490990/interrupts.o
                0x0000000000000000                exception_table
 *(.isr_vector)
 *(.reset*)
 *(.after_vectors)

.text           0x00000000000000b0       0x20
                0x00000000000000b0                . = ALIGN (0x4)
 *(.glue_7t)
 .glue_7t       0x00000000000000b0        0x0 linker stubs
 *(.glue_7)
 .glue_7        0x00000000000000b0        0x0 linker stubs
 *(.gnu.linkonce.r.*)
 *(.ARM.extab* .gnu.linkonce.armextab.*)
                0x00000000000000b0                . = ALIGN (0x4)
 *(.init)
 .init          0x00000000000000b0        0x4 c:/program files/microchip/xc32/v2.50/bin/bin/../../lib/gcc/pic32c/6.2.1/crti.o
                0x00000000000000b0                _init
 .init          0x00000000000000b4        0x8 c:/program files/microchip/xc32/v2.50/bin/bin/../../lib/gcc/pic32c/6.2.1/crtn.o
                0x00000000000000bc                . = ALIGN (0x4)
                0x00000000000000bc                __preinit_array_start = .
 *(.preinit_array)
                0x00000000000000bc                __preinit_array_end = .
                0x00000000000000bc                . = ALIGN (0x4)
                0x00000000000000bc                __init_array_start = .
 *(SORT(.init_array.*))
 *(.init_array)
 .init_array    0x00000000000000bc        0x4 c:/program files/microchip/xc32/v2.50/bin/bin/../../lib/gcc/pic32c/6.2.1/crtbegin.o
                0x00000000000000c0                __init_array_end = .
                0x00000000000000c0                . = ALIGN (0x4)
 *crtbegin.o(.ctors)
 *(EXCLUDE_FILE(*crtend.o) .ctors)
 *(SORT(.ctors.*))
 *crtend.o(.ctors)
                0x00000000000000c0                . = ALIGN (0x4)
 *(.fini)
 .fini          0x00000000000000c0        0x4 c:/program files/microchip/xc32/v2.50/bin/bin/../../lib/gcc/pic32c/6.2.1/crti.o
                0x00000000000000c0                _fini
 .fini          0x00000000000000c4        0x8 c:/program files/microchip/xc32/v2.50/bin/bin/../../lib/gcc/pic32c/6.2.1/crtn.o
                0x00000000000000cc                . = ALIGN (0x4)
                0x00000000000000cc                __fini_array_start = .
 *(.fini_array)
 .fini_array    0x00000000000000cc        0x4 c:/program files/microchip/xc32/v2.50/bin/bin/../../lib/gcc/pic32c/6.2.1/crtbegin.o
 *(SORT(.fini_array.*))
                0x00000000000000d0                __fini_array_end = .
 *crtbegin.o(.dtors)
 *(EXCLUDE_FILE(*crtend.o) .dtors)
 *(SORT(.dtors.*))
 *crtend.o(.dtors)
                0x00000000000000d0                . = ALIGN (0x4)
                0x00000000000000d0                _efixed = .
                [!provide]                        PROVIDE (__exidx_start, .)

.ARM.exidx
 *(.ARM.exidx* .gnu.linkonce.armexidx.*)
                [!provide]                        PROVIDE (__exidx_end, .)
                0x00000000000000d0                . = ALIGN (0x4)
                0x00000000000000d0                _etext = .

.bss            0x0000000020000000        0x0
                0x0000000020000000                . = ALIGN (0x4)
                0x0000000020000000                __bss_start__ = .
                0x0000000020000000                _sbss = .
                0x0000000020000000                _szero = .
 *(COMMON)
                0x0000000020000000                . = ALIGN (0x4)
                0x0000000020000000                __bss_end__ = .
                0x0000000020000000                _ebss = .
                0x0000000020000000                _ezero = .
                0x0000000020000000                . = ALIGN (0x4)
                0x0000000020000000                _end = .
                0x0000000020007fff                _ram_end_ = ((ORIGIN (ram) + LENGTH (ram)) - 0x1)
                0x0000000000000200                _min_heap_size = 0x200
START GROUP
LOAD c:/program files/microchip/xc32/v2.50/bin/bin/../../lib/gcc/pic32c/6.2.1/../../../../pic32c/lib\libpic32c.a
LOAD c:/program files/microchip/xc32/v2.50/bin/bin/../../lib/gcc/pic32c/6.2.1\libgcc.a
LOAD c:/program files/microchip/xc32/v2.50/bin/bin/../../lib/gcc/pic32c/6.2.1/../../../../pic32c/lib\libm_nano.a
LOAD c:/program files/microchip/xc32/v2.50/bin/bin/../../lib/gcc/pic32c/6.2.1/../../../../pic32c/lib\libc_nano.a
END GROUP
LOAD c:/program files/microchip/xc32/v2.50/bin/bin/../../lib/gcc/pic32c/6.2.1/crtend.o
LOAD c:/program files/microchip/xc32/v2.50/bin/bin/../../lib/gcc/pic32c/6.2.1/crtn.o
OUTPUT(dist/default/production/SAMD21Eval.X.production.elf elf32-littlearm)
LOAD stack
LOAD data_init

.ARM.attributes
                0x0000000000000000       0x2a
 .ARM.attributes
                0x0000000000000000       0x1e c:/program files/microchip/xc32/v2.50/bin/bin/../../lib/gcc/pic32c/6.2.1/crti.o
 .ARM.attributes
                0x000000000000001e       0x2c c:/program files/microchip/xc32/v2.50/bin/bin/../../lib/gcc/pic32c/6.2.1/crtbegin.o
 .ARM.attributes
                0x000000000000004a       0x32 build/default/production/_ext/1984496892/plib_clock.o
 .ARM.attributes
                0x000000000000007c       0x32 build/default/production/_ext/1986646378/plib_evsys.o
 .ARM.attributes
                0x00000000000000ae       0x32 build/default/production/_ext/1865468468/plib_nvic.o
 .ARM.attributes
                0x00000000000000e0       0x32 build/default/production/_ext/1593096446/plib_nvmctrl.o
 .ARM.attributes
                0x0000000000000112       0x32 build/default/production/_ext/1865521619/plib_port.o
 .ARM.attributes
                0x0000000000000144       0x32 build/default/production/_ext/829342655/plib_tc4.o
 .ARM.attributes
                0x0000000000000176       0x32 build/default/production/_ext/60181570/plib_tcc0.o
 .ARM.attributes
                0x00000000000001a8       0x32 build/default/production/_ext/1171490990/startup_xc32.o
 .ARM.attributes
                0x00000000000001da       0x32 build/default/production/_ext/1171490990/initialization.o
 .ARM.attributes
                0x000000000000020c       0x32 build/default/production/_ext/1171490990/interrupts.o
 .ARM.attributes
                0x000000000000023e       0x32 build/default/production/_ext/1171490990/exceptions.o
 .ARM.attributes
                0x0000000000000270       0x32 build/default/production/_ext/1303591613/sn74hc595n.o
 .ARM.attributes
                0x00000000000002a2       0x32 build/default/production/_ext/1360937237/main.o
 .ARM.attributes
                0x00000000000002d4       0x2c c:/program files/microchip/xc32/v2.50/bin/bin/../../lib/gcc/pic32c/6.2.1/../../../../pic32c/lib\libpic32c.a(data_init.o)
 .ARM.attributes
                0x0000000000000300       0x2c c:/program files/microchip/xc32/v2.50/bin/bin/../../lib/gcc/pic32c/6.2.1/../../../../pic32c/lib\libc_nano.a(lib_a-init.o)
 .ARM.attributes
                0x000000000000032c       0x1e c:/program files/microchip/xc32/v2.50/bin/bin/../../lib/gcc/pic32c/6.2.1/crtn.o

.comment        0x0000000000000000       0x3c
 .comment       0x0000000000000000       0x3c c:/program files/microchip/xc32/v2.50/bin/bin/../../lib/gcc/pic32c/6.2.1/crtbegin.o
                                         0x3d (size before relaxing)
 .comment       0x000000000000003c       0x3d build/default/production/_ext/1984496892/plib_clock.o
 .comment       0x000000000000003c       0x3d build/default/production/_ext/1986646378/plib_evsys.o
 .comment       0x000000000000003c       0x3d build/default/production/_ext/1865468468/plib_nvic.o
 .comment       0x000000000000003c       0x3d build/default/production/_ext/1593096446/plib_nvmctrl.o
 .comment       0x000000000000003c       0x3d build/default/production/_ext/1865521619/plib_port.o
 .comment       0x000000000000003c       0x3d build/default/production/_ext/829342655/plib_tc4.o
 .comment       0x000000000000003c       0x3d build/default/production/_ext/60181570/plib_tcc0.o
 .comment       0x000000000000003c       0x3d build/default/production/_ext/1171490990/startup_xc32.o
 .comment       0x000000000000003c       0x3d build/default/production/_ext/1171490990/initialization.o
 .comment       0x000000000000003c       0x3d build/default/production/_ext/1171490990/interrupts.o
 .comment       0x000000000000003c       0x3d build/default/production/_ext/1171490990/exceptions.o
 .comment       0x000000000000003c       0x3d build/default/production/_ext/1303591613/sn74hc595n.o
 .comment       0x000000000000003c       0x3d build/default/production/_ext/1360937237/main.o
 .comment       0x000000000000003c       0x3d c:/program files/microchip/xc32/v2.50/bin/bin/../../lib/gcc/pic32c/6.2.1/../../../../pic32c/lib\libpic32c.a(data_init.o)
 .comment       0x000000000000003c       0x3d c:/program files/microchip/xc32/v2.50/bin/bin/../../lib/gcc/pic32c/6.2.1/../../../../pic32c/lib\libc_nano.a(lib_a-init.o)

.debug_info     0x0000000000000000     0x890f
 .debug_info    0x0000000000000000      0x9ee build/default/production/_ext/1984496892/plib_clock.o
 .debug_info    0x00000000000009ee      0x2f7 build/default/production/_ext/1986646378/plib_evsys.o
 .debug_info    0x0000000000000ce5      0x977 build/default/production/_ext/1865468468/plib_nvic.o
 .debug_info    0x000000000000165c     0x135b build/default/production/_ext/1593096446/plib_nvmctrl.o
 .debug_info    0x00000000000029b7      0xcf9 build/default/production/_ext/1865521619/plib_port.o
 .debug_info    0x00000000000036b0      0xbc5 build/default/production/_ext/829342655/plib_tc4.o
 .debug_info    0x0000000000004275      0x920 build/default/production/_ext/60181570/plib_tcc0.o
 .debug_info    0x0000000000004b95      0x489 build/default/production/_ext/1171490990/startup_xc32.o
 .debug_info    0x000000000000501e      0x5bd build/default/production/_ext/1171490990/initialization.o
 .debug_info    0x00000000000055db      0x820 build/default/production/_ext/1171490990/interrupts.o
 .debug_info    0x0000000000005dfb      0x311 build/default/production/_ext/1171490990/exceptions.o
 .debug_info    0x000000000000610c      0x9d3 build/default/production/_ext/1303591613/sn74hc595n.o
 .debug_info    0x0000000000006adf     0x18d6 build/default/production/_ext/1360937237/main.o
 .debug_info    0x00000000000083b5      0x1f0 c:/program files/microchip/xc32/v2.50/bin/bin/../../lib/gcc/pic32c/6.2.1/../../../../pic32c/lib\libpic32c.a(data_init.o)
 .debug_info    0x00000000000085a5      0x36a c:/program files/microchip/xc32/v2.50/bin/bin/../../lib/gcc/pic32c/6.2.1/../../../../pic32c/lib\libc_nano.a(lib_a-init.o)

.debug_abbrev   0x0000000000000000     0x1191
 .debug_abbrev  0x0000000000000000      0x119 build/default/production/_ext/1984496892/plib_clock.o
 .debug_abbrev  0x0000000000000119       0x39 build/default/production/_ext/1986646378/plib_evsys.o
 .debug_abbrev  0x0000000000000152      0x19f build/default/production/_ext/1865468468/plib_nvic.o
 .debug_abbrev  0x00000000000002f1      0x270 build/default/production/_ext/1593096446/plib_nvmctrl.o
 .debug_abbrev  0x0000000000000561      0x1ae build/default/production/_ext/1865521619/plib_port.o
 .debug_abbrev  0x000000000000070f      0x1b8 build/default/production/_ext/829342655/plib_tc4.o
 .debug_abbrev  0x00000000000008c7      0x10c build/default/production/_ext/60181570/plib_tcc0.o
 .debug_abbrev  0x00000000000009d3      0x10b build/default/production/_ext/1171490990/startup_xc32.o
 .debug_abbrev  0x0000000000000ade       0xc9 build/default/production/_ext/1171490990/initialization.o
 .debug_abbrev  0x0000000000000ba7       0x9a build/default/production/_ext/1171490990/interrupts.o
 .debug_abbrev  0x0000000000000c41       0x3c build/default/production/_ext/1171490990/exceptions.o
 .debug_abbrev  0x0000000000000c7d      0x1a4 build/default/production/_ext/1303591613/sn74hc595n.o
 .debug_abbrev  0x0000000000000e21      0x2a3 build/default/production/_ext/1360937237/main.o
 .debug_abbrev  0x00000000000010c4       0x2a c:/program files/microchip/xc32/v2.50/bin/bin/../../lib/gcc/pic32c/6.2.1/../../../../pic32c/lib\libpic32c.a(data_init.o)
 .debug_abbrev  0x00000000000010ee       0xa3 c:/program files/microchip/xc32/v2.50/bin/bin/../../lib/gcc/pic32c/6.2.1/../../../../pic32c/lib\libc_nano.a(lib_a-init.o)

.debug_loc      0x0000000000000000      0xb60
 .debug_loc     0x0000000000000000       0x78 build/default/production/_ext/1984496892/plib_clock.o
 .debug_loc     0x0000000000000078       0x53 build/default/production/_ext/1865468468/plib_nvic.o
 .debug_loc     0x00000000000000cb      0x27d build/default/production/_ext/1593096446/plib_nvmctrl.o
 .debug_loc     0x0000000000000348      0x1ce build/default/production/_ext/1865521619/plib_port.o
 .debug_loc     0x0000000000000516       0x54 build/default/production/_ext/829342655/plib_tc4.o
 .debug_loc     0x000000000000056a      0x11c build/default/production/_ext/60181570/plib_tcc0.o
 .debug_loc     0x0000000000000686       0x20 build/default/production/_ext/1171490990/startup_xc32.o
 .debug_loc     0x00000000000006a6       0x41 build/default/production/_ext/1171490990/initialization.o
 .debug_loc     0x00000000000006e7      0x2e5 build/default/production/_ext/1303591613/sn74hc595n.o
 .debug_loc     0x00000000000009cc      0x10e build/default/production/_ext/1360937237/main.o
 .debug_loc     0x0000000000000ada       0x14 c:/program files/microchip/xc32/v2.50/bin/bin/../../lib/gcc/pic32c/6.2.1/../../../../pic32c/lib\libpic32c.a(data_init.o)
 .debug_loc     0x0000000000000aee       0x72 c:/program files/microchip/xc32/v2.50/bin/bin/../../lib/gcc/pic32c/6.2.1/../../../../pic32c/lib\libc_nano.a(lib_a-init.o)

.debug_aranges  0x0000000000000000      0x368
 .debug_aranges
                0x0000000000000000       0x20 build/default/production/_ext/1984496892/plib_clock.o
 .debug_aranges
                0x0000000000000020       0x20 build/default/production/_ext/1986646378/plib_evsys.o
 .debug_aranges
                0x0000000000000040       0x38 build/default/production/_ext/1865468468/plib_nvic.o
 .debug_aranges
                0x0000000000000078       0x70 build/default/production/_ext/1593096446/plib_nvmctrl.o
 .debug_aranges
                0x00000000000000e8       0x70 build/default/production/_ext/1865521619/plib_port.o
 .debug_aranges
                0x0000000000000158       0x70 build/default/production/_ext/829342655/plib_tc4.o
 .debug_aranges
                0x00000000000001c8       0x78 build/default/production/_ext/60181570/plib_tcc0.o
 .debug_aranges
                0x0000000000000240       0x28 build/default/production/_ext/1171490990/startup_xc32.o
 .debug_aranges
                0x0000000000000268       0x20 build/default/production/_ext/1171490990/initialization.o
 .debug_aranges
                0x0000000000000288       0x20 build/default/production/_ext/1171490990/interrupts.o
 .debug_aranges
                0x00000000000002a8       0x28 build/default/production/_ext/1171490990/exceptions.o
 .debug_aranges
                0x00000000000002d0       0x30 build/default/production/_ext/1303591613/sn74hc595n.o
 .debug_aranges
                0x0000000000000300       0x28 build/default/production/_ext/1360937237/main.o
 .debug_aranges
                0x0000000000000328       0x20 c:/program files/microchip/xc32/v2.50/bin/bin/../../lib/gcc/pic32c/6.2.1/../../../../pic32c/lib\libpic32c.a(data_init.o)
 .debug_aranges
                0x0000000000000348       0x20 c:/program files/microchip/xc32/v2.50/bin/bin/../../lib/gcc/pic32c/6.2.1/../../../../pic32c/lib\libc_nano.a(lib_a-init.o)

.debug_ranges   0x0000000000000000      0x2a8
 .debug_ranges  0x0000000000000000       0x28 build/default/production/_ext/1984496892/plib_clock.o
 .debug_ranges  0x0000000000000028       0x10 build/default/production/_ext/1986646378/plib_evsys.o
 .debug_ranges  0x0000000000000038       0x28 build/default/production/_ext/1865468468/plib_nvic.o
 .debug_ranges  0x0000000000000060       0x60 build/default/production/_ext/1593096446/plib_nvmctrl.o
 .debug_ranges  0x00000000000000c0       0x60 build/default/production/_ext/1865521619/plib_port.o
 .debug_ranges  0x0000000000000120       0x60 build/default/production/_ext/829342655/plib_tc4.o
 .debug_ranges  0x0000000000000180       0x68 build/default/production/_ext/60181570/plib_tcc0.o
 .debug_ranges  0x00000000000001e8       0x18 build/default/production/_ext/1171490990/startup_xc32.o
 .debug_ranges  0x0000000000000200       0x10 build/default/production/_ext/1171490990/initialization.o
 .debug_ranges  0x0000000000000210       0x10 build/default/production/_ext/1171490990/interrupts.o
 .debug_ranges  0x0000000000000220       0x18 build/default/production/_ext/1171490990/exceptions.o
 .debug_ranges  0x0000000000000238       0x38 build/default/production/_ext/1303591613/sn74hc595n.o
 .debug_ranges  0x0000000000000270       0x18 build/default/production/_ext/1360937237/main.o
 .debug_ranges  0x0000000000000288       0x10 c:/program files/microchip/xc32/v2.50/bin/bin/../../lib/gcc/pic32c/6.2.1/../../../../pic32c/lib\libpic32c.a(data_init.o)
 .debug_ranges  0x0000000000000298       0x10 c:/program files/microchip/xc32/v2.50/bin/bin/../../lib/gcc/pic32c/6.2.1/../../../../pic32c/lib\libc_nano.a(lib_a-init.o)

.debug_line     0x0000000000000000     0x18e8
 .debug_line    0x0000000000000000      0x15d build/default/production/_ext/1984496892/plib_clock.o
 .debug_line    0x000000000000015d       0x64 build/default/production/_ext/1986646378/plib_evsys.o
 .debug_line    0x00000000000001c1      0x1fa build/default/production/_ext/1865468468/plib_nvic.o
 .debug_line    0x00000000000003bb      0x27f build/default/production/_ext/1593096446/plib_nvmctrl.o
 .debug_line    0x000000000000063a      0x203 build/default/production/_ext/1865521619/plib_port.o
 .debug_line    0x000000000000083d      0x218 build/default/production/_ext/829342655/plib_tc4.o
 .debug_line    0x0000000000000a55      0x21e build/default/production/_ext/60181570/plib_tcc0.o
 .debug_line    0x0000000000000c73      0x182 build/default/production/_ext/1171490990/startup_xc32.o
 .debug_line    0x0000000000000df5      0x2a5 build/default/production/_ext/1171490990/initialization.o
 .debug_line    0x000000000000109a       0xfe build/default/production/_ext/1171490990/interrupts.o
 .debug_line    0x0000000000001198       0x62 build/default/production/_ext/1171490990/exceptions.o
 .debug_line    0x00000000000011fa      0x207 build/default/production/_ext/1303591613/sn74hc595n.o
 .debug_line    0x0000000000001401      0x2ec build/default/production/_ext/1360937237/main.o
 .debug_line    0x00000000000016ed       0xe3 c:/program files/microchip/xc32/v2.50/bin/bin/../../lib/gcc/pic32c/6.2.1/../../../../pic32c/lib\libpic32c.a(data_init.o)
 .debug_line    0x00000000000017d0      0x118 c:/program files/microchip/xc32/v2.50/bin/bin/../../lib/gcc/pic32c/6.2.1/../../../../pic32c/lib\libc_nano.a(lib_a-init.o)

.debug_str      0x0000000000000000      0x254
 .debug_str     0x0000000000000000       0x28 build/default/production/_ext/1984496892/plib_clock.o
 .debug_str     0x0000000000000028        0x0 build/default/production/_ext/1986646378/plib_evsys.o
 .debug_str     0x0000000000000028        0xa build/default/production/_ext/1865468468/plib_nvic.o
 .debug_str     0x0000000000000032       0x1f build/default/production/_ext/1593096446/plib_nvmctrl.o
 .debug_str     0x0000000000000051        0xb build/default/production/_ext/1865521619/plib_port.o
 .debug_str     0x000000000000005c       0xa7 build/default/production/_ext/829342655/plib_tc4.o
 .debug_str     0x0000000000000103        0x0 build/default/production/_ext/60181570/plib_tcc0.o
 .debug_str     0x0000000000000103       0x2f build/default/production/_ext/1171490990/startup_xc32.o
 .debug_str     0x0000000000000132       0x7c build/default/production/_ext/1171490990/initialization.o
 .debug_str     0x00000000000001ae        0x0 build/default/production/_ext/1171490990/interrupts.o
 .debug_str     0x00000000000001ae        0x0 build/default/production/_ext/1171490990/exceptions.o
 .debug_str     0x00000000000001ae       0x10 build/default/production/_ext/1303591613/sn74hc595n.o
 .debug_str     0x00000000000001be       0x96 build/default/production/_ext/1360937237/main.o
 .debug_str     0x0000000000000254        0x0 c:/program files/microchip/xc32/v2.50/bin/bin/../../lib/gcc/pic32c/6.2.1/../../../../pic32c/lib\libpic32c.a(data_init.o)
 .debug_str     0x0000000000000254        0x0 c:/program files/microchip/xc32/v2.50/bin/bin/../../lib/gcc/pic32c/6.2.1/../../../../pic32c/lib\libc_nano.a(lib_a-init.o)

.debug_frame    0x0000000000000000      0x56c
 .debug_frame   0x0000000000000000       0x20 build/default/production/_ext/1984496892/plib_clock.o
 .debug_frame   0x0000000000000020       0x20 build/default/production/_ext/1986646378/plib_evsys.o
 .debug_frame   0x0000000000000040       0x50 build/default/production/_ext/1865468468/plib_nvic.o
 .debug_frame   0x0000000000000090       0xd4 build/default/production/_ext/1593096446/plib_nvmctrl.o
 .debug_frame   0x0000000000000164       0xcc build/default/production/_ext/1865521619/plib_port.o
 .debug_frame   0x0000000000000230       0xc8 build/default/production/_ext/829342655/plib_tc4.o
 .debug_frame   0x00000000000002f8       0xd0 build/default/production/_ext/60181570/plib_tcc0.o
 .debug_frame   0x00000000000003c8       0x38 build/default/production/_ext/1171490990/startup_xc32.o
 .debug_frame   0x0000000000000400       0x28 build/default/production/_ext/1171490990/initialization.o
 .debug_frame   0x0000000000000428       0x20 build/default/production/_ext/1171490990/interrupts.o
 .debug_frame   0x0000000000000448       0x30 build/default/production/_ext/1171490990/exceptions.o
 .debug_frame   0x0000000000000478       0x5c build/default/production/_ext/1303591613/sn74hc595n.o
 .debug_frame   0x00000000000004d4       0x40 build/default/production/_ext/1360937237/main.o
 .debug_frame   0x0000000000000514       0x2c c:/program files/microchip/xc32/v2.50/bin/bin/../../lib/gcc/pic32c/6.2.1/../../../../pic32c/lib\libpic32c.a(data_init.o)
 .debug_frame   0x0000000000000540       0x2c c:/program files/microchip/xc32/v2.50/bin/bin/../../lib/gcc/pic32c/6.2.1/../../../../pic32c/lib\libc_nano.a(lib_a-init.o)

.stack          0x0000000020000250      0x100
 .stack         0x0000000020000250      0x100 stack

.bss%1          0x0000000020000000       0x1c
 .bss           0x0000000020000000       0x1c c:/program files/microchip/xc32/v2.50/bin/bin/../../lib/gcc/pic32c/6.2.1/crtbegin.o

.bss.TC4_CallbackObject%2
                0x000000002000001c        0x8
 .bss.TC4_CallbackObject
                0x000000002000001c        0x8 build/default/production/_ext/829342655/plib_tc4.o
                0x000000002000001c                TC4_CallbackObject

.bss.tsr%3      0x0000000020000024        0x6
 .bss.tsr       0x0000000020000024        0x6 build/default/production/_ext/1360937237/main.o

.bss.dutyCycle%4
                0x000000002000002c        0x4
 .bss.dutyCycle
                0x000000002000002c        0x4 build/default/production/_ext/1360937237/main.o

.data.isUp%5    0x000000002000002a        0x1
 .data.isUp     0x000000002000002a        0x1 build/default/production/_ext/1360937237/main.o

.eh_frame%z1    0x0000000000000000        0x0
 .eh_frame      0x0000000000000000        0x0 c:/program files/microchip/xc32/v2.50/bin/bin/../../lib/gcc/pic32c/6.2.1/crtbegin.o

.text.SN74HC595N_WriteByteMSB%6
                0x00000000000000d0       0xb0
 .text.SN74HC595N_WriteByteMSB
                0x00000000000000d0       0xb0 build/default/production/_ext/1303591613/sn74hc595n.o
                0x00000000000000d0                SN74HC595N_WriteByteMSB

.text.CLOCK_Initialize%7
                0x0000000000000180       0x98
 .text.CLOCK_Initialize
                0x0000000000000180       0x98 build/default/production/_ext/1984496892/plib_clock.o
                0x0000000000000180                CLOCK_Initialize

.text.__pic32c_data_initialization%8
                0x0000000000000218       0x90
 .text.__pic32c_data_initialization
                0x0000000000000218       0x90 c:/program files/microchip/xc32/v2.50/bin/bin/../../lib/gcc/pic32c/6.2.1/../../../../pic32c/lib\libpic32c.a(data_init.o)
                0x0000000000000218                __pic32c_data_initialization

.text.updateDutyCycle%9
                0x00000000000002a8       0x68
 .text.updateDutyCycle
                0x00000000000002a8       0x68 build/default/production/_ext/1360937237/main.o

.text.main%10   0x0000000000000310       0x58
 .text.main     0x0000000000000310       0x58 build/default/production/_ext/1360937237/main.o
                0x0000000000000310                main

.dinit%11       0x0000000000000368       0x50
 .dinit         0x0000000000000368       0x50 data_init

.text%12        0x00000000000003b8       0x48
 .text          0x00000000000003b8       0x48 c:/program files/microchip/xc32/v2.50/bin/bin/../../lib/gcc/pic32c/6.2.1/crtbegin.o

.text.Reset_Handler%13
                0x0000000000000400       0x48
 .text.Reset_Handler
                0x0000000000000400       0x48 build/default/production/_ext/1171490990/startup_xc32.o
                0x0000000000000400                Reset_Handler

.text.__libc_init_array%14
                0x0000000000000448       0x48
 .text.__libc_init_array
                0x0000000000000448       0x48 c:/program files/microchip/xc32/v2.50/bin/bin/../../lib/gcc/pic32c/6.2.1/../../../../pic32c/lib\libc_nano.a(lib_a-init.o)
                0x0000000000000448                __libc_init_array

.text.TC4_TimerInitialize%15
                0x0000000000000490       0x40
 .text.TC4_TimerInitialize
                0x0000000000000490       0x40 build/default/production/_ext/829342655/plib_tc4.o
                0x0000000000000490                TC4_TimerInitialize

.text.PORT_Initialize%16
                0x00000000000004d0       0x3c
 .text.PORT_Initialize
                0x00000000000004d0       0x3c build/default/production/_ext/1865521619/plib_port.o
                0x00000000000004d0                PORT_Initialize

.text.TCC0_PWMInitialize%17
                0x000000000000050c       0x3c
 .text.TCC0_PWMInitialize
                0x000000000000050c       0x3c build/default/production/_ext/60181570/plib_tcc0.o
                0x000000000000050c                TCC0_PWMInitialize

.text.SYS_Initialize%18
                0x0000000000000548       0x2c
 .text.SYS_Initialize
                0x0000000000000548       0x2c build/default/production/_ext/1171490990/initialization.o
                0x0000000000000548                SYS_Initialize

.text.SN74HC595N_Initialize%19
                0x0000000000000574       0x2a
 .text.SN74HC595N_Initialize
                0x0000000000000574       0x2a build/default/production/_ext/1303591613/sn74hc595n.o
                0x0000000000000574                SN74HC595N_Initialize

.text.NVIC_Initialize%20
                0x00000000000005a0       0x28
 .text.NVIC_Initialize
                0x00000000000005a0       0x28 build/default/production/_ext/1865468468/plib_nvic.o
                0x00000000000005a0                NVIC_Initialize

.text.TC4_TimerInterruptHandler%21
                0x00000000000005c8       0x24
 .text.TC4_TimerInterruptHandler
                0x00000000000005c8       0x24 build/default/production/_ext/829342655/plib_tc4.o
                0x00000000000005c8                TC4_TimerInterruptHandler

.text.TCC0_PWMStart%22
                0x00000000000005ec       0x1c
 .text.TCC0_PWMStart
                0x00000000000005ec       0x1c build/default/production/_ext/60181570/plib_tcc0.o
                0x00000000000005ec                TCC0_PWMStart

.text.TCC0_PWMForceUpdate%23
                0x0000000000000608       0x1c
 .text.TCC0_PWMForceUpdate
                0x0000000000000608       0x1c build/default/production/_ext/60181570/plib_tcc0.o
                0x0000000000000608                TCC0_PWMForceUpdate

.text.TC4_TimerStart%24
                0x0000000000000624       0x18
 .text.TC4_TimerStart
                0x0000000000000624       0x18 build/default/production/_ext/829342655/plib_tc4.o
                0x0000000000000624                TC4_TimerStart

.text.NVMCTRL_Initialize%25
                0x000000000000063c        0xc
 .text.NVMCTRL_Initialize
                0x000000000000063c        0xc build/default/production/_ext/1593096446/plib_nvmctrl.o
                0x000000000000063c                NVMCTRL_Initialize

.text.PORT_GroupWrite%26
                0x0000000000000648        0xc
 .text.PORT_GroupWrite
                0x0000000000000648        0xc build/default/production/_ext/1865521619/plib_port.o
                0x0000000000000648                PORT_GroupWrite

.text.TC4_TimerCallbackRegister%27
                0x0000000000000654        0xc
 .text.TC4_TimerCallbackRegister
                0x0000000000000654        0xc build/default/production/_ext/829342655/plib_tc4.o
                0x0000000000000654                TC4_TimerCallbackRegister

.text.EVSYS_Initialize%28
                0x000000000000059e        0x2
 .text.EVSYS_Initialize
                0x000000000000059e        0x2 build/default/production/_ext/1986646378/plib_evsys.o
                0x000000000000059e                EVSYS_Initialize

.text.Dummy_App_Func%29
                0x0000000000000660        0x2
 .text.Dummy_App_Func
                0x0000000000000660        0x2 build/default/production/_ext/1171490990/startup_xc32.o
                0x0000000000000660                _on_reset
                0x0000000000000660                _on_bootstrap
                0x0000000000000660                __xc32_on_reset
                0x0000000000000660                Dummy_App_Func
                0x0000000000000660                __xc32_on_bootstrap

.text.Dummy_Handler%30
                0x0000000000000662        0x2
 .text.Dummy_Handler
                0x0000000000000662        0x2 build/default/production/_ext/1171490990/interrupts.o
                0x0000000000000662                SVCall_Handler
                0x0000000000000662                DMAC_Handler
                0x0000000000000662                AC_Handler
                0x0000000000000662                SysTick_Handler
                0x0000000000000662                PendSV_Handler
                0x0000000000000662                TC7_Handler
                0x0000000000000662                SERCOM1_Handler
                0x0000000000000662                ADC_Handler
                0x0000000000000662                TCC1_Handler
                0x0000000000000662                SERCOM2_Handler
                0x0000000000000662                TCC0_Handler
                0x0000000000000662                RTC_Handler
                0x0000000000000662                EIC_Handler
                0x0000000000000662                TC6_Handler
                0x0000000000000662                WDT_Handler
                0x0000000000000662                USB_Handler
                0x0000000000000662                TC3_Handler
                0x0000000000000662                Dummy_Handler
                0x0000000000000662                PM_Handler
                0x0000000000000662                SERCOM5_Handler
                0x0000000000000662                TCC2_Handler
                0x0000000000000662                EVSYS_Handler
                0x0000000000000662                SERCOM3_Handler
                0x0000000000000662                SERCOM4_Handler
                0x0000000000000662                I2S_Handler
                0x0000000000000662                NVMCTRL_Handler
                0x0000000000000662                SERCOM0_Handler
                0x0000000000000662                DAC_Handler
                0x0000000000000662                PTC_Handler
                0x0000000000000662                TC5_Handler
                0x0000000000000662                SYSCTRL_Handler

.text.NonMaskableInt_Handler%31
                0x0000000000000664        0x2
 .text.NonMaskableInt_Handler
                0x0000000000000664        0x2 build/default/production/_ext/1171490990/exceptions.o
                0x0000000000000664                NonMaskableInt_Handler

.text.HardFault_Handler%32
                0x0000000000000666        0x2
 .text.HardFault_Handler
                0x0000000000000666        0x2 build/default/production/_ext/1171490990/exceptions.o
                0x0000000000000666                HardFault_Handler
