Archive member included to satisfy reference by file (symbol)

c:/program files/microchip/xc32/v4.10/bin/bin/../../lib/gcc/pic32c/8.3.1/../../../../pic32c/lib/thumb/v6-m/nofp\libpic32c.a(data_init.o)
                              build/default/production/_ext/1171490990/startup_xc32.o (__pic32c_data_initialization)
c:/program files/microchip/xc32/v4.10/bin/bin/../../lib/gcc/pic32c/8.3.1/../../../../pic32c/lib/thumb/v6-m/nofp\libc-musl.a(__libc_start_main.o)
                              build/default/production/_ext/1171490990/startup_xc32.o (__libc_init_array)
c:/program files/microchip/xc32/v4.10/bin/bin/../../lib/gcc/pic32c/8.3.1/../../../../pic32c/lib/thumb/v6-m/nofp\libc-musl.a(libc.o)
                              c:/program files/microchip/xc32/v4.10/bin/bin/../../lib/gcc/pic32c/8.3.1/../../../../pic32c/lib/thumb/v6-m/nofp\libc-musl.a(__libc_start_main.o) (__progname_full)
c:/program files/microchip/xc32/v4.10/bin/bin/../../lib/gcc/pic32c/8.3.1/../../../../pic32c/lib/thumb/v6-m/nofp\libc-musl.a(memcpy.o)
                              build/default/production/_ext/1593096446/plib_nvmctrl.o (memcpy)
c:/program files/microchip/xc32/v4.10/bin/bin/../../lib/gcc/pic32c/8.3.1/../../../../pic32c/lib/thumb/v6-m/nofp\libc-musl.a(__environ.o)
                              c:/program files/microchip/xc32/v4.10/bin/bin/../../lib/gcc/pic32c/8.3.1/../../../../pic32c/lib/thumb/v6-m/nofp\libc-musl.a(__libc_start_main.o) (__environ)
c:/program files/microchip/xc32/v4.10/bin/bin/../../lib/gcc/pic32c/8.3.1/thumb/v6-m/nofp\libgcc.a(_aeabi_uldivmod.o)
                              build/default/production/_ext/504274921/plib_sercom1_usart.o (__aeabi_uldivmod)
c:/program files/microchip/xc32/v4.10/bin/bin/../../lib/gcc/pic32c/8.3.1/thumb/v6-m/nofp\libgcc.a(_udivmoddi4.o)
                              c:/program files/microchip/xc32/v4.10/bin/bin/../../lib/gcc/pic32c/8.3.1/thumb/v6-m/nofp\libgcc.a(_aeabi_uldivmod.o) (__udivmoddi4)
c:/program files/microchip/xc32/v4.10/bin/bin/../../lib/gcc/pic32c/8.3.1/thumb/v6-m/nofp\libgcc.a(_dvmd_tls.o)
                              c:/program files/microchip/xc32/v4.10/bin/bin/../../lib/gcc/pic32c/8.3.1/thumb/v6-m/nofp\libgcc.a(_aeabi_uldivmod.o) (__aeabi_ldiv0)
c:/program files/microchip/xc32/v4.10/bin/bin/../../lib/gcc/pic32c/8.3.1/thumb/v6-m/nofp\libgcc.a(_lshrdi3.o)
                              c:/program files/microchip/xc32/v4.10/bin/bin/../../lib/gcc/pic32c/8.3.1/thumb/v6-m/nofp\libgcc.a(_udivmoddi4.o) (__aeabi_llsr)
c:/program files/microchip/xc32/v4.10/bin/bin/../../lib/gcc/pic32c/8.3.1/thumb/v6-m/nofp\libgcc.a(_ashldi3.o)
                              c:/program files/microchip/xc32/v4.10/bin/bin/../../lib/gcc/pic32c/8.3.1/thumb/v6-m/nofp\libgcc.a(_udivmoddi4.o) (__aeabi_llsl)
c:/program files/microchip/xc32/v4.10/bin/bin/../../lib/gcc/pic32c/8.3.1/thumb/v6-m/nofp\libgcc.a(_clzdi2.o)
                              c:/program files/microchip/xc32/v4.10/bin/bin/../../lib/gcc/pic32c/8.3.1/thumb/v6-m/nofp\libgcc.a(_udivmoddi4.o) (__clzdi2)
c:/program files/microchip/xc32/v4.10/bin/bin/../../lib/gcc/pic32c/8.3.1/thumb/v6-m/nofp\libgcc.a(_clzsi2.o)
                              c:/program files/microchip/xc32/v4.10/bin/bin/../../lib/gcc/pic32c/8.3.1/thumb/v6-m/nofp\libgcc.a(_clzdi2.o) (__clzsi2)

Microchip PIC32 Memory-Usage Report

ROM Program-Memory Usage
section                    address  length [bytes]      (dec)  Description
-------                 ----------  -------------------------  -----------
.vectors                         0           0xb0         176   
.text                         0xb0           0x20          32  App's exec code 
.text.SERCOM1_USART_Int       0xd0          0x180         384   
.text.CLOCK_Initialize       0x250           0xac         172   
.text.__pic32c_data_ini      0x2fc           0x90         144   
.text.ADC_Initialize         0x38c           0x84         132   
.text.__libc_start_init      0x410           0x5c          92   
.text.SERCOM1_USART_Ini      0x46c           0x58          88   
.dinit                       0x4c4           0x50          80   
.text                        0x514           0x48          72  App's exec code 
.text.TCC0_PWMInitializ      0x55c           0x48          72   
.text.Reset_Handler          0x5a4           0x48          72   
.text.SYS_Initialize         0x5ec           0x34          52   
.text.TC4_TimerInitiali      0x620           0x30          48   
.text.NVIC_Initialize        0x650           0x2c          44   
.text.SERCOM1_USART_Err      0x67c           0x2c          44   
.text.PORT_Initialize        0x6a8           0x28          40   
.text.TCC0_PWMStart          0x6d0           0x1c          28   
.text.main                   0x6ec           0x12          18   
.text.EVSYS_Initialize       0x6fe            0x2           2   
.text.NVMCTRL_Initializ      0x700            0xc          12   
.text.TCC0_PWMPeriodInt      0x70c            0xc          12   
.text.Dummy_Handler          0x718            0x2           2   
.text.NonMaskableInt_Ha      0x71a            0x2           2   
.text.HardFault_Handler      0x71c            0x2           2   
.text.Dummy_App_Func         0x71e            0x2           2   
.text.__dummy                0x720            0x2           2   
      Total ROM used  :       0x722        1826  0.7% of 0x40000
        --------------------------------------------------------------------------
         Total Program Memory used  :       0x722        1826  0.7% of 0x40000
        --------------------------------------------------------------------------


RAM Data-Memory Usage
section                    address  length [bytes]      (dec)  Description
-------                 ----------  -------------------------  -----------
.bss                    0x20000000           0x50          80  Uninitialized data 
.bss.sercom1USARTObj    0x20000050           0x30          48   
.bss                    0x20000080           0x24          36  Uninitialized data 
         Total RAM used  :        0xa4         164  0.5% of 0x8000
        --------------------------------------------------------------------------
            Total Data Memory used  :        0xa4         164  0.5% of 0x8000
        --------------------------------------------------------------------------


Dynamic Data-Memory Reservation
section                    address  length [bytes]      (dec)  Description
-------                 ----------  -------------------------  -----------
heap                    0x200000a8          0x200         512  Reserved for heap 
stack                   0x200002c0         0x7d30       32048  Reserved for stack 

        --------------------------------------------------------------------------

Discarded input sections

 .text          0x00000000        0x0 c:/program files/microchip/xc32/v4.10/bin/bin/../../lib/gcc/pic32c/8.3.1/thumb/v6-m/nofp/crti.o
 .data          0x00000000        0x0 c:/program files/microchip/xc32/v4.10/bin/bin/../../lib/gcc/pic32c/8.3.1/thumb/v6-m/nofp/crti.o
 .bss           0x00000000        0x0 c:/program files/microchip/xc32/v4.10/bin/bin/../../lib/gcc/pic32c/8.3.1/thumb/v6-m/nofp/crti.o
 .xc_stack_usage.hdr
                0x00000000        0xe c:/program files/microchip/xc32/v4.10/bin/bin/../../lib/gcc/pic32c/8.3.1/thumb/v6-m/nofp/crti.o
 .xc_stack_usage
                0x00000000       0x26 c:/program files/microchip/xc32/v4.10/bin/bin/../../lib/gcc/pic32c/8.3.1/thumb/v6-m/nofp/crti.o
 .data          0x00000000        0x4 c:/program files/microchip/xc32/v4.10/bin/bin/../../lib/gcc/pic32c/8.3.1/thumb/v6-m/nofp/crtbegin.o
 .xc_stack_usage
                0x00000000       0x3c c:/program files/microchip/xc32/v4.10/bin/bin/../../lib/gcc/pic32c/8.3.1/thumb/v6-m/nofp/crtbegin.o
 .xc_stack_usage.hdr
                0x00000000        0xe c:/program files/microchip/xc32/v4.10/bin/bin/../../lib/gcc/pic32c/8.3.1/thumb/v6-m/nofp/crtbegin.o
 .text          0x00000000        0x0 build/default/production/_ext/1593096446/plib_nvmctrl.o
 .data          0x00000000        0x0 build/default/production/_ext/1593096446/plib_nvmctrl.o
 .bss           0x00000000        0x0 build/default/production/_ext/1593096446/plib_nvmctrl.o
 .text.NVMCTRL_CacheInvalidate
                0x00000000       0x10 build/default/production/_ext/1593096446/plib_nvmctrl.o
 .text.NVMCTRL_Read
                0x00000000       0x10 build/default/production/_ext/1593096446/plib_nvmctrl.o
 .text.NVMCTRL_PageBufferWrite
                0x00000000       0x14 build/default/production/_ext/1593096446/plib_nvmctrl.o
 .text.NVMCTRL_PageBufferCommit
                0x00000000       0x18 build/default/production/_ext/1593096446/plib_nvmctrl.o
 .text.NVMCTRL_PageWrite
                0x00000000       0x28 build/default/production/_ext/1593096446/plib_nvmctrl.o
 .text.NVMCTRL_RowErase
                0x00000000       0x18 build/default/production/_ext/1593096446/plib_nvmctrl.o
 .text.NVMCTRL_ErrorGet
                0x00000000       0x2c build/default/production/_ext/1593096446/plib_nvmctrl.o
 .text.NVMCTRL_IsBusy
                0x00000000       0x14 build/default/production/_ext/1593096446/plib_nvmctrl.o
 .text.NVMCTRL_RegionLock
                0x00000000       0x14 build/default/production/_ext/1593096446/plib_nvmctrl.o
 .text.NVMCTRL_RegionUnlock
                0x00000000       0x14 build/default/production/_ext/1593096446/plib_nvmctrl.o
 .text          0x00000000        0x0 build/default/production/_ext/1986646378/plib_evsys.o
 .data          0x00000000        0x0 build/default/production/_ext/1986646378/plib_evsys.o
 .bss           0x00000000        0x0 build/default/production/_ext/1986646378/plib_evsys.o
 .text          0x00000000        0x0 build/default/production/_ext/60181570/plib_tcc0.o
 .data          0x00000000        0x0 build/default/production/_ext/60181570/plib_tcc0.o
 .bss           0x00000000        0x0 build/default/production/_ext/60181570/plib_tcc0.o
 .text.TCC0_PWMStop
                0x00000000       0x1c build/default/production/_ext/60181570/plib_tcc0.o
 .text.TCC0_PWM24bitPeriodSet
                0x00000000       0x1c build/default/production/_ext/60181570/plib_tcc0.o
 .text.TCC0_PWM24bitPeriodGet
                0x00000000       0x18 build/default/production/_ext/60181570/plib_tcc0.o
 .text.TCC0_PWMDeadTimeSet
                0x00000000       0x1c build/default/production/_ext/60181570/plib_tcc0.o
 .text.TCC0_PWMPatternSet
                0x00000000       0x20 build/default/production/_ext/60181570/plib_tcc0.o
 .text.TCC0_PWM24bitCounterSet
                0x00000000       0x18 build/default/production/_ext/60181570/plib_tcc0.o
 .text.TCC0_PWMForceUpdate
                0x00000000       0x1c build/default/production/_ext/60181570/plib_tcc0.o
 .text.TCC0_PWMPeriodInterruptDisable
                0x00000000        0xc build/default/production/_ext/60181570/plib_tcc0.o
 .text.TCC0_PWMInterruptStatusGet
                0x00000000        0xc build/default/production/_ext/60181570/plib_tcc0.o
 .text          0x00000000        0x0 build/default/production/_ext/1360937237/main.o
 .data          0x00000000        0x0 build/default/production/_ext/1360937237/main.o
 .bss           0x00000000        0x0 build/default/production/_ext/1360937237/main.o
 .text          0x00000000        0x0 build/default/production/_ext/1171490990/initialization.o
 .data          0x00000000        0x0 build/default/production/_ext/1171490990/initialization.o
 .bss           0x00000000        0x0 build/default/production/_ext/1171490990/initialization.o
 .text          0x00000000        0x0 build/default/production/_ext/1171490990/interrupts.o
 .data          0x00000000        0x0 build/default/production/_ext/1171490990/interrupts.o
 .bss           0x00000000        0x0 build/default/production/_ext/1171490990/interrupts.o
 .text          0x00000000        0x0 build/default/production/_ext/1171490990/exceptions.o
 .data          0x00000000        0x0 build/default/production/_ext/1171490990/exceptions.o
 .bss           0x00000000        0x0 build/default/production/_ext/1171490990/exceptions.o
 .text          0x00000000        0x0 build/default/production/_ext/163028504/xc32_monitor.o
 .data          0x00000000        0x0 build/default/production/_ext/163028504/xc32_monitor.o
 .bss           0x00000000        0x0 build/default/production/_ext/163028504/xc32_monitor.o
 .text._mon_getc
                0x00000000        0x4 build/default/production/_ext/163028504/xc32_monitor.o
 .text._mon_putc
                0x00000000        0x2 build/default/production/_ext/163028504/xc32_monitor.o
 .debug_info    0x00000000      0x276 build/default/production/_ext/163028504/xc32_monitor.o
 .debug_abbrev  0x00000000       0x80 build/default/production/_ext/163028504/xc32_monitor.o
 .debug_loc     0x00000000       0x25 build/default/production/_ext/163028504/xc32_monitor.o
 .debug_aranges
                0x00000000       0x28 build/default/production/_ext/163028504/xc32_monitor.o
 .debug_ranges  0x00000000       0x18 build/default/production/_ext/163028504/xc32_monitor.o
 .debug_line    0x00000000       0x7d build/default/production/_ext/163028504/xc32_monitor.o
 .debug_str     0x00000000        0x0 build/default/production/_ext/163028504/xc32_monitor.o
 .comment       0x00000000       0x2c build/default/production/_ext/163028504/xc32_monitor.o
 .debug_frame   0x00000000       0x30 build/default/production/_ext/163028504/xc32_monitor.o
 .ARM.attributes
                0x00000000       0x2c build/default/production/_ext/163028504/xc32_monitor.o
 .text          0x00000000        0x0 build/default/production/_ext/1865521619/plib_port.o
 .data          0x00000000        0x0 build/default/production/_ext/1865521619/plib_port.o
 .bss           0x00000000        0x0 build/default/production/_ext/1865521619/plib_port.o
 .text.PORT_GroupRead
                0x00000000        0x4 build/default/production/_ext/1865521619/plib_port.o
 .text.PORT_GroupWrite
                0x00000000        0xc build/default/production/_ext/1865521619/plib_port.o
 .text.PORT_GroupLatchRead
                0x00000000        0x4 build/default/production/_ext/1865521619/plib_port.o
 .text.PORT_GroupSet
                0x00000000        0x4 build/default/production/_ext/1865521619/plib_port.o
 .text.PORT_GroupClear
                0x00000000        0x4 build/default/production/_ext/1865521619/plib_port.o
 .text.PORT_GroupToggle
                0x00000000        0x4 build/default/production/_ext/1865521619/plib_port.o
 .text.PORT_GroupInputEnable
                0x00000000        0x4 build/default/production/_ext/1865521619/plib_port.o
 .text.PORT_GroupOutputEnable
                0x00000000        0x4 build/default/production/_ext/1865521619/plib_port.o
 .text.PORT_PinPeripheralFunctionConfig
                0x00000000       0x48 build/default/production/_ext/1865521619/plib_port.o
 .text.PORT_PinGPIOConfig
                0x00000000       0x20 build/default/production/_ext/1865521619/plib_port.o
 .text          0x00000000        0x0 build/default/production/_ext/1984496892/plib_clock.o
 .data          0x00000000        0x0 build/default/production/_ext/1984496892/plib_clock.o
 .bss           0x00000000        0x0 build/default/production/_ext/1984496892/plib_clock.o
 .text          0x00000000        0x0 build/default/production/_ext/1865468468/plib_nvic.o
 .data          0x00000000        0x0 build/default/production/_ext/1865468468/plib_nvic.o
 .bss           0x00000000        0x0 build/default/production/_ext/1865468468/plib_nvic.o
 .text.NVIC_INT_Enable
                0x00000000        0x8 build/default/production/_ext/1865468468/plib_nvic.o
 .text.NVIC_INT_Disable
                0x00000000       0x12 build/default/production/_ext/1865468468/plib_nvic.o
 .text.NVIC_INT_Restore
                0x00000000       0x14 build/default/production/_ext/1865468468/plib_nvic.o
 .text          0x00000000        0x0 build/default/production/_ext/1171490990/libc_syscalls.o
 .data          0x00000000        0x0 build/default/production/_ext/1171490990/libc_syscalls.o
 .bss           0x00000000        0x0 build/default/production/_ext/1171490990/libc_syscalls.o
 .text._exit    0x00000000        0x2 build/default/production/_ext/1171490990/libc_syscalls.o
 .debug_info    0x00000000      0x2e0 build/default/production/_ext/1171490990/libc_syscalls.o
 .debug_abbrev  0x00000000       0x52 build/default/production/_ext/1171490990/libc_syscalls.o
 .debug_loc     0x00000000       0x15 build/default/production/_ext/1171490990/libc_syscalls.o
 .debug_aranges
                0x00000000       0x20 build/default/production/_ext/1171490990/libc_syscalls.o
 .debug_ranges  0x00000000       0x10 build/default/production/_ext/1171490990/libc_syscalls.o
 .debug_line    0x00000000       0x5b build/default/production/_ext/1171490990/libc_syscalls.o
 .debug_str     0x00000000        0x0 build/default/production/_ext/1171490990/libc_syscalls.o
 .comment       0x00000000       0x2c build/default/production/_ext/1171490990/libc_syscalls.o
 .debug_frame   0x00000000       0x20 build/default/production/_ext/1171490990/libc_syscalls.o
 .ARM.attributes
                0x00000000       0x2c build/default/production/_ext/1171490990/libc_syscalls.o
 .text          0x00000000        0x0 build/default/production/_ext/1171490990/startup_xc32.o
 .data          0x00000000        0x0 build/default/production/_ext/1171490990/startup_xc32.o
 .bss           0x00000000        0x0 build/default/production/_ext/1171490990/startup_xc32.o
 .text          0x00000000        0x0 build/default/production/_ext/1303591613/1602_LCD.o
 .data          0x00000000        0x0 build/default/production/_ext/1303591613/1602_LCD.o
 .bss           0x00000000        0x0 build/default/production/_ext/1303591613/1602_LCD.o
 .debug_info    0x00000000      0x2a6 build/default/production/_ext/1303591613/1602_LCD.o
 .debug_abbrev  0x00000000       0x1b build/default/production/_ext/1303591613/1602_LCD.o
 .debug_aranges
                0x00000000       0x18 build/default/production/_ext/1303591613/1602_LCD.o
 .debug_line    0x00000000       0x1d build/default/production/_ext/1303591613/1602_LCD.o
 .debug_str     0x00000000        0x0 build/default/production/_ext/1303591613/1602_LCD.o
 .comment       0x00000000       0x2c build/default/production/_ext/1303591613/1602_LCD.o
 .ARM.attributes
                0x00000000       0x32 build/default/production/_ext/1303591613/1602_LCD.o
 .text          0x00000000        0x0 build/default/production/_ext/1303591613/1602_LCD_HAL.o
 .data          0x00000000        0x0 build/default/production/_ext/1303591613/1602_LCD_HAL.o
 .bss           0x00000000        0x0 build/default/production/_ext/1303591613/1602_LCD_HAL.o
 .text.LCM1602_ClearDisplay
                0x00000000      0x14c build/default/production/_ext/1303591613/1602_LCD_HAL.o
 .text.LCM1602_ReturnHome
                0x00000000      0x14c build/default/production/_ext/1303591613/1602_LCD_HAL.o
 .text.LCM1602_EntryModeSet
                0x00000000      0x198 build/default/production/_ext/1303591613/1602_LCD_HAL.o
 .text.LCM1602_DisplayControl
                0x00000000      0x1c0 build/default/production/_ext/1303591613/1602_LCD_HAL.o
 .text.LCM1602_Shift
                0x00000000      0x19c build/default/production/_ext/1303591613/1602_LCD_HAL.o
 .text.LCM1602_FunctionSet
                0x00000000      0x1c4 build/default/production/_ext/1303591613/1602_LCD_HAL.o
 .text.LCM1602_CGRAM_Addr_Set
                0x00000000      0x218 build/default/production/_ext/1303591613/1602_LCD_HAL.o
 .text.LCM1602_DDRAM_Addr_Set
                0x00000000      0x23c build/default/production/_ext/1303591613/1602_LCD_HAL.o
 .text.LCM1602_ReadFlagsAndAddr
                0x00000000      0x178 build/default/production/_ext/1303591613/1602_LCD_HAL.o
 .text.LCM1602_ReadRAM
                0x00000000      0x18c build/default/production/_ext/1303591613/1602_LCD_HAL.o
 .text.LCM1602_WriteRAM
                0x00000000      0x260 build/default/production/_ext/1303591613/1602_LCD_HAL.o
 .debug_info    0x00000000     0x40e2 build/default/production/_ext/1303591613/1602_LCD_HAL.o
 .debug_abbrev  0x00000000      0x25a build/default/production/_ext/1303591613/1602_LCD_HAL.o
 .debug_loc     0x00000000     0x2c69 build/default/production/_ext/1303591613/1602_LCD_HAL.o
 .debug_aranges
                0x00000000       0x70 build/default/production/_ext/1303591613/1602_LCD_HAL.o
 .debug_ranges  0x00000000       0x60 build/default/production/_ext/1303591613/1602_LCD_HAL.o
 .debug_line    0x00000000     0x1aa8 build/default/production/_ext/1303591613/1602_LCD_HAL.o
 .debug_str     0x00000000       0x2f build/default/production/_ext/1303591613/1602_LCD_HAL.o
 .comment       0x00000000       0x2c build/default/production/_ext/1303591613/1602_LCD_HAL.o
 .debug_frame   0x00000000      0x188 build/default/production/_ext/1303591613/1602_LCD_HAL.o
 .ARM.attributes
                0x00000000       0x2c build/default/production/_ext/1303591613/1602_LCD_HAL.o
 .text          0x00000000        0x0 build/default/production/_ext/1303591613/7segSR.o
 .data          0x00000000        0x0 build/default/production/_ext/1303591613/7segSR.o
 .bss           0x00000000        0x0 build/default/production/_ext/1303591613/7segSR.o
 .debug_line    0x00000000        0x0 build/default/production/_ext/1303591613/7segSR.o
 .debug_str     0x00000000        0x0 build/default/production/_ext/1303591613/7segSR.o
 .comment       0x00000000       0x2c build/default/production/_ext/1303591613/7segSR.o
 .ARM.attributes
                0x00000000       0x32 build/default/production/_ext/1303591613/7segSR.o
 .text          0x00000000        0x0 build/default/production/_ext/1303591613/sn74hc595n.o
 .data          0x00000000        0x0 build/default/production/_ext/1303591613/sn74hc595n.o
 .bss           0x00000000        0x0 build/default/production/_ext/1303591613/sn74hc595n.o
 .debug_line    0x00000000        0x0 build/default/production/_ext/1303591613/sn74hc595n.o
 .debug_str     0x00000000        0x0 build/default/production/_ext/1303591613/sn74hc595n.o
 .comment       0x00000000       0x2c build/default/production/_ext/1303591613/sn74hc595n.o
 .ARM.attributes
                0x00000000       0x32 build/default/production/_ext/1303591613/sn74hc595n.o
 .text          0x00000000        0x0 build/default/production/_ext/1303591613/ws2812b.o
 .data          0x00000000        0x0 build/default/production/_ext/1303591613/ws2812b.o
 .bss           0x00000000        0x0 build/default/production/_ext/1303591613/ws2812b.o
 .debug_line    0x00000000        0x0 build/default/production/_ext/1303591613/ws2812b.o
 .debug_str     0x00000000        0x0 build/default/production/_ext/1303591613/ws2812b.o
 .comment       0x00000000       0x2c build/default/production/_ext/1303591613/ws2812b.o
 .ARM.attributes
                0x00000000       0x32 build/default/production/_ext/1303591613/ws2812b.o
 .text          0x00000000        0x0 build/default/production/_ext/504274921/plib_sercom1_usart.o
 .data          0x00000000        0x0 build/default/production/_ext/504274921/plib_sercom1_usart.o
 .bss           0x00000000        0x0 build/default/production/_ext/504274921/plib_sercom1_usart.o
 .text.SERCOM1_USART_FrequencyGet
                0x00000000        0x8 build/default/production/_ext/504274921/plib_sercom1_usart.o
 .text.SERCOM1_USART_SerialSetup
                0x00000000      0x134 build/default/production/_ext/504274921/plib_sercom1_usart.o
 .text.SERCOM1_USART_ErrorGet
                0x00000000       0x10 build/default/production/_ext/504274921/plib_sercom1_usart.o
 .text.SERCOM1_USART_TransmitterEnable
                0x00000000       0x18 build/default/production/_ext/504274921/plib_sercom1_usart.o
 .text.SERCOM1_USART_TransmitterDisable
                0x00000000       0x1c build/default/production/_ext/504274921/plib_sercom1_usart.o
 .text.SERCOM1_USART_Write
                0x00000000       0x60 build/default/production/_ext/504274921/plib_sercom1_usart.o
 .text.SERCOM1_USART_WriteIsBusy
                0x00000000        0xc build/default/production/_ext/504274921/plib_sercom1_usart.o
 .text.SERCOM1_USART_WriteCountGet
                0x00000000        0xc build/default/production/_ext/504274921/plib_sercom1_usart.o
 .text.SERCOM1_USART_WriteCallbackRegister
                0x00000000        0xc build/default/production/_ext/504274921/plib_sercom1_usart.o
 .text.SERCOM1_USART_ReceiverEnable
                0x00000000       0x18 build/default/production/_ext/504274921/plib_sercom1_usart.o
 .text.SERCOM1_USART_ReceiverDisable
                0x00000000       0x1c build/default/production/_ext/504274921/plib_sercom1_usart.o
 .text.SERCOM1_USART_Read
                0x00000000       0x44 build/default/production/_ext/504274921/plib_sercom1_usart.o
 .text.SERCOM1_USART_ReadIsBusy
                0x00000000       0x10 build/default/production/_ext/504274921/plib_sercom1_usart.o
 .text.SERCOM1_USART_ReadCountGet
                0x00000000        0xc build/default/production/_ext/504274921/plib_sercom1_usart.o
 .text.SERCOM1_USART_ReadAbort
                0x00000000       0x28 build/default/production/_ext/504274921/plib_sercom1_usart.o
 .text.SERCOM1_USART_ReadCallbackRegister
                0x00000000        0xc build/default/production/_ext/504274921/plib_sercom1_usart.o
 .text          0x00000000        0x0 build/default/production/_ext/60163342/plib_adc.o
 .data          0x00000000        0x0 build/default/production/_ext/60163342/plib_adc.o
 .bss           0x00000000        0x0 build/default/production/_ext/60163342/plib_adc.o
 .text.ADC_Enable
                0x00000000       0x18 build/default/production/_ext/60163342/plib_adc.o
 .text.ADC_Disable
                0x00000000       0x18 build/default/production/_ext/60163342/plib_adc.o
 .text.ADC_ChannelSelect
                0x00000000       0x24 build/default/production/_ext/60163342/plib_adc.o
 .text.ADC_ConversionStart
                0x00000000       0x18 build/default/production/_ext/60163342/plib_adc.o
 .text.ADC_ComparisonWindowSet
                0x00000000       0x24 build/default/production/_ext/60163342/plib_adc.o
 .text.ADC_WindowModeSet
                0x00000000       0x14 build/default/production/_ext/60163342/plib_adc.o
 .text.ADC_ConversionResultGet
                0x00000000        0xc build/default/production/_ext/60163342/plib_adc.o
 .text.ADC_InterruptsClear
                0x00000000        0xc build/default/production/_ext/60163342/plib_adc.o
 .text.ADC_InterruptsEnable
                0x00000000        0xc build/default/production/_ext/60163342/plib_adc.o
 .text.ADC_InterruptsDisable
                0x00000000        0xc build/default/production/_ext/60163342/plib_adc.o
 .text.ADC_ConversionStatusGet
                0x00000000       0x18 build/default/production/_ext/60163342/plib_adc.o
 .text          0x00000000        0x0 build/default/production/_ext/829342655/plib_tc4.o
 .data          0x00000000        0x0 build/default/production/_ext/829342655/plib_tc4.o
 .bss           0x00000000        0x0 build/default/production/_ext/829342655/plib_tc4.o
 .text.TC4_TimerStart
                0x00000000       0x18 build/default/production/_ext/829342655/plib_tc4.o
 .text.TC4_TimerStop
                0x00000000       0x18 build/default/production/_ext/829342655/plib_tc4.o
 .text.TC4_TimerFrequencyGet
                0x00000000        0x8 build/default/production/_ext/829342655/plib_tc4.o
 .text.TC4_TimerCommandSet
                0x00000000       0x18 build/default/production/_ext/829342655/plib_tc4.o
 .text.TC4_Timer32bitCounterGet
                0x00000000       0x20 build/default/production/_ext/829342655/plib_tc4.o
 .text.TC4_Timer32bitCounterSet
                0x00000000       0x14 build/default/production/_ext/829342655/plib_tc4.o
 .text.TC4_Timer32bitPeriodSet
                0x00000000       0x14 build/default/production/_ext/829342655/plib_tc4.o
 .text.TC4_Timer32bitPeriodGet
                0x00000000       0x20 build/default/production/_ext/829342655/plib_tc4.o
 .text.TC4_TimerPeriodHasExpired
                0x00000000       0x10 build/default/production/_ext/829342655/plib_tc4.o
 .text          0x00000000        0x0 build/default/production/_ext/1303591613/delay.o
 .data          0x00000000        0x0 build/default/production/_ext/1303591613/delay.o
 .bss           0x00000000        0x0 build/default/production/_ext/1303591613/delay.o
 .debug_line    0x00000000        0x0 build/default/production/_ext/1303591613/delay.o
 .debug_str     0x00000000        0x0 build/default/production/_ext/1303591613/delay.o
 .comment       0x00000000       0x2c build/default/production/_ext/1303591613/delay.o
 .ARM.attributes
                0x00000000       0x32 build/default/production/_ext/1303591613/delay.o
 .text          0x00000000        0x0 c:/program files/microchip/xc32/v4.10/bin/bin/../../lib/gcc/pic32c/8.3.1/../../../../pic32c/lib/thumb/v6-m/nofp\libpic32c.a(data_init.o)
 .data          0x00000000        0x0 c:/program files/microchip/xc32/v4.10/bin/bin/../../lib/gcc/pic32c/8.3.1/../../../../pic32c/lib/thumb/v6-m/nofp\libpic32c.a(data_init.o)
 .xc_stack_usage
                0x00000000       0x2a c:/program files/microchip/xc32/v4.10/bin/bin/../../lib/gcc/pic32c/8.3.1/../../../../pic32c/lib/thumb/v6-m/nofp\libpic32c.a(data_init.o)
 .xc_stack_usage.hdr
                0x00000000        0xe c:/program files/microchip/xc32/v4.10/bin/bin/../../lib/gcc/pic32c/8.3.1/../../../../pic32c/lib/thumb/v6-m/nofp\libpic32c.a(data_init.o)
 .text          0x00000000        0x0 c:/program files/microchip/xc32/v4.10/bin/bin/../../lib/gcc/pic32c/8.3.1/../../../../pic32c/lib/thumb/v6-m/nofp\libc-musl.a(__libc_start_main.o)
 .data          0x00000000        0x0 c:/program files/microchip/xc32/v4.10/bin/bin/../../lib/gcc/pic32c/8.3.1/../../../../pic32c/lib/thumb/v6-m/nofp\libc-musl.a(__libc_start_main.o)
 .bss           0x00000000        0x0 c:/program files/microchip/xc32/v4.10/bin/bin/../../lib/gcc/pic32c/8.3.1/../../../../pic32c/lib/thumb/v6-m/nofp\libc-musl.a(__libc_start_main.o)
 .xc_stack_usage
                0x00000000       0x34 c:/program files/microchip/xc32/v4.10/bin/bin/../../lib/gcc/pic32c/8.3.1/../../../../pic32c/lib/thumb/v6-m/nofp\libc-musl.a(__libc_start_main.o)
 .xc_stack_usage.hdr
                0x00000000        0xe c:/program files/microchip/xc32/v4.10/bin/bin/../../lib/gcc/pic32c/8.3.1/../../../../pic32c/lib/thumb/v6-m/nofp\libc-musl.a(__libc_start_main.o)
 .text          0x00000000        0x0 c:/program files/microchip/xc32/v4.10/bin/bin/../../lib/gcc/pic32c/8.3.1/../../../../pic32c/lib/thumb/v6-m/nofp\libc-musl.a(libc.o)
 .data          0x00000000        0x0 c:/program files/microchip/xc32/v4.10/bin/bin/../../lib/gcc/pic32c/8.3.1/../../../../pic32c/lib/thumb/v6-m/nofp\libc-musl.a(libc.o)
 .xc_stack_usage.hdr
                0x00000000        0xe c:/program files/microchip/xc32/v4.10/bin/bin/../../lib/gcc/pic32c/8.3.1/../../../../pic32c/lib/thumb/v6-m/nofp\libc-musl.a(libc.o)
 .text          0x00000000        0x0 c:/program files/microchip/xc32/v4.10/bin/bin/../../lib/gcc/pic32c/8.3.1/../../../../pic32c/lib/thumb/v6-m/nofp\libc-musl.a(memcpy.o)
 .data          0x00000000        0x0 c:/program files/microchip/xc32/v4.10/bin/bin/../../lib/gcc/pic32c/8.3.1/../../../../pic32c/lib/thumb/v6-m/nofp\libc-musl.a(memcpy.o)
 .bss           0x00000000        0x0 c:/program files/microchip/xc32/v4.10/bin/bin/../../lib/gcc/pic32c/8.3.1/../../../../pic32c/lib/thumb/v6-m/nofp\libc-musl.a(memcpy.o)
 .xc_stack_usage
                0x00000000       0x14 c:/program files/microchip/xc32/v4.10/bin/bin/../../lib/gcc/pic32c/8.3.1/../../../../pic32c/lib/thumb/v6-m/nofp\libc-musl.a(memcpy.o)
 .text.memcpy   0x00000000       0x12 c:/program files/microchip/xc32/v4.10/bin/bin/../../lib/gcc/pic32c/8.3.1/../../../../pic32c/lib/thumb/v6-m/nofp\libc-musl.a(memcpy.o)
 .xc_stack_usage.hdr
                0x00000000        0xe c:/program files/microchip/xc32/v4.10/bin/bin/../../lib/gcc/pic32c/8.3.1/../../../../pic32c/lib/thumb/v6-m/nofp\libc-musl.a(memcpy.o)
 .debug_info    0x00000000      0x2eb c:/program files/microchip/xc32/v4.10/bin/bin/../../lib/gcc/pic32c/8.3.1/../../../../pic32c/lib/thumb/v6-m/nofp\libc-musl.a(memcpy.o)
 .debug_abbrev  0x00000000       0x9c c:/program files/microchip/xc32/v4.10/bin/bin/../../lib/gcc/pic32c/8.3.1/../../../../pic32c/lib/thumb/v6-m/nofp\libc-musl.a(memcpy.o)
 .debug_loc     0x00000000      0x109 c:/program files/microchip/xc32/v4.10/bin/bin/../../lib/gcc/pic32c/8.3.1/../../../../pic32c/lib/thumb/v6-m/nofp\libc-musl.a(memcpy.o)
 .debug_aranges
                0x00000000       0x20 c:/program files/microchip/xc32/v4.10/bin/bin/../../lib/gcc/pic32c/8.3.1/../../../../pic32c/lib/thumb/v6-m/nofp\libc-musl.a(memcpy.o)
 .debug_ranges  0x00000000       0x10 c:/program files/microchip/xc32/v4.10/bin/bin/../../lib/gcc/pic32c/8.3.1/../../../../pic32c/lib/thumb/v6-m/nofp\libc-musl.a(memcpy.o)
 .debug_line    0x00000000       0xf7 c:/program files/microchip/xc32/v4.10/bin/bin/../../lib/gcc/pic32c/8.3.1/../../../../pic32c/lib/thumb/v6-m/nofp\libc-musl.a(memcpy.o)
 .debug_str     0x00000000        0x0 c:/program files/microchip/xc32/v4.10/bin/bin/../../lib/gcc/pic32c/8.3.1/../../../../pic32c/lib/thumb/v6-m/nofp\libc-musl.a(memcpy.o)
 .comment       0x00000000       0x2c c:/program files/microchip/xc32/v4.10/bin/bin/../../lib/gcc/pic32c/8.3.1/../../../../pic32c/lib/thumb/v6-m/nofp\libc-musl.a(memcpy.o)
 .note.GNU-stack
                0x00000000        0x0 c:/program files/microchip/xc32/v4.10/bin/bin/../../lib/gcc/pic32c/8.3.1/../../../../pic32c/lib/thumb/v6-m/nofp\libc-musl.a(memcpy.o)
 .debug_frame   0x00000000       0x28 c:/program files/microchip/xc32/v4.10/bin/bin/../../lib/gcc/pic32c/8.3.1/../../../../pic32c/lib/thumb/v6-m/nofp\libc-musl.a(memcpy.o)
 .ARM.attributes
                0x00000000       0x2e c:/program files/microchip/xc32/v4.10/bin/bin/../../lib/gcc/pic32c/8.3.1/../../../../pic32c/lib/thumb/v6-m/nofp\libc-musl.a(memcpy.o)
 .text          0x00000000        0x0 c:/program files/microchip/xc32/v4.10/bin/bin/../../lib/gcc/pic32c/8.3.1/../../../../pic32c/lib/thumb/v6-m/nofp\libc-musl.a(__environ.o)
 .data          0x00000000        0x0 c:/program files/microchip/xc32/v4.10/bin/bin/../../lib/gcc/pic32c/8.3.1/../../../../pic32c/lib/thumb/v6-m/nofp\libc-musl.a(__environ.o)
 .xc_stack_usage.hdr
                0x00000000        0xe c:/program files/microchip/xc32/v4.10/bin/bin/../../lib/gcc/pic32c/8.3.1/../../../../pic32c/lib/thumb/v6-m/nofp\libc-musl.a(__environ.o)
 .text          0x00000000       0x40 c:/program files/microchip/xc32/v4.10/bin/bin/../../lib/gcc/pic32c/8.3.1/thumb/v6-m/nofp\libgcc.a(_aeabi_uldivmod.o)
 .data          0x00000000        0x0 c:/program files/microchip/xc32/v4.10/bin/bin/../../lib/gcc/pic32c/8.3.1/thumb/v6-m/nofp\libgcc.a(_aeabi_uldivmod.o)
 .bss           0x00000000        0x0 c:/program files/microchip/xc32/v4.10/bin/bin/../../lib/gcc/pic32c/8.3.1/thumb/v6-m/nofp\libgcc.a(_aeabi_uldivmod.o)
 .xc_stack_usage.hdr
                0x00000000        0xe c:/program files/microchip/xc32/v4.10/bin/bin/../../lib/gcc/pic32c/8.3.1/thumb/v6-m/nofp\libgcc.a(_aeabi_uldivmod.o)
 .xc_stack_usage
                0x00000000       0x1e c:/program files/microchip/xc32/v4.10/bin/bin/../../lib/gcc/pic32c/8.3.1/thumb/v6-m/nofp\libgcc.a(_aeabi_uldivmod.o)
 .debug_line    0x00000000       0xa9 c:/program files/microchip/xc32/v4.10/bin/bin/../../lib/gcc/pic32c/8.3.1/thumb/v6-m/nofp\libgcc.a(_aeabi_uldivmod.o)
 .debug_info    0x00000000       0x26 c:/program files/microchip/xc32/v4.10/bin/bin/../../lib/gcc/pic32c/8.3.1/thumb/v6-m/nofp\libgcc.a(_aeabi_uldivmod.o)
 .debug_abbrev  0x00000000       0x14 c:/program files/microchip/xc32/v4.10/bin/bin/../../lib/gcc/pic32c/8.3.1/thumb/v6-m/nofp\libgcc.a(_aeabi_uldivmod.o)
 .debug_aranges
                0x00000000       0x20 c:/program files/microchip/xc32/v4.10/bin/bin/../../lib/gcc/pic32c/8.3.1/thumb/v6-m/nofp\libgcc.a(_aeabi_uldivmod.o)
 .debug_str     0x00000000       0xf2 c:/program files/microchip/xc32/v4.10/bin/bin/../../lib/gcc/pic32c/8.3.1/thumb/v6-m/nofp\libgcc.a(_aeabi_uldivmod.o)
 .ARM.attributes
                0x00000000       0x1e c:/program files/microchip/xc32/v4.10/bin/bin/../../lib/gcc/pic32c/8.3.1/thumb/v6-m/nofp\libgcc.a(_aeabi_uldivmod.o)
 .text          0x00000000       0xe2 c:/program files/microchip/xc32/v4.10/bin/bin/../../lib/gcc/pic32c/8.3.1/thumb/v6-m/nofp\libgcc.a(_udivmoddi4.o)
 .data          0x00000000        0x0 c:/program files/microchip/xc32/v4.10/bin/bin/../../lib/gcc/pic32c/8.3.1/thumb/v6-m/nofp\libgcc.a(_udivmoddi4.o)
 .bss           0x00000000        0x0 c:/program files/microchip/xc32/v4.10/bin/bin/../../lib/gcc/pic32c/8.3.1/thumb/v6-m/nofp\libgcc.a(_udivmoddi4.o)
 .xc_stack_usage
                0x00000000       0x1a c:/program files/microchip/xc32/v4.10/bin/bin/../../lib/gcc/pic32c/8.3.1/thumb/v6-m/nofp\libgcc.a(_udivmoddi4.o)
 .ARM.extab     0x00000000        0x0 c:/program files/microchip/xc32/v4.10/bin/bin/../../lib/gcc/pic32c/8.3.1/thumb/v6-m/nofp\libgcc.a(_udivmoddi4.o)
 .ARM.exidx     0x00000000        0x8 c:/program files/microchip/xc32/v4.10/bin/bin/../../lib/gcc/pic32c/8.3.1/thumb/v6-m/nofp\libgcc.a(_udivmoddi4.o)
 .xc_stack_usage.hdr
                0x00000000        0xe c:/program files/microchip/xc32/v4.10/bin/bin/../../lib/gcc/pic32c/8.3.1/thumb/v6-m/nofp\libgcc.a(_udivmoddi4.o)
 .debug_info    0x00000000      0x429 c:/program files/microchip/xc32/v4.10/bin/bin/../../lib/gcc/pic32c/8.3.1/thumb/v6-m/nofp\libgcc.a(_udivmoddi4.o)
 .debug_abbrev  0x00000000       0x8e c:/program files/microchip/xc32/v4.10/bin/bin/../../lib/gcc/pic32c/8.3.1/thumb/v6-m/nofp\libgcc.a(_udivmoddi4.o)
 .debug_loc     0x00000000      0x2e7 c:/program files/microchip/xc32/v4.10/bin/bin/../../lib/gcc/pic32c/8.3.1/thumb/v6-m/nofp\libgcc.a(_udivmoddi4.o)
 .debug_aranges
                0x00000000       0x20 c:/program files/microchip/xc32/v4.10/bin/bin/../../lib/gcc/pic32c/8.3.1/thumb/v6-m/nofp\libgcc.a(_udivmoddi4.o)
 .debug_line    0x00000000      0x195 c:/program files/microchip/xc32/v4.10/bin/bin/../../lib/gcc/pic32c/8.3.1/thumb/v6-m/nofp\libgcc.a(_udivmoddi4.o)
 .debug_str     0x00000000        0x0 c:/program files/microchip/xc32/v4.10/bin/bin/../../lib/gcc/pic32c/8.3.1/thumb/v6-m/nofp\libgcc.a(_udivmoddi4.o)
 .comment       0x00000000       0x2c c:/program files/microchip/xc32/v4.10/bin/bin/../../lib/gcc/pic32c/8.3.1/thumb/v6-m/nofp\libgcc.a(_udivmoddi4.o)
 .debug_frame   0x00000000       0x30 c:/program files/microchip/xc32/v4.10/bin/bin/../../lib/gcc/pic32c/8.3.1/thumb/v6-m/nofp\libgcc.a(_udivmoddi4.o)
 .ARM.attributes
                0x00000000       0x2c c:/program files/microchip/xc32/v4.10/bin/bin/../../lib/gcc/pic32c/8.3.1/thumb/v6-m/nofp\libgcc.a(_udivmoddi4.o)
 .text          0x00000000        0x4 c:/program files/microchip/xc32/v4.10/bin/bin/../../lib/gcc/pic32c/8.3.1/thumb/v6-m/nofp\libgcc.a(_dvmd_tls.o)
 .data          0x00000000        0x0 c:/program files/microchip/xc32/v4.10/bin/bin/../../lib/gcc/pic32c/8.3.1/thumb/v6-m/nofp\libgcc.a(_dvmd_tls.o)
 .bss           0x00000000        0x0 c:/program files/microchip/xc32/v4.10/bin/bin/../../lib/gcc/pic32c/8.3.1/thumb/v6-m/nofp\libgcc.a(_dvmd_tls.o)
 .xc_stack_usage.hdr
                0x00000000        0xe c:/program files/microchip/xc32/v4.10/bin/bin/../../lib/gcc/pic32c/8.3.1/thumb/v6-m/nofp\libgcc.a(_dvmd_tls.o)
 .xc_stack_usage
                0x00000000       0x36 c:/program files/microchip/xc32/v4.10/bin/bin/../../lib/gcc/pic32c/8.3.1/thumb/v6-m/nofp\libgcc.a(_dvmd_tls.o)
 .debug_line    0x00000000       0x9e c:/program files/microchip/xc32/v4.10/bin/bin/../../lib/gcc/pic32c/8.3.1/thumb/v6-m/nofp\libgcc.a(_dvmd_tls.o)
 .debug_info    0x00000000       0x26 c:/program files/microchip/xc32/v4.10/bin/bin/../../lib/gcc/pic32c/8.3.1/thumb/v6-m/nofp\libgcc.a(_dvmd_tls.o)
 .debug_abbrev  0x00000000       0x14 c:/program files/microchip/xc32/v4.10/bin/bin/../../lib/gcc/pic32c/8.3.1/thumb/v6-m/nofp\libgcc.a(_dvmd_tls.o)
 .debug_aranges
                0x00000000       0x20 c:/program files/microchip/xc32/v4.10/bin/bin/../../lib/gcc/pic32c/8.3.1/thumb/v6-m/nofp\libgcc.a(_dvmd_tls.o)
 .debug_str     0x00000000       0xf2 c:/program files/microchip/xc32/v4.10/bin/bin/../../lib/gcc/pic32c/8.3.1/thumb/v6-m/nofp\libgcc.a(_dvmd_tls.o)
 .ARM.attributes
                0x00000000       0x1e c:/program files/microchip/xc32/v4.10/bin/bin/../../lib/gcc/pic32c/8.3.1/thumb/v6-m/nofp\libgcc.a(_dvmd_tls.o)
 .text          0x00000000       0x18 c:/program files/microchip/xc32/v4.10/bin/bin/../../lib/gcc/pic32c/8.3.1/thumb/v6-m/nofp\libgcc.a(_lshrdi3.o)
 .data          0x00000000        0x0 c:/program files/microchip/xc32/v4.10/bin/bin/../../lib/gcc/pic32c/8.3.1/thumb/v6-m/nofp\libgcc.a(_lshrdi3.o)
 .bss           0x00000000        0x0 c:/program files/microchip/xc32/v4.10/bin/bin/../../lib/gcc/pic32c/8.3.1/thumb/v6-m/nofp\libgcc.a(_lshrdi3.o)
 .xc_stack_usage.hdr
                0x00000000        0xe c:/program files/microchip/xc32/v4.10/bin/bin/../../lib/gcc/pic32c/8.3.1/thumb/v6-m/nofp\libgcc.a(_lshrdi3.o)
 .xc_stack_usage
                0x00000000       0x17 c:/program files/microchip/xc32/v4.10/bin/bin/../../lib/gcc/pic32c/8.3.1/thumb/v6-m/nofp\libgcc.a(_lshrdi3.o)
 .debug_line    0x00000000       0xa9 c:/program files/microchip/xc32/v4.10/bin/bin/../../lib/gcc/pic32c/8.3.1/thumb/v6-m/nofp\libgcc.a(_lshrdi3.o)
 .debug_info    0x00000000       0x26 c:/program files/microchip/xc32/v4.10/bin/bin/../../lib/gcc/pic32c/8.3.1/thumb/v6-m/nofp\libgcc.a(_lshrdi3.o)
 .debug_abbrev  0x00000000       0x14 c:/program files/microchip/xc32/v4.10/bin/bin/../../lib/gcc/pic32c/8.3.1/thumb/v6-m/nofp\libgcc.a(_lshrdi3.o)
 .debug_aranges
                0x00000000       0x20 c:/program files/microchip/xc32/v4.10/bin/bin/../../lib/gcc/pic32c/8.3.1/thumb/v6-m/nofp\libgcc.a(_lshrdi3.o)
 .debug_str     0x00000000       0xf2 c:/program files/microchip/xc32/v4.10/bin/bin/../../lib/gcc/pic32c/8.3.1/thumb/v6-m/nofp\libgcc.a(_lshrdi3.o)
 .ARM.attributes
                0x00000000       0x1e c:/program files/microchip/xc32/v4.10/bin/bin/../../lib/gcc/pic32c/8.3.1/thumb/v6-m/nofp\libgcc.a(_lshrdi3.o)
 .text          0x00000000       0x18 c:/program files/microchip/xc32/v4.10/bin/bin/../../lib/gcc/pic32c/8.3.1/thumb/v6-m/nofp\libgcc.a(_ashldi3.o)
 .data          0x00000000        0x0 c:/program files/microchip/xc32/v4.10/bin/bin/../../lib/gcc/pic32c/8.3.1/thumb/v6-m/nofp\libgcc.a(_ashldi3.o)
 .bss           0x00000000        0x0 c:/program files/microchip/xc32/v4.10/bin/bin/../../lib/gcc/pic32c/8.3.1/thumb/v6-m/nofp\libgcc.a(_ashldi3.o)
 .xc_stack_usage.hdr
                0x00000000        0xe c:/program files/microchip/xc32/v4.10/bin/bin/../../lib/gcc/pic32c/8.3.1/thumb/v6-m/nofp\libgcc.a(_ashldi3.o)
 .xc_stack_usage
                0x00000000       0x17 c:/program files/microchip/xc32/v4.10/bin/bin/../../lib/gcc/pic32c/8.3.1/thumb/v6-m/nofp\libgcc.a(_ashldi3.o)
 .debug_line    0x00000000       0xa9 c:/program files/microchip/xc32/v4.10/bin/bin/../../lib/gcc/pic32c/8.3.1/thumb/v6-m/nofp\libgcc.a(_ashldi3.o)
 .debug_info    0x00000000       0x26 c:/program files/microchip/xc32/v4.10/bin/bin/../../lib/gcc/pic32c/8.3.1/thumb/v6-m/nofp\libgcc.a(_ashldi3.o)
 .debug_abbrev  0x00000000       0x14 c:/program files/microchip/xc32/v4.10/bin/bin/../../lib/gcc/pic32c/8.3.1/thumb/v6-m/nofp\libgcc.a(_ashldi3.o)
 .debug_aranges
                0x00000000       0x20 c:/program files/microchip/xc32/v4.10/bin/bin/../../lib/gcc/pic32c/8.3.1/thumb/v6-m/nofp\libgcc.a(_ashldi3.o)
 .debug_str     0x00000000       0xf2 c:/program files/microchip/xc32/v4.10/bin/bin/../../lib/gcc/pic32c/8.3.1/thumb/v6-m/nofp\libgcc.a(_ashldi3.o)
 .ARM.attributes
                0x00000000       0x1e c:/program files/microchip/xc32/v4.10/bin/bin/../../lib/gcc/pic32c/8.3.1/thumb/v6-m/nofp\libgcc.a(_ashldi3.o)
 .text          0x00000000       0x18 c:/program files/microchip/xc32/v4.10/bin/bin/../../lib/gcc/pic32c/8.3.1/thumb/v6-m/nofp\libgcc.a(_clzdi2.o)
 .data          0x00000000        0x0 c:/program files/microchip/xc32/v4.10/bin/bin/../../lib/gcc/pic32c/8.3.1/thumb/v6-m/nofp\libgcc.a(_clzdi2.o)
 .bss           0x00000000        0x0 c:/program files/microchip/xc32/v4.10/bin/bin/../../lib/gcc/pic32c/8.3.1/thumb/v6-m/nofp\libgcc.a(_clzdi2.o)
 .xc_stack_usage.hdr
                0x00000000        0xe c:/program files/microchip/xc32/v4.10/bin/bin/../../lib/gcc/pic32c/8.3.1/thumb/v6-m/nofp\libgcc.a(_clzdi2.o)
 .xc_stack_usage
                0x00000000       0x16 c:/program files/microchip/xc32/v4.10/bin/bin/../../lib/gcc/pic32c/8.3.1/thumb/v6-m/nofp\libgcc.a(_clzdi2.o)
 .debug_line    0x00000000       0xa8 c:/program files/microchip/xc32/v4.10/bin/bin/../../lib/gcc/pic32c/8.3.1/thumb/v6-m/nofp\libgcc.a(_clzdi2.o)
 .debug_info    0x00000000       0x26 c:/program files/microchip/xc32/v4.10/bin/bin/../../lib/gcc/pic32c/8.3.1/thumb/v6-m/nofp\libgcc.a(_clzdi2.o)
 .debug_abbrev  0x00000000       0x14 c:/program files/microchip/xc32/v4.10/bin/bin/../../lib/gcc/pic32c/8.3.1/thumb/v6-m/nofp\libgcc.a(_clzdi2.o)
 .debug_aranges
                0x00000000       0x20 c:/program files/microchip/xc32/v4.10/bin/bin/../../lib/gcc/pic32c/8.3.1/thumb/v6-m/nofp\libgcc.a(_clzdi2.o)
 .debug_str     0x00000000       0xf2 c:/program files/microchip/xc32/v4.10/bin/bin/../../lib/gcc/pic32c/8.3.1/thumb/v6-m/nofp\libgcc.a(_clzdi2.o)
 .ARM.attributes
                0x00000000       0x1e c:/program files/microchip/xc32/v4.10/bin/bin/../../lib/gcc/pic32c/8.3.1/thumb/v6-m/nofp\libgcc.a(_clzdi2.o)
 .text          0x00000000       0x3c c:/program files/microchip/xc32/v4.10/bin/bin/../../lib/gcc/pic32c/8.3.1/thumb/v6-m/nofp\libgcc.a(_clzsi2.o)
 .data          0x00000000        0x0 c:/program files/microchip/xc32/v4.10/bin/bin/../../lib/gcc/pic32c/8.3.1/thumb/v6-m/nofp\libgcc.a(_clzsi2.o)
 .bss           0x00000000        0x0 c:/program files/microchip/xc32/v4.10/bin/bin/../../lib/gcc/pic32c/8.3.1/thumb/v6-m/nofp\libgcc.a(_clzsi2.o)
 .xc_stack_usage.hdr
                0x00000000        0xe c:/program files/microchip/xc32/v4.10/bin/bin/../../lib/gcc/pic32c/8.3.1/thumb/v6-m/nofp\libgcc.a(_clzsi2.o)
 .xc_stack_usage
                0x00000000       0x16 c:/program files/microchip/xc32/v4.10/bin/bin/../../lib/gcc/pic32c/8.3.1/thumb/v6-m/nofp\libgcc.a(_clzsi2.o)
 .debug_line    0x00000000       0xb2 c:/program files/microchip/xc32/v4.10/bin/bin/../../lib/gcc/pic32c/8.3.1/thumb/v6-m/nofp\libgcc.a(_clzsi2.o)
 .debug_info    0x00000000       0x26 c:/program files/microchip/xc32/v4.10/bin/bin/../../lib/gcc/pic32c/8.3.1/thumb/v6-m/nofp\libgcc.a(_clzsi2.o)
 .debug_abbrev  0x00000000       0x14 c:/program files/microchip/xc32/v4.10/bin/bin/../../lib/gcc/pic32c/8.3.1/thumb/v6-m/nofp\libgcc.a(_clzsi2.o)
 .debug_aranges
                0x00000000       0x20 c:/program files/microchip/xc32/v4.10/bin/bin/../../lib/gcc/pic32c/8.3.1/thumb/v6-m/nofp\libgcc.a(_clzsi2.o)
 .debug_str     0x00000000       0xf2 c:/program files/microchip/xc32/v4.10/bin/bin/../../lib/gcc/pic32c/8.3.1/thumb/v6-m/nofp\libgcc.a(_clzsi2.o)
 .ARM.attributes
                0x00000000       0x1e c:/program files/microchip/xc32/v4.10/bin/bin/../../lib/gcc/pic32c/8.3.1/thumb/v6-m/nofp\libgcc.a(_clzsi2.o)
 .text          0x00000000        0x0 c:/program files/microchip/xc32/v4.10/bin/bin/../../lib/gcc/pic32c/8.3.1/thumb/v6-m/nofp/crtend.o
 .data          0x00000000        0x0 c:/program files/microchip/xc32/v4.10/bin/bin/../../lib/gcc/pic32c/8.3.1/thumb/v6-m/nofp/crtend.o
 .bss           0x00000000        0x0 c:/program files/microchip/xc32/v4.10/bin/bin/../../lib/gcc/pic32c/8.3.1/thumb/v6-m/nofp/crtend.o
 .eh_frame      0x00000000        0x4 c:/program files/microchip/xc32/v4.10/bin/bin/../../lib/gcc/pic32c/8.3.1/thumb/v6-m/nofp/crtend.o
 .xc_stack_usage.hdr
                0x00000000        0xe c:/program files/microchip/xc32/v4.10/bin/bin/../../lib/gcc/pic32c/8.3.1/thumb/v6-m/nofp/crtend.o
 .comment       0x00000000       0x2c c:/program files/microchip/xc32/v4.10/bin/bin/../../lib/gcc/pic32c/8.3.1/thumb/v6-m/nofp/crtend.o
 .ARM.attributes
                0x00000000       0x2c c:/program files/microchip/xc32/v4.10/bin/bin/../../lib/gcc/pic32c/8.3.1/thumb/v6-m/nofp/crtend.o
 .text          0x00000000        0x0 c:/program files/microchip/xc32/v4.10/bin/bin/../../lib/gcc/pic32c/8.3.1/thumb/v6-m/nofp/crtn.o
 .data          0x00000000        0x0 c:/program files/microchip/xc32/v4.10/bin/bin/../../lib/gcc/pic32c/8.3.1/thumb/v6-m/nofp/crtn.o
 .bss           0x00000000        0x0 c:/program files/microchip/xc32/v4.10/bin/bin/../../lib/gcc/pic32c/8.3.1/thumb/v6-m/nofp/crtn.o
 .xc_stack_usage.hdr
                0x00000000        0xe c:/program files/microchip/xc32/v4.10/bin/bin/../../lib/gcc/pic32c/8.3.1/thumb/v6-m/nofp/crtn.o

Memory Configuration

Name             Origin             Length             Attributes
rom              0x00000000         0x00040000         xrl
ram              0x20000000         0x00008000         xw !r
config_00804000  0x00804000         0x00000004
config_00804004  0x00804004         0x00000004
*default*        0x00000000         0xffffffff

Linker script and memory map

LOAD c:/program files/microchip/xc32/v4.10/bin/bin/../../lib/gcc/pic32c/8.3.1/thumb/v6-m/nofp/crti.o
LOAD c:/program files/microchip/xc32/v4.10/bin/bin/../../lib/gcc/pic32c/8.3.1/thumb/v6-m/nofp/crtbegin.o
LOAD build/default/production/_ext/1593096446/plib_nvmctrl.o
LOAD build/default/production/_ext/1986646378/plib_evsys.o
LOAD build/default/production/_ext/60181570/plib_tcc0.o
LOAD build/default/production/_ext/1360937237/main.o
LOAD build/default/production/_ext/1171490990/initialization.o
LOAD build/default/production/_ext/1171490990/interrupts.o
LOAD build/default/production/_ext/1171490990/exceptions.o
LOAD build/default/production/_ext/163028504/xc32_monitor.o
LOAD build/default/production/_ext/1865521619/plib_port.o
LOAD build/default/production/_ext/1984496892/plib_clock.o
LOAD build/default/production/_ext/1865468468/plib_nvic.o
LOAD build/default/production/_ext/1171490990/libc_syscalls.o
LOAD build/default/production/_ext/1171490990/startup_xc32.o
LOAD build/default/production/_ext/1303591613/1602_LCD.o
LOAD build/default/production/_ext/1303591613/1602_LCD_HAL.o
LOAD build/default/production/_ext/1303591613/7segSR.o
LOAD build/default/production/_ext/1303591613/sn74hc595n.o
LOAD build/default/production/_ext/1303591613/ws2812b.o
LOAD build/default/production/_ext/504274921/plib_sercom1_usart.o
LOAD build/default/production/_ext/60163342/plib_adc.o
LOAD build/default/production/_ext/829342655/plib_tc4.o
LOAD build/default/production/_ext/1303591613/delay.o
                0x00000001                __MPLAB_BUILD = 0x1
                0x00040000                __rom_end = (ORIGIN (rom) + LENGTH (rom))
                0x20008000                __ram_end = (ORIGIN (ram) + LENGTH (ram))

.config_00804000
 *(.config_00804000)

.config_00804004
 *(.config_00804004)

.vectors        0x00000000       0xb0
                0x00000000                . = ALIGN (0x4)
                0x00000000                _sfixed = .
 *(.vectors .vectors.* .vectors_default .vectors_default.*)
 .vectors.exception_table
                0x00000000       0xb0 build/default/production/_ext/1171490990/interrupts.o
                0x00000000                exception_table
 *(.isr_vector)
 *(.reset*)
 *(.after_vectors)

.text           0x000000b0       0x20
                0x000000b0                . = ALIGN (0x4)
 *(.glue_7t)
 .glue_7t       0x000000b0        0x0 linker stubs
 *(.glue_7)
 .glue_7        0x000000b0        0x0 linker stubs
 *(.gnu.linkonce.r.*)
 *(.ARM.extab* .gnu.linkonce.armextab.*)
                0x000000b0                . = ALIGN (0x4)
 *(.init)
 .init          0x000000b0        0x4 c:/program files/microchip/xc32/v4.10/bin/bin/../../lib/gcc/pic32c/8.3.1/thumb/v6-m/nofp/crti.o
                0x000000b0                _init
 .init          0x000000b4        0x8 c:/program files/microchip/xc32/v4.10/bin/bin/../../lib/gcc/pic32c/8.3.1/thumb/v6-m/nofp/crtn.o
                0x000000bc                . = ALIGN (0x4)
                0x000000bc                __preinit_array_start = .
 *(.preinit_array)
                0x000000bc                __preinit_array_end = .
                0x000000bc                . = ALIGN (0x4)
                0x000000bc                __init_array_start = .
 *(SORT_BY_NAME(.init_array.*))
 *(.init_array)
 .init_array    0x000000bc        0x4 c:/program files/microchip/xc32/v4.10/bin/bin/../../lib/gcc/pic32c/8.3.1/thumb/v6-m/nofp/crtbegin.o
                0x000000c0                __init_array_end = .
                0x000000c0                . = ALIGN (0x4)
 *crtbegin.o(.ctors)
 *(EXCLUDE_FILE(*crtend.o) .ctors)
 *(SORT_BY_NAME(.ctors.*))
 *crtend.o(.ctors)
                0x000000c0                . = ALIGN (0x4)
 *(.fini)
 .fini          0x000000c0        0x4 c:/program files/microchip/xc32/v4.10/bin/bin/../../lib/gcc/pic32c/8.3.1/thumb/v6-m/nofp/crti.o
                0x000000c0                _fini
 .fini          0x000000c4        0x8 c:/program files/microchip/xc32/v4.10/bin/bin/../../lib/gcc/pic32c/8.3.1/thumb/v6-m/nofp/crtn.o
                0x000000cc                . = ALIGN (0x4)
                0x000000cc                __fini_array_start = .
 *(.fini_array)
 .fini_array    0x000000cc        0x4 c:/program files/microchip/xc32/v4.10/bin/bin/../../lib/gcc/pic32c/8.3.1/thumb/v6-m/nofp/crtbegin.o
 *(SORT_BY_NAME(.fini_array.*))
                0x000000d0                __fini_array_end = .
 *crtbegin.o(.dtors)
 *(EXCLUDE_FILE(*crtend.o) .dtors)
 *(SORT_BY_NAME(.dtors.*))
 *crtend.o(.dtors)
                0x000000d0                . = ALIGN (0x4)
                0x000000d0                _efixed = .
                [!provide]                PROVIDE (__exidx_start = .)

.ARM.exidx
 *(.ARM.exidx* .gnu.linkonce.armexidx.*)
                [!provide]                PROVIDE (__exidx_end = .)
                0x000000d0                . = ALIGN (0x4)
                0x000000d0                _etext = .

.bss            0x20000000        0x0
                0x20000000                . = ALIGN (0x4)
                0x20000000                __bss_start__ = .
                0x20000000                _sbss = .
                0x20000000                _szero = .
 *(COMMON)
                0x20000000                . = ALIGN (0x4)
                0x20000000                __bss_end__ = .
                0x20000000                _ebss = .
                0x20000000                _ezero = .
                0x20000000                . = ALIGN (0x4)
                0x20000000                _end = .
                0x20007fff                _ram_end_ = ((ORIGIN (ram) + LENGTH (ram)) - 0x1)
                0x00000200                _min_heap_size = 0x200
START GROUP
LOAD c:/program files/microchip/xc32/v4.10/bin/bin/../../lib/gcc/pic32c/8.3.1/../../../../pic32c/lib/thumb/v6-m/nofp\libpic32c.a
LOAD c:/program files/microchip/xc32/v4.10/bin/bin/../../lib/gcc/pic32c/8.3.1/../../../../pic32c/lib/thumb/v6-m/nofp\libm-emfloat.a
LOAD c:/program files/microchip/xc32/v4.10/bin/bin/../../lib/gcc/pic32c/8.3.1/../../../../pic32c/lib/thumb/v6-m/nofp\libc-musl.a
LOAD c:/program files/microchip/xc32/v4.10/bin/bin/../../lib/gcc/pic32c/8.3.1/../../../../pic32c/lib/thumb/v6-m/nofp\libm-emfloat.a
LOAD c:/program files/microchip/xc32/v4.10/bin/bin/../../lib/gcc/pic32c/8.3.1/thumb/v6-m/nofp\libgcc.a
END GROUP
LOAD c:/program files/microchip/xc32/v4.10/bin/bin/../../lib/gcc/pic32c/8.3.1/thumb/v6-m/nofp/crtend.o
LOAD c:/program files/microchip/xc32/v4.10/bin/bin/../../lib/gcc/pic32c/8.3.1/thumb/v6-m/nofp/crtn.o
OUTPUT(dist/default/production/SAMD21Eval.X.production.elf elf32-littlearm)
LOAD stack
LOAD data_init

.ARM.attributes
                0x00000000       0x2c
 .ARM.attributes
                0x00000000       0x1e c:/program files/microchip/xc32/v4.10/bin/bin/../../lib/gcc/pic32c/8.3.1/thumb/v6-m/nofp/crti.o
 .ARM.attributes
                0x0000001e       0x2c c:/program files/microchip/xc32/v4.10/bin/bin/../../lib/gcc/pic32c/8.3.1/thumb/v6-m/nofp/crtbegin.o
 .ARM.attributes
                0x0000004a       0x2c build/default/production/_ext/1593096446/plib_nvmctrl.o
 .ARM.attributes
                0x00000076       0x2c build/default/production/_ext/1986646378/plib_evsys.o
 .ARM.attributes
                0x000000a2       0x2c build/default/production/_ext/60181570/plib_tcc0.o
 .ARM.attributes
                0x000000ce       0x2c build/default/production/_ext/1360937237/main.o
 .ARM.attributes
                0x000000fa       0x2c build/default/production/_ext/1171490990/initialization.o
 .ARM.attributes
                0x00000126       0x2c build/default/production/_ext/1171490990/interrupts.o
 .ARM.attributes
                0x00000152       0x2c build/default/production/_ext/1171490990/exceptions.o
 .ARM.attributes
                0x0000017e       0x2c build/default/production/_ext/1865521619/plib_port.o
 .ARM.attributes
                0x000001aa       0x2c build/default/production/_ext/1984496892/plib_clock.o
 .ARM.attributes
                0x000001d6       0x2c build/default/production/_ext/1865468468/plib_nvic.o
 .ARM.attributes
                0x00000202       0x2c build/default/production/_ext/1171490990/startup_xc32.o
 .ARM.attributes
                0x0000022e       0x2c build/default/production/_ext/504274921/plib_sercom1_usart.o
 .ARM.attributes
                0x0000025a       0x2c build/default/production/_ext/60163342/plib_adc.o
 .ARM.attributes
                0x00000286       0x2c build/default/production/_ext/829342655/plib_tc4.o
 .ARM.attributes
                0x000002b2       0x2c c:/program files/microchip/xc32/v4.10/bin/bin/../../lib/gcc/pic32c/8.3.1/../../../../pic32c/lib/thumb/v6-m/nofp\libpic32c.a(data_init.o)
 .ARM.attributes
                0x000002de       0x2e c:/program files/microchip/xc32/v4.10/bin/bin/../../lib/gcc/pic32c/8.3.1/../../../../pic32c/lib/thumb/v6-m/nofp\libc-musl.a(__libc_start_main.o)
 .ARM.attributes
                0x0000030c       0x2e c:/program files/microchip/xc32/v4.10/bin/bin/../../lib/gcc/pic32c/8.3.1/../../../../pic32c/lib/thumb/v6-m/nofp\libc-musl.a(libc.o)
 .ARM.attributes
                0x0000033a       0x2e c:/program files/microchip/xc32/v4.10/bin/bin/../../lib/gcc/pic32c/8.3.1/../../../../pic32c/lib/thumb/v6-m/nofp\libc-musl.a(__environ.o)
 .ARM.attributes
                0x00000368       0x1e c:/program files/microchip/xc32/v4.10/bin/bin/../../lib/gcc/pic32c/8.3.1/thumb/v6-m/nofp/crtn.o

.comment        0x00000000       0x2b
 .comment       0x00000000       0x2b c:/program files/microchip/xc32/v4.10/bin/bin/../../lib/gcc/pic32c/8.3.1/thumb/v6-m/nofp/crtbegin.o
                                 0x2c (size before relaxing)
 .comment       0x0000002b       0x2c build/default/production/_ext/1593096446/plib_nvmctrl.o
 .comment       0x0000002b       0x2c build/default/production/_ext/1986646378/plib_evsys.o
 .comment       0x0000002b       0x2c build/default/production/_ext/60181570/plib_tcc0.o
 .comment       0x0000002b       0x2c build/default/production/_ext/1360937237/main.o
 .comment       0x0000002b       0x2c build/default/production/_ext/1171490990/initialization.o
 .comment       0x0000002b       0x2c build/default/production/_ext/1171490990/interrupts.o
 .comment       0x0000002b       0x2c build/default/production/_ext/1171490990/exceptions.o
 .comment       0x0000002b       0x2c build/default/production/_ext/1865521619/plib_port.o
 .comment       0x0000002b       0x2c build/default/production/_ext/1984496892/plib_clock.o
 .comment       0x0000002b       0x2c build/default/production/_ext/1865468468/plib_nvic.o
 .comment       0x0000002b       0x2c build/default/production/_ext/1171490990/startup_xc32.o
 .comment       0x0000002b       0x2c build/default/production/_ext/504274921/plib_sercom1_usart.o
 .comment       0x0000002b       0x2c build/default/production/_ext/60163342/plib_adc.o
 .comment       0x0000002b       0x2c build/default/production/_ext/829342655/plib_tc4.o
 .comment       0x0000002b       0x2c c:/program files/microchip/xc32/v4.10/bin/bin/../../lib/gcc/pic32c/8.3.1/../../../../pic32c/lib/thumb/v6-m/nofp\libpic32c.a(data_init.o)
 .comment       0x0000002b       0x2c c:/program files/microchip/xc32/v4.10/bin/bin/../../lib/gcc/pic32c/8.3.1/../../../../pic32c/lib/thumb/v6-m/nofp\libc-musl.a(__libc_start_main.o)
 .comment       0x0000002b       0x2c c:/program files/microchip/xc32/v4.10/bin/bin/../../lib/gcc/pic32c/8.3.1/../../../../pic32c/lib/thumb/v6-m/nofp\libc-musl.a(libc.o)
 .comment       0x0000002b       0x2c c:/program files/microchip/xc32/v4.10/bin/bin/../../lib/gcc/pic32c/8.3.1/../../../../pic32c/lib/thumb/v6-m/nofp\libc-musl.a(__environ.o)

.debug_info     0x00000000     0x8efd
 .debug_info    0x00000000      0x881 build/default/production/_ext/1593096446/plib_nvmctrl.o
 .debug_info    0x00000881      0x2ef build/default/production/_ext/1986646378/plib_evsys.o
 .debug_info    0x00000b70      0x942 build/default/production/_ext/60181570/plib_tcc0.o
 .debug_info    0x000014b2      0x31f build/default/production/_ext/1360937237/main.o
 .debug_info    0x000017d1      0x5d8 build/default/production/_ext/1171490990/initialization.o
 .debug_info    0x00001da9      0x843 build/default/production/_ext/1171490990/interrupts.o
 .debug_info    0x000025ec      0x313 build/default/production/_ext/1171490990/exceptions.o
 .debug_info    0x000028ff      0xd31 build/default/production/_ext/1865521619/plib_port.o
 .debug_info    0x00003630      0xa0a build/default/production/_ext/1984496892/plib_clock.o
 .debug_info    0x0000403a      0x9de build/default/production/_ext/1865468468/plib_nvic.o
 .debug_info    0x00004a18      0x483 build/default/production/_ext/1171490990/startup_xc32.o
 .debug_info    0x00004e9b     0x17ec build/default/production/_ext/504274921/plib_sercom1_usart.o
 .debug_info    0x00006687      0xd94 build/default/production/_ext/60163342/plib_adc.o
 .debug_info    0x0000741b      0xa49 build/default/production/_ext/829342655/plib_tc4.o
 .debug_info    0x00007e64      0x2a4 c:/program files/microchip/xc32/v4.10/bin/bin/../../lib/gcc/pic32c/8.3.1/../../../../pic32c/lib/thumb/v6-m/nofp\libpic32c.a(data_init.o)
 .debug_info    0x00008108      0x61d c:/program files/microchip/xc32/v4.10/bin/bin/../../lib/gcc/pic32c/8.3.1/../../../../pic32c/lib/thumb/v6-m/nofp\libc-musl.a(__libc_start_main.o)
 .debug_info    0x00008725      0x52f c:/program files/microchip/xc32/v4.10/bin/bin/../../lib/gcc/pic32c/8.3.1/../../../../pic32c/lib/thumb/v6-m/nofp\libc-musl.a(libc.o)
 .debug_info    0x00008c54      0x2a9 c:/program files/microchip/xc32/v4.10/bin/bin/../../lib/gcc/pic32c/8.3.1/../../../../pic32c/lib/thumb/v6-m/nofp\libc-musl.a(__environ.o)

.debug_abbrev   0x00000000     0x147b
 .debug_abbrev  0x00000000      0x1b1 build/default/production/_ext/1593096446/plib_nvmctrl.o
 .debug_abbrev  0x000001b1       0x3b build/default/production/_ext/1986646378/plib_evsys.o
 .debug_abbrev  0x000001ec      0x131 build/default/production/_ext/60181570/plib_tcc0.o
 .debug_abbrev  0x0000031d       0x77 build/default/production/_ext/1360937237/main.o
 .debug_abbrev  0x00000394       0xe9 build/default/production/_ext/1171490990/initialization.o
 .debug_abbrev  0x0000047d       0xb5 build/default/production/_ext/1171490990/interrupts.o
 .debug_abbrev  0x00000532       0x3e build/default/production/_ext/1171490990/exceptions.o
 .debug_abbrev  0x00000570      0x1d6 build/default/production/_ext/1865521619/plib_port.o
 .debug_abbrev  0x00000746      0x13e build/default/production/_ext/1984496892/plib_clock.o
 .debug_abbrev  0x00000884      0x1e1 build/default/production/_ext/1865468468/plib_nvic.o
 .debug_abbrev  0x00000a65      0x110 build/default/production/_ext/1171490990/startup_xc32.o
 .debug_abbrev  0x00000b75      0x37f build/default/production/_ext/504274921/plib_sercom1_usart.o
 .debug_abbrev  0x00000ef4      0x1c0 build/default/production/_ext/60163342/plib_adc.o
 .debug_abbrev  0x000010b4      0x173 build/default/production/_ext/829342655/plib_tc4.o
 .debug_abbrev  0x00001227       0x2e c:/program files/microchip/xc32/v4.10/bin/bin/../../lib/gcc/pic32c/8.3.1/../../../../pic32c/lib/thumb/v6-m/nofp\libpic32c.a(data_init.o)
 .debug_abbrev  0x00001255      0x117 c:/program files/microchip/xc32/v4.10/bin/bin/../../lib/gcc/pic32c/8.3.1/../../../../pic32c/lib/thumb/v6-m/nofp\libc-musl.a(__libc_start_main.o)
 .debug_abbrev  0x0000136c       0xb8 c:/program files/microchip/xc32/v4.10/bin/bin/../../lib/gcc/pic32c/8.3.1/../../../../pic32c/lib/thumb/v6-m/nofp\libc-musl.a(libc.o)
 .debug_abbrev  0x00001424       0x57 c:/program files/microchip/xc32/v4.10/bin/bin/../../lib/gcc/pic32c/8.3.1/../../../../pic32c/lib/thumb/v6-m/nofp\libc-musl.a(__environ.o)

.debug_loc      0x00000000     0x1126
 .debug_loc     0x00000000      0x2f9 build/default/production/_ext/1593096446/plib_nvmctrl.o
 .debug_loc     0x000002f9      0x175 build/default/production/_ext/60181570/plib_tcc0.o
 .debug_loc     0x0000046e       0x20 build/default/production/_ext/1360937237/main.o
 .debug_loc     0x0000048e       0x45 build/default/production/_ext/1171490990/initialization.o
 .debug_loc     0x000004d3      0x226 build/default/production/_ext/1865521619/plib_port.o
 .debug_loc     0x000006f9       0x8e build/default/production/_ext/1984496892/plib_clock.o
 .debug_loc     0x00000787       0x70 build/default/production/_ext/1865468468/plib_nvic.o
 .debug_loc     0x000007f7       0x20 build/default/production/_ext/1171490990/startup_xc32.o
 .debug_loc     0x00000817      0x6ba build/default/production/_ext/504274921/plib_sercom1_usart.o
 .debug_loc     0x00000ed1      0x1a9 build/default/production/_ext/60163342/plib_adc.o
 .debug_loc     0x0000107a       0x3a build/default/production/_ext/829342655/plib_tc4.o
 .debug_loc     0x000010b4       0x14 c:/program files/microchip/xc32/v4.10/bin/bin/../../lib/gcc/pic32c/8.3.1/../../../../pic32c/lib/thumb/v6-m/nofp\libpic32c.a(data_init.o)
 .debug_loc     0x000010c8       0x5e c:/program files/microchip/xc32/v4.10/bin/bin/../../lib/gcc/pic32c/8.3.1/../../../../pic32c/lib/thumb/v6-m/nofp\libc-musl.a(__libc_start_main.o)

.debug_aranges  0x00000000      0x488
 .debug_aranges
                0x00000000       0x70 build/default/production/_ext/1593096446/plib_nvmctrl.o
 .debug_aranges
                0x00000070       0x20 build/default/production/_ext/1986646378/plib_evsys.o
 .debug_aranges
                0x00000090       0x78 build/default/production/_ext/60181570/plib_tcc0.o
 .debug_aranges
                0x00000108       0x20 build/default/production/_ext/1360937237/main.o
 .debug_aranges
                0x00000128       0x20 build/default/production/_ext/1171490990/initialization.o
 .debug_aranges
                0x00000148       0x20 build/default/production/_ext/1171490990/interrupts.o
 .debug_aranges
                0x00000168       0x28 build/default/production/_ext/1171490990/exceptions.o
 .debug_aranges
                0x00000190       0x70 build/default/production/_ext/1865521619/plib_port.o
 .debug_aranges
                0x00000200       0x20 build/default/production/_ext/1984496892/plib_clock.o
 .debug_aranges
                0x00000220       0x38 build/default/production/_ext/1865468468/plib_nvic.o
 .debug_aranges
                0x00000258       0x28 build/default/production/_ext/1171490990/startup_xc32.o
 .debug_aranges
                0x00000280       0xb0 build/default/production/_ext/504274921/plib_sercom1_usart.o
 .debug_aranges
                0x00000330       0x78 build/default/production/_ext/60163342/plib_adc.o
 .debug_aranges
                0x000003a8       0x68 build/default/production/_ext/829342655/plib_tc4.o
 .debug_aranges
                0x00000410       0x20 c:/program files/microchip/xc32/v4.10/bin/bin/../../lib/gcc/pic32c/8.3.1/../../../../pic32c/lib/thumb/v6-m/nofp\libpic32c.a(data_init.o)
 .debug_aranges
                0x00000430       0x28 c:/program files/microchip/xc32/v4.10/bin/bin/../../lib/gcc/pic32c/8.3.1/../../../../pic32c/lib/thumb/v6-m/nofp\libc-musl.a(__libc_start_main.o)
 .debug_aranges
                0x00000458       0x18 c:/program files/microchip/xc32/v4.10/bin/bin/../../lib/gcc/pic32c/8.3.1/../../../../pic32c/lib/thumb/v6-m/nofp\libc-musl.a(libc.o)
 .debug_aranges
                0x00000470       0x18 c:/program files/microchip/xc32/v4.10/bin/bin/../../lib/gcc/pic32c/8.3.1/../../../../pic32c/lib/thumb/v6-m/nofp\libc-musl.a(__environ.o)

.debug_ranges   0x00000000      0x3b8
 .debug_ranges  0x00000000       0x60 build/default/production/_ext/1593096446/plib_nvmctrl.o
 .debug_ranges  0x00000060       0x10 build/default/production/_ext/1986646378/plib_evsys.o
 .debug_ranges  0x00000070       0x68 build/default/production/_ext/60181570/plib_tcc0.o
 .debug_ranges  0x000000d8       0x10 build/default/production/_ext/1360937237/main.o
 .debug_ranges  0x000000e8       0x10 build/default/production/_ext/1171490990/initialization.o
 .debug_ranges  0x000000f8       0x10 build/default/production/_ext/1171490990/interrupts.o
 .debug_ranges  0x00000108       0x18 build/default/production/_ext/1171490990/exceptions.o
 .debug_ranges  0x00000120       0x60 build/default/production/_ext/1865521619/plib_port.o
 .debug_ranges  0x00000180       0x28 build/default/production/_ext/1984496892/plib_clock.o
 .debug_ranges  0x000001a8       0x28 build/default/production/_ext/1865468468/plib_nvic.o
 .debug_ranges  0x000001d0       0x18 build/default/production/_ext/1171490990/startup_xc32.o
 .debug_ranges  0x000001e8       0xd0 build/default/production/_ext/504274921/plib_sercom1_usart.o
 .debug_ranges  0x000002b8       0x68 build/default/production/_ext/60163342/plib_adc.o
 .debug_ranges  0x00000320       0x58 build/default/production/_ext/829342655/plib_tc4.o
 .debug_ranges  0x00000378       0x10 c:/program files/microchip/xc32/v4.10/bin/bin/../../lib/gcc/pic32c/8.3.1/../../../../pic32c/lib/thumb/v6-m/nofp\libpic32c.a(data_init.o)
 .debug_ranges  0x00000388       0x30 c:/program files/microchip/xc32/v4.10/bin/bin/../../lib/gcc/pic32c/8.3.1/../../../../pic32c/lib/thumb/v6-m/nofp\libc-musl.a(__libc_start_main.o)

.debug_line     0x00000000     0x279b
 .debug_line    0x00000000      0x2ea build/default/production/_ext/1593096446/plib_nvmctrl.o
 .debug_line    0x000002ea       0x66 build/default/production/_ext/1986646378/plib_evsys.o
 .debug_line    0x00000350      0x366 build/default/production/_ext/60181570/plib_tcc0.o
 .debug_line    0x000006b6       0xa3 build/default/production/_ext/1360937237/main.o
 .debug_line    0x00000759      0x2e7 build/default/production/_ext/1171490990/initialization.o
 .debug_line    0x00000a40       0xba build/default/production/_ext/1171490990/interrupts.o
 .debug_line    0x00000afa       0x6e build/default/production/_ext/1171490990/exceptions.o
 .debug_line    0x00000b68      0x29a build/default/production/_ext/1865521619/plib_port.o
 .debug_line    0x00000e02      0x1f4 build/default/production/_ext/1984496892/plib_clock.o
 .debug_line    0x00000ff6      0x29d build/default/production/_ext/1865468468/plib_nvic.o
 .debug_line    0x00001293      0x159 build/default/production/_ext/1171490990/startup_xc32.o
 .debug_line    0x000013ec      0x894 build/default/production/_ext/504274921/plib_sercom1_usart.o
 .debug_line    0x00001c80      0x37a build/default/production/_ext/60163342/plib_adc.o
 .debug_line    0x00001ffa      0x2cf build/default/production/_ext/829342655/plib_tc4.o
 .debug_line    0x000022c9      0x134 c:/program files/microchip/xc32/v4.10/bin/bin/../../lib/gcc/pic32c/8.3.1/../../../../pic32c/lib/thumb/v6-m/nofp\libpic32c.a(data_init.o)
 .debug_line    0x000023fd      0x1d0 c:/program files/microchip/xc32/v4.10/bin/bin/../../lib/gcc/pic32c/8.3.1/../../../../pic32c/lib/thumb/v6-m/nofp\libc-musl.a(__libc_start_main.o)
 .debug_line    0x000025cd       0xbf c:/program files/microchip/xc32/v4.10/bin/bin/../../lib/gcc/pic32c/8.3.1/../../../../pic32c/lib/thumb/v6-m/nofp\libc-musl.a(libc.o)
 .debug_line    0x0000268c      0x10f c:/program files/microchip/xc32/v4.10/bin/bin/../../lib/gcc/pic32c/8.3.1/../../../../pic32c/lib/thumb/v6-m/nofp\libc-musl.a(__environ.o)

.debug_str      0x00000000      0x314
 .debug_str     0x00000000       0x11 build/default/production/_ext/1593096446/plib_nvmctrl.o
 .debug_str     0x00000011        0x0 build/default/production/_ext/1986646378/plib_evsys.o
 .debug_str     0x00000011        0x0 build/default/production/_ext/60181570/plib_tcc0.o
 .debug_str     0x00000011       0x3b build/default/production/_ext/1360937237/main.o
 .debug_str     0x0000004c       0xa4 build/default/production/_ext/1171490990/initialization.o
 .debug_str     0x000000f0        0x0 build/default/production/_ext/1171490990/interrupts.o
 .debug_str     0x000000f0        0x0 build/default/production/_ext/1171490990/exceptions.o
 .debug_str     0x000000f0        0xb build/default/production/_ext/1865521619/plib_port.o
 .debug_str     0x000000fb       0x28 build/default/production/_ext/1984496892/plib_clock.o
 .debug_str     0x00000123        0xa build/default/production/_ext/1865468468/plib_nvic.o
 .debug_str     0x0000012d       0x2f build/default/production/_ext/1171490990/startup_xc32.o
 .debug_str     0x0000015c      0x101 build/default/production/_ext/504274921/plib_sercom1_usart.o
 .debug_str     0x0000025d       0x19 build/default/production/_ext/60163342/plib_adc.o
 .debug_str     0x00000276       0x9e build/default/production/_ext/829342655/plib_tc4.o
 .debug_str     0x00000314        0x0 c:/program files/microchip/xc32/v4.10/bin/bin/../../lib/gcc/pic32c/8.3.1/../../../../pic32c/lib/thumb/v6-m/nofp\libpic32c.a(data_init.o)
 .debug_str     0x00000314        0x0 c:/program files/microchip/xc32/v4.10/bin/bin/../../lib/gcc/pic32c/8.3.1/../../../../pic32c/lib/thumb/v6-m/nofp\libc-musl.a(__libc_start_main.o)
 .debug_str     0x00000314        0x0 c:/program files/microchip/xc32/v4.10/bin/bin/../../lib/gcc/pic32c/8.3.1/../../../../pic32c/lib/thumb/v6-m/nofp\libc-musl.a(libc.o)
 .debug_str     0x00000314        0x0 c:/program files/microchip/xc32/v4.10/bin/bin/../../lib/gcc/pic32c/8.3.1/../../../../pic32c/lib/thumb/v6-m/nofp\libc-musl.a(__environ.o)

.debug_frame    0x00000000      0x754
 .debug_frame   0x00000000       0xd4 build/default/production/_ext/1593096446/plib_nvmctrl.o
 .debug_frame   0x000000d4       0x20 build/default/production/_ext/1986646378/plib_evsys.o
 .debug_frame   0x000000f4       0xd8 build/default/production/_ext/60181570/plib_tcc0.o
 .debug_frame   0x000001cc       0x28 build/default/production/_ext/1360937237/main.o
 .debug_frame   0x000001f4       0x28 build/default/production/_ext/1171490990/initialization.o
 .debug_frame   0x0000021c       0x20 build/default/production/_ext/1171490990/interrupts.o
 .debug_frame   0x0000023c       0x30 build/default/production/_ext/1171490990/exceptions.o
 .debug_frame   0x0000026c       0xcc build/default/production/_ext/1865521619/plib_port.o
 .debug_frame   0x00000338       0x20 build/default/production/_ext/1984496892/plib_clock.o
 .debug_frame   0x00000358       0x50 build/default/production/_ext/1865468468/plib_nvic.o
 .debug_frame   0x000003a8       0x38 build/default/production/_ext/1171490990/startup_xc32.o
 .debug_frame   0x000003e0      0x180 build/default/production/_ext/504274921/plib_sercom1_usart.o
 .debug_frame   0x00000560       0xd8 build/default/production/_ext/60163342/plib_adc.o
 .debug_frame   0x00000638       0xb0 build/default/production/_ext/829342655/plib_tc4.o
 .debug_frame   0x000006e8       0x34 c:/program files/microchip/xc32/v4.10/bin/bin/../../lib/gcc/pic32c/8.3.1/../../../../pic32c/lib/thumb/v6-m/nofp\libpic32c.a(data_init.o)
 .debug_frame   0x0000071c       0x38 c:/program files/microchip/xc32/v4.10/bin/bin/../../lib/gcc/pic32c/8.3.1/../../../../pic32c/lib/thumb/v6-m/nofp\libc-musl.a(__libc_start_main.o)

.note.GNU-stack
                0x00000000        0x0
 .note.GNU-stack
                0x00000000        0x0 c:/program files/microchip/xc32/v4.10/bin/bin/../../lib/gcc/pic32c/8.3.1/../../../../pic32c/lib/thumb/v6-m/nofp\libc-musl.a(__libc_start_main.o)
 .note.GNU-stack
                0x00000000        0x0 c:/program files/microchip/xc32/v4.10/bin/bin/../../lib/gcc/pic32c/8.3.1/../../../../pic32c/lib/thumb/v6-m/nofp\libc-musl.a(libc.o)
 .note.GNU-stack
                0x00000000        0x0 c:/program files/microchip/xc32/v4.10/bin/bin/../../lib/gcc/pic32c/8.3.1/../../../../pic32c/lib/thumb/v6-m/nofp\libc-musl.a(__environ.o)

.stack          0x200002c0      0x100
 .stack         0x200002c0      0x100 stack

.bss%1          0x20000000       0x50
 .bss           0x20000000       0x50 c:/program files/microchip/xc32/v4.10/bin/bin/../../lib/gcc/pic32c/8.3.1/../../../../pic32c/lib/thumb/v6-m/nofp\libc-musl.a(libc.o)
                0x20000000                __progname_full
                0x20000000                program_invocation_name
                0x20000004                program_invocation_short_name
                0x20000004                __progname
                0x20000008                __sysinfo
                0x2000000c                __hwcap
                0x20000010                __libc

.bss.sercom1USARTObj%2
                0x20000050       0x30
 .bss.sercom1USARTObj
                0x20000050       0x30 build/default/production/_ext/504274921/plib_sercom1_usart.o

.bss%3          0x20000080       0x24
 .bss           0x20000080       0x1c c:/program files/microchip/xc32/v4.10/bin/bin/../../lib/gcc/pic32c/8.3.1/thumb/v6-m/nofp/crtbegin.o
 .bss           0x2000009c        0x4 c:/program files/microchip/xc32/v4.10/bin/bin/../../lib/gcc/pic32c/8.3.1/../../../../pic32c/lib/thumb/v6-m/nofp\libpic32c.a(data_init.o)
 .bss           0x200000a0        0x4 c:/program files/microchip/xc32/v4.10/bin/bin/../../lib/gcc/pic32c/8.3.1/../../../../pic32c/lib/thumb/v6-m/nofp\libc-musl.a(__environ.o)
                0x200000a0                __environ
                0x200000a0                environ
                0x200000a0                ___environ
                0x200000a0                _environ

.eh_frame%z1    0x00000000        0x0
 .eh_frame      0x00000000        0x0 c:/program files/microchip/xc32/v4.10/bin/bin/../../lib/gcc/pic32c/8.3.1/thumb/v6-m/nofp/crtbegin.o

.config_00804000.__config_00804000%6
                0x00804000        0x4
 .config_00804000.__config_00804000
                0x00804000        0x4 build/default/production/_ext/1171490990/initialization.o
                0x00804000                __config_00804000

.config_00804004.__config_00804004%7
                0x00804004        0x4
 .config_00804004.__config_00804004
                0x00804004        0x4 build/default/production/_ext/1171490990/initialization.o
                0x00804004                __config_00804004

.text.SERCOM1_USART_InterruptHandler%8
                0x000000d0      0x180
 .text.SERCOM1_USART_InterruptHandler
                0x000000d0      0x180 build/default/production/_ext/504274921/plib_sercom1_usart.o
                0x000000d0                SERCOM1_USART_InterruptHandler

.text.CLOCK_Initialize%9
                0x00000250       0xac
 .text.CLOCK_Initialize
                0x00000250       0xac build/default/production/_ext/1984496892/plib_clock.o
                0x00000250                CLOCK_Initialize

.text.__pic32c_data_initialization%10
                0x000002fc       0x90
 .text.__pic32c_data_initialization
                0x000002fc       0x90 c:/program files/microchip/xc32/v4.10/bin/bin/../../lib/gcc/pic32c/8.3.1/../../../../pic32c/lib/thumb/v6-m/nofp\libpic32c.a(data_init.o)
                0x000002fc                __pic32c_data_initialization

.text.ADC_Initialize%11
                0x0000038c       0x84
 .text.ADC_Initialize
                0x0000038c       0x84 build/default/production/_ext/60163342/plib_adc.o
                0x0000038c                ADC_Initialize

.text.__libc_start_init%12
                0x00000410       0x5c
 .text.__libc_start_init
                0x00000410       0x5c c:/program files/microchip/xc32/v4.10/bin/bin/../../lib/gcc/pic32c/8.3.1/../../../../pic32c/lib/thumb/v6-m/nofp\libc-musl.a(__libc_start_main.o)
                0x00000410                __libc_init_array

.text.SERCOM1_USART_Initialize%13
                0x0000046c       0x58
 .text.SERCOM1_USART_Initialize
                0x0000046c       0x58 build/default/production/_ext/504274921/plib_sercom1_usart.o
                0x0000046c                SERCOM1_USART_Initialize

.dinit%14       0x000004c4       0x50
 .dinit         0x000004c4       0x50 data_init

.text%15        0x00000514       0x48
 .text          0x00000514       0x48 c:/program files/microchip/xc32/v4.10/bin/bin/../../lib/gcc/pic32c/8.3.1/thumb/v6-m/nofp/crtbegin.o

.text.TCC0_PWMInitialize%16
                0x0000055c       0x48
 .text.TCC0_PWMInitialize
                0x0000055c       0x48 build/default/production/_ext/60181570/plib_tcc0.o
                0x0000055c                TCC0_PWMInitialize

.text.Reset_Handler%17
                0x000005a4       0x48
 .text.Reset_Handler
                0x000005a4       0x48 build/default/production/_ext/1171490990/startup_xc32.o
                0x000005a4                Reset_Handler

.text.SYS_Initialize%18
                0x000005ec       0x34
 .text.SYS_Initialize
                0x000005ec       0x34 build/default/production/_ext/1171490990/initialization.o
                0x000005ec                SYS_Initialize

.text.TC4_TimerInitialize%19
                0x00000620       0x30
 .text.TC4_TimerInitialize
                0x00000620       0x30 build/default/production/_ext/829342655/plib_tc4.o
                0x00000620                TC4_TimerInitialize

.text.NVIC_Initialize%20
                0x00000650       0x2c
 .text.NVIC_Initialize
                0x00000650       0x2c build/default/production/_ext/1865468468/plib_nvic.o
                0x00000650                NVIC_Initialize

.text.SERCOM1_USART_ErrorClear%21
                0x0000067c       0x2c
 .text.SERCOM1_USART_ErrorClear
                0x0000067c       0x2c build/default/production/_ext/504274921/plib_sercom1_usart.o

.text.PORT_Initialize%22
                0x000006a8       0x28
 .text.PORT_Initialize
                0x000006a8       0x28 build/default/production/_ext/1865521619/plib_port.o
                0x000006a8                PORT_Initialize

.text.TCC0_PWMStart%23
                0x000006d0       0x1c
 .text.TCC0_PWMStart
                0x000006d0       0x1c build/default/production/_ext/60181570/plib_tcc0.o
                0x000006d0                TCC0_PWMStart

.text.main%24   0x000006ec       0x12
 .text.main     0x000006ec       0x12 build/default/production/_ext/1360937237/main.o
                0x000006ec                main

.text.NVMCTRL_Initialize%25
                0x00000700        0xc
 .text.NVMCTRL_Initialize
                0x00000700        0xc build/default/production/_ext/1593096446/plib_nvmctrl.o
                0x00000700                NVMCTRL_Initialize

.text.TCC0_PWMPeriodInterruptEnable%26
                0x0000070c        0xc
 .text.TCC0_PWMPeriodInterruptEnable
                0x0000070c        0xc build/default/production/_ext/60181570/plib_tcc0.o
                0x0000070c                TCC0_PWMPeriodInterruptEnable

.text.EVSYS_Initialize%27
                0x000006fe        0x2
 .text.EVSYS_Initialize
                0x000006fe        0x2 build/default/production/_ext/1986646378/plib_evsys.o
                0x000006fe                EVSYS_Initialize

.text.Dummy_Handler%28
                0x00000718        0x2
 .text.Dummy_Handler
                0x00000718        0x2 build/default/production/_ext/1171490990/interrupts.o
                0x00000718                SVCall_Handler
                0x00000718                DMAC_Handler
                0x00000718                AC_Handler
                0x00000718                SysTick_Handler
                0x00000718                PendSV_Handler
                0x00000718                TC7_Handler
                0x00000718                ADC_Handler
                0x00000718                TCC1_Handler
                0x00000718                SERCOM2_Handler
                0x00000718                TCC0_Handler
                0x00000718                RTC_Handler
                0x00000718                EIC_Handler
                0x00000718                TC6_Handler
                0x00000718                WDT_Handler
                0x00000718                TC4_Handler
                0x00000718                USB_Handler
                0x00000718                TC3_Handler
                0x00000718                Dummy_Handler
                0x00000718                PM_Handler
                0x00000718                SERCOM5_Handler
                0x00000718                TCC2_Handler
                0x00000718                EVSYS_Handler
                0x00000718                SERCOM3_Handler
                0x00000718                SERCOM4_Handler
                0x00000718                I2S_Handler
                0x00000718                NVMCTRL_Handler
                0x00000718                SERCOM0_Handler
                0x00000718                DAC_Handler
                0x00000718                PTC_Handler
                0x00000718                TC5_Handler
                0x00000718                SYSCTRL_Handler

.text.NonMaskableInt_Handler%29
                0x0000071a        0x2
 .text.NonMaskableInt_Handler
                0x0000071a        0x2 build/default/production/_ext/1171490990/exceptions.o
                0x0000071a                NonMaskableInt_Handler

.text.HardFault_Handler%30
                0x0000071c        0x2
 .text.HardFault_Handler
                0x0000071c        0x2 build/default/production/_ext/1171490990/exceptions.o
                0x0000071c                HardFault_Handler

.text.Dummy_App_Func%31
                0x0000071e        0x2
 .text.Dummy_App_Func
                0x0000071e        0x2 build/default/production/_ext/1171490990/startup_xc32.o
                0x0000071e                _on_reset
                0x0000071e                _on_bootstrap
                0x0000071e                __xc32_on_reset
                0x0000071e                Dummy_App_Func
                0x0000071e                __xc32_on_bootstrap

.text.__dummy%32
                0x00000720        0x2
 .text.__dummy  0x00000720        0x2 c:/program files/microchip/xc32/v4.10/bin/bin/../../lib/gcc/pic32c/8.3.1/../../../../pic32c/lib/thumb/v6-m/nofp\libc-musl.a(__libc_start_main.o)
                0x00000720                __init_stdio
                0x00000720                __init_host
