Archive member included to satisfy reference by file (symbol)

c:/program files/microchip/xc32/v2.50/bin/bin/../../lib/gcc/pic32c/6.2.1/../../../../pic32c/lib\libpic32c.a(data_init.o)
                              build/default/production/_ext/1171490990/startup_xc32.o (__pic32c_data_initialization)
c:/program files/microchip/xc32/v2.50/bin/bin/../../lib/gcc/pic32c/6.2.1\libgcc.a(_udivsi3.o)
                              build/default/production/_ext/1303591613/7segSR.o (__aeabi_uidiv)
c:/program files/microchip/xc32/v2.50/bin/bin/../../lib/gcc/pic32c/6.2.1\libgcc.a(_dvmd_tls.o)
                              c:/program files/microchip/xc32/v2.50/bin/bin/../../lib/gcc/pic32c/6.2.1\libgcc.a(_udivsi3.o) (__aeabi_idiv0)
c:/program files/microchip/xc32/v2.50/bin/bin/../../lib/gcc/pic32c/6.2.1\libgcc.a(_fixunsdfsi.o)
                              build/default/production/_ext/1303591613/7segSR.o (__aeabi_d2uiz)
c:/program files/microchip/xc32/v2.50/bin/bin/../../lib/gcc/pic32c/6.2.1\libgcc.a(adddf3.o)
                              build/default/production/_ext/1303591613/7segSR.o (__aeabi_dadd)
c:/program files/microchip/xc32/v2.50/bin/bin/../../lib/gcc/pic32c/6.2.1\libgcc.a(subdf3.o)
                              c:/program files/microchip/xc32/v2.50/bin/bin/../../lib/gcc/pic32c/6.2.1\libgcc.a(_fixunsdfsi.o) (__aeabi_dsub)
c:/program files/microchip/xc32/v2.50/bin/bin/../../lib/gcc/pic32c/6.2.1\libgcc.a(fixdfsi.o)
                              c:/program files/microchip/xc32/v2.50/bin/bin/../../lib/gcc/pic32c/6.2.1\libgcc.a(_fixunsdfsi.o) (__aeabi_d2iz)
c:/program files/microchip/xc32/v2.50/bin/bin/../../lib/gcc/pic32c/6.2.1\libgcc.a(floatunsidf.o)
                              build/default/production/_ext/1303591613/7segSR.o (__aeabi_ui2d)
c:/program files/microchip/xc32/v2.50/bin/bin/../../lib/gcc/pic32c/6.2.1\libgcc.a(_arm_cmpdf2.o)
                              c:/program files/microchip/xc32/v2.50/bin/bin/../../lib/gcc/pic32c/6.2.1\libgcc.a(_fixunsdfsi.o) (__aeabi_dcmpge)
c:/program files/microchip/xc32/v2.50/bin/bin/../../lib/gcc/pic32c/6.2.1\libgcc.a(_clzsi2.o)
                              c:/program files/microchip/xc32/v2.50/bin/bin/../../lib/gcc/pic32c/6.2.1\libgcc.a(adddf3.o) (__clzsi2)
c:/program files/microchip/xc32/v2.50/bin/bin/../../lib/gcc/pic32c/6.2.1\libgcc.a(eqdf2.o)
                              c:/program files/microchip/xc32/v2.50/bin/bin/../../lib/gcc/pic32c/6.2.1\libgcc.a(_arm_cmpdf2.o) (__eqdf2)
c:/program files/microchip/xc32/v2.50/bin/bin/../../lib/gcc/pic32c/6.2.1\libgcc.a(gedf2.o)
                              c:/program files/microchip/xc32/v2.50/bin/bin/../../lib/gcc/pic32c/6.2.1\libgcc.a(_arm_cmpdf2.o) (__gedf2)
c:/program files/microchip/xc32/v2.50/bin/bin/../../lib/gcc/pic32c/6.2.1\libgcc.a(ledf2.o)
                              c:/program files/microchip/xc32/v2.50/bin/bin/../../lib/gcc/pic32c/6.2.1\libgcc.a(_arm_cmpdf2.o) (__ledf2)
c:/program files/microchip/xc32/v2.50/bin/bin/../../lib/gcc/pic32c/6.2.1/../../../../pic32c/lib\libm_nano.a(lib_a-w_log10.o)
                              build/default/production/_ext/1303591613/7segSR.o (log10)
c:/program files/microchip/xc32/v2.50/bin/bin/../../lib/gcc/pic32c/6.2.1/../../../../pic32c/lib\libm_nano.a(lib_a-e_log10.o)
                              c:/program files/microchip/xc32/v2.50/bin/bin/../../lib/gcc/pic32c/6.2.1/../../../../pic32c/lib\libm_nano.a(lib_a-w_log10.o) (__ieee754_log10)
c:/program files/microchip/xc32/v2.50/bin/bin/../../lib/gcc/pic32c/6.2.1/../../../../pic32c/lib\libm_nano.a(lib_a-e_log.o)
                              c:/program files/microchip/xc32/v2.50/bin/bin/../../lib/gcc/pic32c/6.2.1/../../../../pic32c/lib\libm_nano.a(lib_a-e_log10.o) (__ieee754_log)
c:/program files/microchip/xc32/v2.50/bin/bin/../../lib/gcc/pic32c/6.2.1/../../../../pic32c/lib\libm_nano.a(lib_a-s_lib_ver.o)
                              c:/program files/microchip/xc32/v2.50/bin/bin/../../lib/gcc/pic32c/6.2.1/../../../../pic32c/lib\libm_nano.a(lib_a-w_log10.o) (__fdlib_version)
c:/program files/microchip/xc32/v2.50/bin/bin/../../lib/gcc/pic32c/6.2.1/../../../../pic32c/lib\libm_nano.a(lib_a-s_matherr.o)
                              c:/program files/microchip/xc32/v2.50/bin/bin/../../lib/gcc/pic32c/6.2.1/../../../../pic32c/lib\libm_nano.a(lib_a-w_log10.o) (matherr)
c:/program files/microchip/xc32/v2.50/bin/bin/../../lib/gcc/pic32c/6.2.1/../../../../pic32c/lib\libm_nano.a(lib_a-s_nan.o)
                              c:/program files/microchip/xc32/v2.50/bin/bin/../../lib/gcc/pic32c/6.2.1/../../../../pic32c/lib\libm_nano.a(lib_a-w_log10.o) (nan)
c:/program files/microchip/xc32/v2.50/bin/bin/../../lib/gcc/pic32c/6.2.1/../../../../pic32c/lib\libc_nano.a(lib_a-errno.o)
                              c:/program files/microchip/xc32/v2.50/bin/bin/../../lib/gcc/pic32c/6.2.1/../../../../pic32c/lib\libm_nano.a(lib_a-w_log10.o) (__errno)
[...]
Memory Configuration

Name             Origin             Length             Attributes
rom              0x0000000000000000 0x0000000000040000 xrl
ram              0x0000000020000000 0x0000000000008000 xw !r
config_00804000  0x0000000000804000 0x0000000000000004
config_00804004  0x0000000000804004 0x0000000000000004
*default*        0x0000000000000000 0xffffffffffffffff

Linker script and memory map

LOAD c:/program files/microchip/xc32/v2.50/bin/bin/../../lib/gcc/pic32c/6.2.1/crti.o
LOAD c:/program files/microchip/xc32/v2.50/bin/bin/../../lib/gcc/pic32c/6.2.1/crtbegin.o
LOAD build/default/production/_ext/1984496892/plib_clock.o
LOAD build/default/production/_ext/1986646378/plib_evsys.o
LOAD build/default/production/_ext/1865468468/plib_nvic.o
LOAD build/default/production/_ext/1593096446/plib_nvmctrl.o
LOAD build/default/production/_ext/1865521619/plib_port.o
LOAD build/default/production/_ext/829342655/plib_tc4.o
LOAD build/default/production/_ext/60181570/plib_tcc0.o
LOAD build/default/production/_ext/1171490990/startup_xc32.o
LOAD build/default/production/_ext/163028504/xc32_monitor.o
LOAD build/default/production/_ext/1171490990/initialization.o
LOAD build/default/production/_ext/1171490990/interrupts.o
LOAD build/default/production/_ext/1171490990/exceptions.o
LOAD build/default/production/_ext/1171490990/libc_syscalls.o
LOAD build/default/production/_ext/1303591613/1602_LCD.o
LOAD build/default/production/_ext/1303591613/1602_LCD_HAL.o
LOAD build/default/production/_ext/1303591613/7segSR.o
LOAD build/default/production/_ext/1303591613/sn74hc595n.o
LOAD build/default/production/_ext/1303591613/ws2812b.o
LOAD build/default/production/_ext/1303591613/delay.o
LOAD build/default/production/_ext/1360937237/main.o
                0x0000000000000001                __MPLAB_BUILD = 0x1
                0x0000000000040000                __rom_end = (ORIGIN (rom) + LENGTH (rom))
                0x0000000020008000                __ram_end = (ORIGIN (ram) + LENGTH (ram))

.config_00804000
                0x0000000000804000        0x4
 *(.config_00804000)
 .config_00804000
                0x0000000000804000        0x4 build/default/production/_ext/1171490990/initialization.o

.config_00804004
                0x0000000000804004        0x4
 *(.config_00804004)
 .config_00804004
                0x0000000000804004        0x4 build/default/production/_ext/1171490990/initialization.o

.vectors        0x0000000000000000       0xb0
                0x0000000000000000                . = ALIGN (0x4)
                0x0000000000000000                _sfixed = .
 *(.vectors .vectors.* .vectors_default .vectors_default.*)
 .vectors       0x0000000000000000       0xb0 build/default/production/_ext/1171490990/interrupts.o
                0x0000000000000000                exception_table
 *(.isr_vector)
 *(.reset*)
 *(.after_vectors)

.text           0x00000000000000b0       0x20
                0x00000000000000b0                . = ALIGN (0x4)
 *(.glue_7t)
 .glue_7t       0x00000000000000b0        0x0 linker stubs
 *(.glue_7)
 .glue_7        0x00000000000000b0        0x0 linker stubs
 *(.gnu.linkonce.r.*)
 *(.ARM.extab* .gnu.linkonce.armextab.*)
                0x00000000000000b0                . = ALIGN (0x4)
 *(.init)
 .init          0x00000000000000b0        0x4 c:/program files/microchip/xc32/v2.50/bin/bin/../../lib/gcc/pic32c/6.2.1/crti.o
                0x00000000000000b0                _init
 .init          0x00000000000000b4        0x8 c:/program files/microchip/xc32/v2.50/bin/bin/../../lib/gcc/pic32c/6.2.1/crtn.o
                0x00000000000000bc                . = ALIGN (0x4)
                0x00000000000000bc                __preinit_array_start = .
 *(.preinit_array)
                0x00000000000000bc                __preinit_array_end = .
                0x00000000000000bc                . = ALIGN (0x4)
                0x00000000000000bc                __init_array_start = .
 *(SORT(.init_array.*))
 *(.init_array)
 .init_array    0x00000000000000bc        0x4 c:/program files/microchip/xc32/v2.50/bin/bin/../../lib/gcc/pic32c/6.2.1/crtbegin.o
                0x00000000000000c0                __init_array_end = .
                0x00000000000000c0                . = ALIGN (0x4)
 *crtbegin.o(.ctors)
 *(EXCLUDE_FILE(*crtend.o) .ctors)
 *(SORT(.ctors.*))
 *crtend.o(.ctors)
                0x00000000000000c0                . = ALIGN (0x4)
 *(.fini)
 .fini          0x00000000000000c0        0x4 c:/program files/microchip/xc32/v2.50/bin/bin/../../lib/gcc/pic32c/6.2.1/crti.o
                0x00000000000000c0                _fini
 .fini          0x00000000000000c4        0x8 c:/program files/microchip/xc32/v2.50/bin/bin/../../lib/gcc/pic32c/6.2.1/crtn.o
                0x00000000000000cc                . = ALIGN (0x4)
                0x00000000000000cc                __fini_array_start = .
 *(.fini_array)
 .fini_array    0x00000000000000cc        0x4 c:/program files/microchip/xc32/v2.50/bin/bin/../../lib/gcc/pic32c/6.2.1/crtbegin.o
 *(SORT(.fini_array.*))
                0x00000000000000d0                __fini_array_end = .
 *crtbegin.o(.dtors)
 *(EXCLUDE_FILE(*crtend.o) .dtors)
 *(SORT(.dtors.*))
 *crtend.o(.dtors)
                0x00000000000000d0                . = ALIGN (0x4)
                0x00000000000000d0                _efixed = .
                [!provide]                        PROVIDE (__exidx_start, .)

.ARM.exidx
 *(.ARM.exidx* .gnu.linkonce.armexidx.*)
                [!provide]                        PROVIDE (__exidx_end, .)
                0x00000000000000d0                . = ALIGN (0x4)
                0x00000000000000d0                _etext = .

.bss            0x0000000020000000        0x0
                0x0000000020000000                . = ALIGN (0x4)
                0x0000000020000000                __bss_start__ = .
                0x0000000020000000                _sbss = .
                0x0000000020000000                _szero = .
 *(COMMON)
                0x0000000020000000                . = ALIGN (0x4)
                0x0000000020000000                __bss_end__ = .
                0x0000000020000000                _ebss = .
                0x0000000020000000                _ezero = .
                0x0000000020000000                . = ALIGN (0x4)
                0x0000000020000000                _end = .
                0x0000000020007fff                _ram_end_ = ((ORIGIN (ram) + LENGTH (ram)) - 0x1)
                0x0000000000000200                _min_heap_size = 0x200
START GROUP
LOAD c:/program files/microchip/xc32/v2.50/bin/bin/../../lib/gcc/pic32c/6.2.1/../../../../pic32c/lib\libpic32c.a
LOAD c:/program files/microchip/xc32/v2.50/bin/bin/../../lib/gcc/pic32c/6.2.1\libgcc.a
LOAD c:/program files/microchip/xc32/v2.50/bin/bin/../../lib/gcc/pic32c/6.2.1/../../../../pic32c/lib\libm_nano.a
LOAD c:/program files/microchip/xc32/v2.50/bin/bin/../../lib/gcc/pic32c/6.2.1/../../../../pic32c/lib\libc_nano.a
END GROUP
LOAD c:/program files/microchip/xc32/v2.50/bin/bin/../../lib/gcc/pic32c/6.2.1/crtend.o
LOAD c:/program files/microchip/xc32/v2.50/bin/bin/../../lib/gcc/pic32c/6.2.1/crtn.o
OUTPUT(dist/default/production/SAMD21Eval.X.production.elf elf32-littlearm)
LOAD stack
LOAD data_init

.ARM.attributes
                0x0000000000000000       0x2a
 .ARM.attributes
                0x0000000000000000       0x1e c:/program files/microchip/xc32/v2.50/bin/bin/../../lib/gcc/pic32c/6.2.1/crti.o
 .ARM.attributes
                0x000000000000001e       0x2c c:/program files/microchip/xc32/v2.50/bin/bin/../../lib/gcc/pic32c/6.2.1/crtbegin.o
 .ARM.attributes
                0x000000000000004a       0x32 build/default/production/_ext/1984496892/plib_clock.o
 .ARM.attributes
                0x000000000000007c       0x32 build/default/production/_ext/1986646378/plib_evsys.o
 .ARM.attributes
                0x00000000000000ae       0x32 build/default/production/_ext/1865468468/plib_nvic.o
 .ARM.attributes
                0x00000000000000e0       0x32 build/default/production/_ext/1593096446/plib_nvmctrl.o
 .ARM.attributes
                0x0000000000000112       0x32 build/default/production/_ext/1865521619/plib_port.o
 .ARM.attributes
                0x0000000000000144       0x32 build/default/production/_ext/829342655/plib_tc4.o
 .ARM.attributes
                0x0000000000000176       0x32 build/default/production/_ext/60181570/plib_tcc0.o
 .ARM.attributes
                0x00000000000001a8       0x32 build/default/production/_ext/1171490990/startup_xc32.o
 .ARM.attributes
                0x00000000000001da       0x32 build/default/production/_ext/1171490990/initialization.o
 .ARM.attributes
                0x000000000000020c       0x32 build/default/production/_ext/1171490990/interrupts.o
 .ARM.attributes
                0x000000000000023e       0x32 build/default/production/_ext/1171490990/exceptions.o
 .ARM.attributes
                0x0000000000000270       0x32 build/default/production/_ext/1303591613/7segSR.o
 .ARM.attributes
                0x00000000000002a2       0x32 build/default/production/_ext/1303591613/sn74hc595n.o
 .ARM.attributes
                0x00000000000002d4       0x32 build/default/production/_ext/1360937237/main.o
 .ARM.attributes
                0x0000000000000306       0x2c c:/program files/microchip/xc32/v2.50/bin/bin/../../lib/gcc/pic32c/6.2.1/../../../../pic32c/lib\libpic32c.a(data_init.o)
 .ARM.attributes
                0x0000000000000332       0x1e c:/program files/microchip/xc32/v2.50/bin/bin/../../lib/gcc/pic32c/6.2.1\libgcc.a(_udivsi3.o)
 .ARM.attributes
                0x0000000000000350       0x1e c:/program files/microchip/xc32/v2.50/bin/bin/../../lib/gcc/pic32c/6.2.1\libgcc.a(_dvmd_tls.o)
 .ARM.attributes
                0x000000000000036e       0x2c c:/program files/microchip/xc32/v2.50/bin/bin/../../lib/gcc/pic32c/6.2.1\libgcc.a(_fixunsdfsi.o)
 .ARM.attributes
                0x000000000000039a       0x2c c:/program files/microchip/xc32/v2.50/bin/bin/../../lib/gcc/pic32c/6.2.1\libgcc.a(adddf3.o)
 .ARM.attributes
                0x00000000000003c6       0x2c c:/program files/microchip/xc32/v2.50/bin/bin/../../lib/gcc/pic32c/6.2.1\libgcc.a(subdf3.o)
 .ARM.attributes
                0x00000000000003f2       0x2c c:/program files/microchip/xc32/v2.50/bin/bin/../../lib/gcc/pic32c/6.2.1\libgcc.a(fixdfsi.o)
 .ARM.attributes
                0x000000000000041e       0x2c c:/program files/microchip/xc32/v2.50/bin/bin/../../lib/gcc/pic32c/6.2.1\libgcc.a(floatunsidf.o)
 .ARM.attributes
                0x000000000000044a       0x1e c:/program files/microchip/xc32/v2.50/bin/bin/../../lib/gcc/pic32c/6.2.1\libgcc.a(_arm_cmpdf2.o)
 .ARM.attributes
                0x0000000000000468       0x1e c:/program files/microchip/xc32/v2.50/bin/bin/../../lib/gcc/pic32c/6.2.1\libgcc.a(_clzsi2.o)
 .ARM.attributes
                0x0000000000000486       0x2c c:/program files/microchip/xc32/v2.50/bin/bin/../../lib/gcc/pic32c/6.2.1\libgcc.a(eqdf2.o)
 .ARM.attributes
                0x00000000000004b2       0x2c c:/program files/microchip/xc32/v2.50/bin/bin/../../lib/gcc/pic32c/6.2.1\libgcc.a(gedf2.o)
 .ARM.attributes
                0x00000000000004de       0x2c c:/program files/microchip/xc32/v2.50/bin/bin/../../lib/gcc/pic32c/6.2.1\libgcc.a(ledf2.o)
 .ARM.attributes
                0x000000000000050a       0x2c c:/program files/microchip/xc32/v2.50/bin/bin/../../lib/gcc/pic32c/6.2.1/../../../../pic32c/lib\libm_nano.a(lib_a-w_log10.o)
 .ARM.attributes
                0x0000000000000536       0x2c c:/program files/microchip/xc32/v2.50/bin/bin/../../lib/gcc/pic32c/6.2.1/../../../../pic32c/lib\libm_nano.a(lib_a-e_log10.o)
 .ARM.attributes
                0x0000000000000562       0x2c c:/program files/microchip/xc32/v2.50/bin/bin/../../lib/gcc/pic32c/6.2.1/../../../../pic32c/lib\libm_nano.a(lib_a-e_log.o)
 .ARM.attributes
                0x000000000000058e       0x2c c:/program files/microchip/xc32/v2.50/bin/bin/../../lib/gcc/pic32c/6.2.1/../../../../pic32c/lib\libm_nano.a(lib_a-s_lib_ver.o)
 .ARM.attributes
                0x00000000000005ba       0x2c c:/program files/microchip/xc32/v2.50/bin/bin/../../lib/gcc/pic32c/6.2.1/../../../../pic32c/lib\libm_nano.a(lib_a-s_matherr.o)
 .ARM.attributes
                0x00000000000005e6       0x2c c:/program files/microchip/xc32/v2.50/bin/bin/../../lib/gcc/pic32c/6.2.1/../../../../pic32c/lib\libm_nano.a(lib_a-s_nan.o)
 .ARM.attributes
                0x0000000000000612       0x2c c:/program files/microchip/xc32/v2.50/bin/bin/../../lib/gcc/pic32c/6.2.1/../../../../pic32c/lib\libc_nano.a(lib_a-errno.o)
 .ARM.attributes
                0x000000000000063e       0x2c c:/program files/microchip/xc32/v2.50/bin/bin/../../lib/gcc/pic32c/6.2.1/../../../../pic32c/lib\libc_nano.a(lib_a-impure.o)
 .ARM.attributes
                0x000000000000066a       0x2c c:/program files/microchip/xc32/v2.50/bin/bin/../../lib/gcc/pic32c/6.2.1/../../../../pic32c/lib\libc_nano.a(lib_a-init.o)
 .ARM.attributes
                0x0000000000000696       0x2c c:/program files/microchip/xc32/v2.50/bin/bin/../../lib/gcc/pic32c/6.2.1\libgcc.a(divdf3.o)
 .ARM.attributes
                0x00000000000006c2       0x2c c:/program files/microchip/xc32/v2.50/bin/bin/../../lib/gcc/pic32c/6.2.1\libgcc.a(muldf3.o)
 .ARM.attributes
                0x00000000000006ee       0x2c c:/program files/microchip/xc32/v2.50/bin/bin/../../lib/gcc/pic32c/6.2.1\libgcc.a(unorddf2.o)
 .ARM.attributes
                0x000000000000071a       0x2c c:/program files/microchip/xc32/v2.50/bin/bin/../../lib/gcc/pic32c/6.2.1\libgcc.a(floatsidf.o)
 .ARM.attributes
                0x0000000000000746       0x1e c:/program files/microchip/xc32/v2.50/bin/bin/../../lib/gcc/pic32c/6.2.1\libgcc.a(_thumb1_case_uhi.o)
 .ARM.attributes
                0x0000000000000764       0x1e c:/program files/microchip/xc32/v2.50/bin/bin/../../lib/gcc/pic32c/6.2.1/crtn.o

.comment        0x0000000000000000       0x3c
 .comment       0x0000000000000000       0x3c c:/program files/microchip/xc32/v2.50/bin/bin/../../lib/gcc/pic32c/6.2.1/crtbegin.o
                                         0x3d (size before relaxing)
 .comment       0x000000000000003c       0x3d build/default/production/_ext/1984496892/plib_clock.o
 .comment       0x000000000000003c       0x3d build/default/production/_ext/1986646378/plib_evsys.o
 .comment       0x000000000000003c       0x3d build/default/production/_ext/1865468468/plib_nvic.o
 .comment       0x000000000000003c       0x3d build/default/production/_ext/1593096446/plib_nvmctrl.o
 .comment       0x000000000000003c       0x3d build/default/production/_ext/1865521619/plib_port.o
 .comment       0x000000000000003c       0x3d build/default/production/_ext/829342655/plib_tc4.o
 .comment       0x000000000000003c       0x3d build/default/production/_ext/60181570/plib_tcc0.o
 .comment       0x000000000000003c       0x3d build/default/production/_ext/1171490990/startup_xc32.o
 .comment       0x000000000000003c       0x3d build/default/production/_ext/1171490990/initialization.o
 .comment       0x000000000000003c       0x3d build/default/production/_ext/1171490990/interrupts.o
 .comment       0x000000000000003c       0x3d build/default/production/_ext/1171490990/exceptions.o
 .comment       0x000000000000003c       0x3d build/default/production/_ext/1303591613/7segSR.o
 .comment       0x000000000000003c       0x3d build/default/production/_ext/1303591613/sn74hc595n.o
 .comment       0x000000000000003c       0x3d build/default/production/_ext/1360937237/main.o
 .comment       0x000000000000003c       0x3d c:/program files/microchip/xc32/v2.50/bin/bin/../../lib/gcc/pic32c/6.2.1/../../../../pic32c/lib\libpic32c.a(data_init.o)
 .comment       0x000000000000003c       0x3d c:/program files/microchip/xc32/v2.50/bin/bin/../../lib/gcc/pic32c/6.2.1\libgcc.a(_fixunsdfsi.o)
 .comment       0x000000000000003c       0x3d c:/program files/microchip/xc32/v2.50/bin/bin/../../lib/gcc/pic32c/6.2.1\libgcc.a(adddf3.o)
 .comment       0x000000000000003c       0x3d c:/program files/microchip/xc32/v2.50/bin/bin/../../lib/gcc/pic32c/6.2.1\libgcc.a(subdf3.o)
 .comment       0x000000000000003c       0x3d c:/program files/microchip/xc32/v2.50/bin/bin/../../lib/gcc/pic32c/6.2.1\libgcc.a(fixdfsi.o)
 .comment       0x000000000000003c       0x3d c:/program files/microchip/xc32/v2.50/bin/bin/../../lib/gcc/pic32c/6.2.1\libgcc.a(floatunsidf.o)
 .comment       0x000000000000003c       0x3d c:/program files/microchip/xc32/v2.50/bin/bin/../../lib/gcc/pic32c/6.2.1\libgcc.a(eqdf2.o)
 .comment       0x000000000000003c       0x3d c:/program files/microchip/xc32/v2.50/bin/bin/../../lib/gcc/pic32c/6.2.1\libgcc.a(gedf2.o)
 .comment       0x000000000000003c       0x3d c:/program files/microchip/xc32/v2.50/bin/bin/../../lib/gcc/pic32c/6.2.1\libgcc.a(ledf2.o)
 .comment       0x000000000000003c       0x3d c:/program files/microchip/xc32/v2.50/bin/bin/../../lib/gcc/pic32c/6.2.1/../../../../pic32c/lib\libm_nano.a(lib_a-w_log10.o)
 .comment       0x000000000000003c       0x3d c:/program files/microchip/xc32/v2.50/bin/bin/../../lib/gcc/pic32c/6.2.1/../../../../pic32c/lib\libm_nano.a(lib_a-e_log10.o)
 .comment       0x000000000000003c       0x3d c:/program files/microchip/xc32/v2.50/bin/bin/../../lib/gcc/pic32c/6.2.1/../../../../pic32c/lib\libm_nano.a(lib_a-e_log.o)
 .comment       0x000000000000003c       0x3d c:/program files/microchip/xc32/v2.50/bin/bin/../../lib/gcc/pic32c/6.2.1/../../../../pic32c/lib\libm_nano.a(lib_a-s_lib_ver.o)
 .comment       0x000000000000003c       0x3d c:/program files/microchip/xc32/v2.50/bin/bin/../../lib/gcc/pic32c/6.2.1/../../../../pic32c/lib\libm_nano.a(lib_a-s_matherr.o)
 .comment       0x000000000000003c       0x3d c:/program files/microchip/xc32/v2.50/bin/bin/../../lib/gcc/pic32c/6.2.1/../../../../pic32c/lib\libm_nano.a(lib_a-s_nan.o)
 .comment       0x000000000000003c       0x3d c:/program files/microchip/xc32/v2.50/bin/bin/../../lib/gcc/pic32c/6.2.1/../../../../pic32c/lib\libc_nano.a(lib_a-errno.o)
 .comment       0x000000000000003c       0x3d c:/program files/microchip/xc32/v2.50/bin/bin/../../lib/gcc/pic32c/6.2.1/../../../../pic32c/lib\libc_nano.a(lib_a-impure.o)
 .comment       0x000000000000003c       0x3d c:/program files/microchip/xc32/v2.50/bin/bin/../../lib/gcc/pic32c/6.2.1/../../../../pic32c/lib\libc_nano.a(lib_a-init.o)
 .comment       0x000000000000003c       0x3d c:/program files/microchip/xc32/v2.50/bin/bin/../../lib/gcc/pic32c/6.2.1\libgcc.a(divdf3.o)
 .comment       0x000000000000003c       0x3d c:/program files/microchip/xc32/v2.50/bin/bin/../../lib/gcc/pic32c/6.2.1\libgcc.a(muldf3.o)
 .comment       0x000000000000003c       0x3d c:/program files/microchip/xc32/v2.50/bin/bin/../../lib/gcc/pic32c/6.2.1\libgcc.a(unorddf2.o)
 .comment       0x000000000000003c       0x3d c:/program files/microchip/xc32/v2.50/bin/bin/../../lib/gcc/pic32c/6.2.1\libgcc.a(floatsidf.o)

.debug_info     0x0000000000000000    0x169c4
 .debug_info    0x0000000000000000      0x9c6 build/default/production/_ext/1984496892/plib_clock.o
 .debug_info    0x00000000000009c6      0x2f4 build/default/production/_ext/1986646378/plib_evsys.o
 .debug_info    0x0000000000000cba      0x95c build/default/production/_ext/1865468468/plib_nvic.o
 .debug_info    0x0000000000001616     0x1321 build/default/production/_ext/1593096446/plib_nvmctrl.o
 .debug_info    0x0000000000002937      0xcf2 build/default/production/_ext/1865521619/plib_port.o
 .debug_info    0x0000000000003629      0xbcd build/default/production/_ext/829342655/plib_tc4.o
 .debug_info    0x00000000000041f6      0x921 build/default/production/_ext/60181570/plib_tcc0.o
 .debug_info    0x0000000000004b17      0x42d build/default/production/_ext/1171490990/startup_xc32.o
 .debug_info    0x0000000000004f44      0x519 build/default/production/_ext/1171490990/initialization.o
 .debug_info    0x000000000000545d      0x81c build/default/production/_ext/1171490990/interrupts.o
 .debug_info    0x0000000000005c79      0x30f build/default/production/_ext/1171490990/exceptions.o
 .debug_info    0x0000000000005f88     0x160d build/default/production/_ext/1303591613/7segSR.o
 .debug_info    0x0000000000007595      0x8b5 build/default/production/_ext/1303591613/sn74hc595n.o
 .debug_info    0x0000000000007e4a     0x18a3 build/default/production/_ext/1360937237/main.o
 .debug_info    0x00000000000096ed      0x1f0 c:/program files/microchip/xc32/v2.50/bin/bin/../../lib/gcc/pic32c/6.2.1/../../../../pic32c/lib\libpic32c.a(data_init.o)
 .debug_info    0x00000000000098dd       0xee c:/program files/microchip/xc32/v2.50/bin/bin/../../lib/gcc/pic32c/6.2.1\libgcc.a(_udivsi3.o)
 .debug_info    0x00000000000099cb       0xee c:/program files/microchip/xc32/v2.50/bin/bin/../../lib/gcc/pic32c/6.2.1\libgcc.a(_dvmd_tls.o)
 .debug_info    0x0000000000009ab9     0x12a0 c:/program files/microchip/xc32/v2.50/bin/bin/../../lib/gcc/pic32c/6.2.1\libgcc.a(_fixunsdfsi.o)
 .debug_info    0x000000000000ad59      0x7b0 c:/program files/microchip/xc32/v2.50/bin/bin/../../lib/gcc/pic32c/6.2.1\libgcc.a(adddf3.o)
 .debug_info    0x000000000000b509      0x7b0 c:/program files/microchip/xc32/v2.50/bin/bin/../../lib/gcc/pic32c/6.2.1\libgcc.a(subdf3.o)
 .debug_info    0x000000000000bcb9      0x3bc c:/program files/microchip/xc32/v2.50/bin/bin/../../lib/gcc/pic32c/6.2.1\libgcc.a(fixdfsi.o)
 .debug_info    0x000000000000c075      0x4f4 c:/program files/microchip/xc32/v2.50/bin/bin/../../lib/gcc/pic32c/6.2.1\libgcc.a(floatunsidf.o)
 .debug_info    0x000000000000c569       0xee c:/program files/microchip/xc32/v2.50/bin/bin/../../lib/gcc/pic32c/6.2.1\libgcc.a(_arm_cmpdf2.o)
 .debug_info    0x000000000000c657       0xee c:/program files/microchip/xc32/v2.50/bin/bin/../../lib/gcc/pic32c/6.2.1\libgcc.a(_clzsi2.o)
 .debug_info    0x000000000000c745      0x413 c:/program files/microchip/xc32/v2.50/bin/bin/../../lib/gcc/pic32c/6.2.1\libgcc.a(eqdf2.o)
 .debug_info    0x000000000000cb58      0x43f c:/program files/microchip/xc32/v2.50/bin/bin/../../lib/gcc/pic32c/6.2.1\libgcc.a(gedf2.o)
 .debug_info    0x000000000000cf97      0x437 c:/program files/microchip/xc32/v2.50/bin/bin/../../lib/gcc/pic32c/6.2.1\libgcc.a(ledf2.o)
 .debug_info    0x000000000000d3ce      0xf6e c:/program files/microchip/xc32/v2.50/bin/bin/../../lib/gcc/pic32c/6.2.1/../../../../pic32c/lib\libm_nano.a(lib_a-w_log10.o)
 .debug_info    0x000000000000e33c      0xfb2 c:/program files/microchip/xc32/v2.50/bin/bin/../../lib/gcc/pic32c/6.2.1/../../../../pic32c/lib\libm_nano.a(lib_a-e_log10.o)
 .debug_info    0x000000000000f2ee     0x106a c:/program files/microchip/xc32/v2.50/bin/bin/../../lib/gcc/pic32c/6.2.1/../../../../pic32c/lib\libm_nano.a(lib_a-e_log.o)
 .debug_info    0x0000000000010358      0xdbd c:/program files/microchip/xc32/v2.50/bin/bin/../../lib/gcc/pic32c/6.2.1/../../../../pic32c/lib\libm_nano.a(lib_a-s_lib_ver.o)
 .debug_info    0x0000000000011115      0xe71 c:/program files/microchip/xc32/v2.50/bin/bin/../../lib/gcc/pic32c/6.2.1/../../../../pic32c/lib\libm_nano.a(lib_a-s_matherr.o)
 .debug_info    0x0000000000011f86      0xdf7 c:/program files/microchip/xc32/v2.50/bin/bin/../../lib/gcc/pic32c/6.2.1/../../../../pic32c/lib\libm_nano.a(lib_a-s_nan.o)
 .debug_info    0x0000000000012d7d      0xd8a c:/program files/microchip/xc32/v2.50/bin/bin/../../lib/gcc/pic32c/6.2.1/../../../../pic32c/lib\libc_nano.a(lib_a-errno.o)
 .debug_info    0x0000000000013b07      0xd4d c:/program files/microchip/xc32/v2.50/bin/bin/../../lib/gcc/pic32c/6.2.1/../../../../pic32c/lib\libc_nano.a(lib_a-impure.o)
 .debug_info    0x0000000000014854      0x36a c:/program files/microchip/xc32/v2.50/bin/bin/../../lib/gcc/pic32c/6.2.1/../../../../pic32c/lib\libc_nano.a(lib_a-init.o)
 .debug_info    0x0000000000014bbe      0x9c6 c:/program files/microchip/xc32/v2.50/bin/bin/../../lib/gcc/pic32c/6.2.1\libgcc.a(divdf3.o)
 .debug_info    0x0000000000015584      0xa41 c:/program files/microchip/xc32/v2.50/bin/bin/../../lib/gcc/pic32c/6.2.1\libgcc.a(muldf3.o)
 .debug_info    0x0000000000015fc5      0x415 c:/program files/microchip/xc32/v2.50/bin/bin/../../lib/gcc/pic32c/6.2.1\libgcc.a(unorddf2.o)
 .debug_info    0x00000000000163da      0x4fc c:/program files/microchip/xc32/v2.50/bin/bin/../../lib/gcc/pic32c/6.2.1\libgcc.a(floatsidf.o)
 .debug_info    0x00000000000168d6       0xee c:/program files/microchip/xc32/v2.50/bin/bin/../../lib/gcc/pic32c/6.2.1\libgcc.a(_thumb1_case_uhi.o)

.debug_abbrev   0x0000000000000000     0x2cf5
 .debug_abbrev  0x0000000000000000       0xf7 build/default/production/_ext/1984496892/plib_clock.o
 .debug_abbrev  0x00000000000000f7       0x39 build/default/production/_ext/1986646378/plib_evsys.o
 .debug_abbrev  0x0000000000000130      0x1ac build/default/production/_ext/1865468468/plib_nvic.o
 .debug_abbrev  0x00000000000002dc      0x22d build/default/production/_ext/1593096446/plib_nvmctrl.o
 .debug_abbrev  0x0000000000000509      0x167 build/default/production/_ext/1865521619/plib_port.o
 .debug_abbrev  0x0000000000000670      0x1a9 build/default/production/_ext/829342655/plib_tc4.o
 .debug_abbrev  0x0000000000000819       0xfd build/default/production/_ext/60181570/plib_tcc0.o
 .debug_abbrev  0x0000000000000916       0xd3 build/default/production/_ext/1171490990/startup_xc32.o
 .debug_abbrev  0x00000000000009e9       0x98 build/default/production/_ext/1171490990/initialization.o
 .debug_abbrev  0x0000000000000a81       0x9a build/default/production/_ext/1171490990/interrupts.o
 .debug_abbrev  0x0000000000000b1b       0x3c build/default/production/_ext/1171490990/exceptions.o
 .debug_abbrev  0x0000000000000b57      0x263 build/default/production/_ext/1303591613/7segSR.o
 .debug_abbrev  0x0000000000000dba      0x11b build/default/production/_ext/1303591613/sn74hc595n.o
 .debug_abbrev  0x0000000000000ed5      0x223 build/default/production/_ext/1360937237/main.o
 .debug_abbrev  0x00000000000010f8       0x2a c:/program files/microchip/xc32/v2.50/bin/bin/../../lib/gcc/pic32c/6.2.1/../../../../pic32c/lib\libpic32c.a(data_init.o)
 .debug_abbrev  0x0000000000001122       0x14 c:/program files/microchip/xc32/v2.50/bin/bin/../../lib/gcc/pic32c/6.2.1\libgcc.a(_udivsi3.o)
 .debug_abbrev  0x0000000000001136       0x14 c:/program files/microchip/xc32/v2.50/bin/bin/../../lib/gcc/pic32c/6.2.1\libgcc.a(_dvmd_tls.o)
 .debug_abbrev  0x000000000000114a      0x11b c:/program files/microchip/xc32/v2.50/bin/bin/../../lib/gcc/pic32c/6.2.1\libgcc.a(_fixunsdfsi.o)
 .debug_abbrev  0x0000000000001265      0x150 c:/program files/microchip/xc32/v2.50/bin/bin/../../lib/gcc/pic32c/6.2.1\libgcc.a(adddf3.o)
 .debug_abbrev  0x00000000000013b5      0x150 c:/program files/microchip/xc32/v2.50/bin/bin/../../lib/gcc/pic32c/6.2.1\libgcc.a(subdf3.o)
 .debug_abbrev  0x0000000000001505      0x12c c:/program files/microchip/xc32/v2.50/bin/bin/../../lib/gcc/pic32c/6.2.1\libgcc.a(fixdfsi.o)
 .debug_abbrev  0x0000000000001631      0x118 c:/program files/microchip/xc32/v2.50/bin/bin/../../lib/gcc/pic32c/6.2.1\libgcc.a(floatunsidf.o)
 .debug_abbrev  0x0000000000001749       0x14 c:/program files/microchip/xc32/v2.50/bin/bin/../../lib/gcc/pic32c/6.2.1\libgcc.a(_arm_cmpdf2.o)
 .debug_abbrev  0x000000000000175d       0x14 c:/program files/microchip/xc32/v2.50/bin/bin/../../lib/gcc/pic32c/6.2.1\libgcc.a(_clzsi2.o)
 .debug_abbrev  0x0000000000001771      0x128 c:/program files/microchip/xc32/v2.50/bin/bin/../../lib/gcc/pic32c/6.2.1\libgcc.a(eqdf2.o)
 .debug_abbrev  0x0000000000001899      0x135 c:/program files/microchip/xc32/v2.50/bin/bin/../../lib/gcc/pic32c/6.2.1\libgcc.a(gedf2.o)
 .debug_abbrev  0x00000000000019ce      0x12a c:/program files/microchip/xc32/v2.50/bin/bin/../../lib/gcc/pic32c/6.2.1\libgcc.a(ledf2.o)
 .debug_abbrev  0x0000000000001af8      0x1fb c:/program files/microchip/xc32/v2.50/bin/bin/../../lib/gcc/pic32c/6.2.1/../../../../pic32c/lib\libm_nano.a(lib_a-w_log10.o)
 .debug_abbrev  0x0000000000001cf3      0x1ff c:/program files/microchip/xc32/v2.50/bin/bin/../../lib/gcc/pic32c/6.2.1/../../../../pic32c/lib\libm_nano.a(lib_a-e_log10.o)
 .debug_abbrev  0x0000000000001ef2      0x1cf c:/program files/microchip/xc32/v2.50/bin/bin/../../lib/gcc/pic32c/6.2.1/../../../../pic32c/lib\libm_nano.a(lib_a-e_log.o)
 .debug_abbrev  0x00000000000020c1      0x149 c:/program files/microchip/xc32/v2.50/bin/bin/../../lib/gcc/pic32c/6.2.1/../../../../pic32c/lib\libm_nano.a(lib_a-s_lib_ver.o)
 .debug_abbrev  0x000000000000220a      0x17c c:/program files/microchip/xc32/v2.50/bin/bin/../../lib/gcc/pic32c/6.2.1/../../../../pic32c/lib\libm_nano.a(lib_a-s_matherr.o)
 .debug_abbrev  0x0000000000002386      0x17a c:/program files/microchip/xc32/v2.50/bin/bin/../../lib/gcc/pic32c/6.2.1/../../../../pic32c/lib\libm_nano.a(lib_a-s_nan.o)
 .debug_abbrev  0x0000000000002500      0x14f c:/program files/microchip/xc32/v2.50/bin/bin/../../lib/gcc/pic32c/6.2.1/../../../../pic32c/lib\libc_nano.a(lib_a-errno.o)
 .debug_abbrev  0x000000000000264f      0x131 c:/program files/microchip/xc32/v2.50/bin/bin/../../lib/gcc/pic32c/6.2.1/../../../../pic32c/lib\libc_nano.a(lib_a-impure.o)
 .debug_abbrev  0x0000000000002780       0xa3 c:/program files/microchip/xc32/v2.50/bin/bin/../../lib/gcc/pic32c/6.2.1/../../../../pic32c/lib\libc_nano.a(lib_a-init.o)
 .debug_abbrev  0x0000000000002823      0x143 c:/program files/microchip/xc32/v2.50/bin/bin/../../lib/gcc/pic32c/6.2.1\libgcc.a(divdf3.o)
 .debug_abbrev  0x0000000000002966      0x14a c:/program files/microchip/xc32/v2.50/bin/bin/../../lib/gcc/pic32c/6.2.1\libgcc.a(muldf3.o)
 .debug_abbrev  0x0000000000002ab0      0x119 c:/program files/microchip/xc32/v2.50/bin/bin/../../lib/gcc/pic32c/6.2.1\libgcc.a(unorddf2.o)
 .debug_abbrev  0x0000000000002bc9      0x118 c:/program files/microchip/xc32/v2.50/bin/bin/../../lib/gcc/pic32c/6.2.1\libgcc.a(floatsidf.o)
 .debug_abbrev  0x0000000000002ce1       0x14 c:/program files/microchip/xc32/v2.50/bin/bin/../../lib/gcc/pic32c/6.2.1\libgcc.a(_thumb1_case_uhi.o)

.debug_loc      0x0000000000000000     0x7074
 .debug_loc     0x0000000000000000       0xbc build/default/production/_ext/1984496892/plib_clock.o
 .debug_loc     0x00000000000000bc       0x2c build/default/production/_ext/1986646378/plib_evsys.o
 .debug_loc     0x00000000000000e8      0x138 build/default/production/_ext/1865468468/plib_nvic.o
 .debug_loc     0x0000000000000220      0x244 build/default/production/_ext/1593096446/plib_nvmctrl.o
 .debug_loc     0x0000000000000464      0x25c build/default/production/_ext/1865521619/plib_port.o
 .debug_loc     0x00000000000006c0      0x220 build/default/production/_ext/829342655/plib_tc4.o
 .debug_loc     0x00000000000008e0      0x24c build/default/production/_ext/60181570/plib_tcc0.o
 .debug_loc     0x0000000000000b2c       0x20 build/default/production/_ext/1171490990/startup_xc32.o
 .debug_loc     0x0000000000000b4c       0x38 build/default/production/_ext/1171490990/initialization.o
 .debug_loc     0x0000000000000b84       0x58 build/default/production/_ext/1171490990/exceptions.o
 .debug_loc     0x0000000000000bdc       0xe0 build/default/production/_ext/1303591613/7segSR.o
 .debug_loc     0x0000000000000cbc      0x118 build/default/production/_ext/1303591613/sn74hc595n.o
 .debug_loc     0x0000000000000dd4       0xa8 build/default/production/_ext/1360937237/main.o
 .debug_loc     0x0000000000000e7c       0x14 c:/program files/microchip/xc32/v2.50/bin/bin/../../lib/gcc/pic32c/6.2.1/../../../../pic32c/lib\libpic32c.a(data_init.o)
 .debug_loc     0x0000000000000e90       0x49 c:/program files/microchip/xc32/v2.50/bin/bin/../../lib/gcc/pic32c/6.2.1\libgcc.a(_fixunsdfsi.o)
 .debug_loc     0x0000000000000ed9     0x147e c:/program files/microchip/xc32/v2.50/bin/bin/../../lib/gcc/pic32c/6.2.1\libgcc.a(adddf3.o)
 .debug_loc     0x0000000000002357     0x1362 c:/program files/microchip/xc32/v2.50/bin/bin/../../lib/gcc/pic32c/6.2.1\libgcc.a(subdf3.o)
 .debug_loc     0x00000000000036b9      0x131 c:/program files/microchip/xc32/v2.50/bin/bin/../../lib/gcc/pic32c/6.2.1\libgcc.a(fixdfsi.o)
 .debug_loc     0x00000000000037ea      0x1df c:/program files/microchip/xc32/v2.50/bin/bin/../../lib/gcc/pic32c/6.2.1\libgcc.a(floatunsidf.o)
 .debug_loc     0x00000000000039c9      0x120 c:/program files/microchip/xc32/v2.50/bin/bin/../../lib/gcc/pic32c/6.2.1\libgcc.a(eqdf2.o)
 .debug_loc     0x0000000000003ae9      0x26c c:/program files/microchip/xc32/v2.50/bin/bin/../../lib/gcc/pic32c/6.2.1\libgcc.a(gedf2.o)
 .debug_loc     0x0000000000003d55      0x1d5 c:/program files/microchip/xc32/v2.50/bin/bin/../../lib/gcc/pic32c/6.2.1\libgcc.a(ledf2.o)
 .debug_loc     0x0000000000003f2a       0x6e c:/program files/microchip/xc32/v2.50/bin/bin/../../lib/gcc/pic32c/6.2.1/../../../../pic32c/lib\libm_nano.a(lib_a-w_log10.o)
 .debug_loc     0x0000000000003f98      0x2b5 c:/program files/microchip/xc32/v2.50/bin/bin/../../lib/gcc/pic32c/6.2.1/../../../../pic32c/lib\libm_nano.a(lib_a-e_log10.o)
 .debug_loc     0x000000000000424d      0x603 c:/program files/microchip/xc32/v2.50/bin/bin/../../lib/gcc/pic32c/6.2.1/../../../../pic32c/lib\libm_nano.a(lib_a-e_log.o)
 .debug_loc     0x0000000000004850       0x21 c:/program files/microchip/xc32/v2.50/bin/bin/../../lib/gcc/pic32c/6.2.1/../../../../pic32c/lib\libm_nano.a(lib_a-s_matherr.o)
 .debug_loc     0x0000000000004871       0x21 c:/program files/microchip/xc32/v2.50/bin/bin/../../lib/gcc/pic32c/6.2.1/../../../../pic32c/lib\libm_nano.a(lib_a-s_nan.o)
 .debug_loc     0x0000000000004892       0x72 c:/program files/microchip/xc32/v2.50/bin/bin/../../lib/gcc/pic32c/6.2.1/../../../../pic32c/lib\libc_nano.a(lib_a-init.o)
 .debug_loc     0x0000000000004904     0x1513 c:/program files/microchip/xc32/v2.50/bin/bin/../../lib/gcc/pic32c/6.2.1\libgcc.a(divdf3.o)
 .debug_loc     0x0000000000005e17      0xfde c:/program files/microchip/xc32/v2.50/bin/bin/../../lib/gcc/pic32c/6.2.1\libgcc.a(muldf3.o)
 .debug_loc     0x0000000000006df5       0xbe c:/program files/microchip/xc32/v2.50/bin/bin/../../lib/gcc/pic32c/6.2.1\libgcc.a(unorddf2.o)
 .debug_loc     0x0000000000006eb3      0x1c1 c:/program files/microchip/xc32/v2.50/bin/bin/../../lib/gcc/pic32c/6.2.1\libgcc.a(floatsidf.o)

.debug_aranges  0x0000000000000000      0x6f0
 .debug_aranges
                0x0000000000000000       0x38 build/default/production/_ext/1984496892/plib_clock.o
 .debug_aranges
                0x0000000000000038       0x20 build/default/production/_ext/1986646378/plib_evsys.o
 .debug_aranges
                0x0000000000000058       0x48 build/default/production/_ext/1865468468/plib_nvic.o
 .debug_aranges
                0x00000000000000a0       0x70 build/default/production/_ext/1593096446/plib_nvmctrl.o
 .debug_aranges
                0x0000000000000110       0x70 build/default/production/_ext/1865521619/plib_port.o
 .debug_aranges
                0x0000000000000180       0x70 build/default/production/_ext/829342655/plib_tc4.o
 .debug_aranges
                0x00000000000001f0       0x78 build/default/production/_ext/60181570/plib_tcc0.o
 .debug_aranges
                0x0000000000000268       0x28 build/default/production/_ext/1171490990/startup_xc32.o
 .debug_aranges
                0x0000000000000290       0x20 build/default/production/_ext/1171490990/initialization.o
 .debug_aranges
                0x00000000000002b0       0x20 build/default/production/_ext/1171490990/interrupts.o
 .debug_aranges
                0x00000000000002d0       0x28 build/default/production/_ext/1171490990/exceptions.o
 .debug_aranges
                0x00000000000002f8       0x38 build/default/production/_ext/1303591613/7segSR.o
 .debug_aranges
                0x0000000000000330       0x40 build/default/production/_ext/1303591613/sn74hc595n.o
 .debug_aranges
                0x0000000000000370       0x30 build/default/production/_ext/1360937237/main.o
 .debug_aranges
                0x00000000000003a0       0x20 c:/program files/microchip/xc32/v2.50/bin/bin/../../lib/gcc/pic32c/6.2.1/../../../../pic32c/lib\libpic32c.a(data_init.o)
 .debug_aranges
                0x00000000000003c0       0x20 c:/program files/microchip/xc32/v2.50/bin/bin/../../lib/gcc/pic32c/6.2.1\libgcc.a(_udivsi3.o)
 .debug_aranges
                0x00000000000003e0       0x20 c:/program files/microchip/xc32/v2.50/bin/bin/../../lib/gcc/pic32c/6.2.1\libgcc.a(_dvmd_tls.o)
 .debug_aranges
                0x0000000000000400       0x20 c:/program files/microchip/xc32/v2.50/bin/bin/../../lib/gcc/pic32c/6.2.1\libgcc.a(_fixunsdfsi.o)
 .debug_aranges
                0x0000000000000420       0x20 c:/program files/microchip/xc32/v2.50/bin/bin/../../lib/gcc/pic32c/6.2.1\libgcc.a(adddf3.o)
 .debug_aranges
                0x0000000000000440       0x20 c:/program files/microchip/xc32/v2.50/bin/bin/../../lib/gcc/pic32c/6.2.1\libgcc.a(subdf3.o)
 .debug_aranges
                0x0000000000000460       0x20 c:/program files/microchip/xc32/v2.50/bin/bin/../../lib/gcc/pic32c/6.2.1\libgcc.a(fixdfsi.o)
 .debug_aranges
                0x0000000000000480       0x20 c:/program files/microchip/xc32/v2.50/bin/bin/../../lib/gcc/pic32c/6.2.1\libgcc.a(floatunsidf.o)
 .debug_aranges
                0x00000000000004a0       0x20 c:/program files/microchip/xc32/v2.50/bin/bin/../../lib/gcc/pic32c/6.2.1\libgcc.a(_arm_cmpdf2.o)
 .debug_aranges
                0x00000000000004c0       0x20 c:/program files/microchip/xc32/v2.50/bin/bin/../../lib/gcc/pic32c/6.2.1\libgcc.a(_clzsi2.o)
 .debug_aranges
                0x00000000000004e0       0x20 c:/program files/microchip/xc32/v2.50/bin/bin/../../lib/gcc/pic32c/6.2.1\libgcc.a(eqdf2.o)
 .debug_aranges
                0x0000000000000500       0x20 c:/program files/microchip/xc32/v2.50/bin/bin/../../lib/gcc/pic32c/6.2.1\libgcc.a(gedf2.o)
 .debug_aranges
                0x0000000000000520       0x20 c:/program files/microchip/xc32/v2.50/bin/bin/../../lib/gcc/pic32c/6.2.1\libgcc.a(ledf2.o)
 .debug_aranges
                0x0000000000000540       0x20 c:/program files/microchip/xc32/v2.50/bin/bin/../../lib/gcc/pic32c/6.2.1/../../../../pic32c/lib\libm_nano.a(lib_a-w_log10.o)
 .debug_aranges
                0x0000000000000560       0x20 c:/program files/microchip/xc32/v2.50/bin/bin/../../lib/gcc/pic32c/6.2.1/../../../../pic32c/lib\libm_nano.a(lib_a-e_log10.o)
 .debug_aranges
                0x0000000000000580       0x20 c:/program files/microchip/xc32/v2.50/bin/bin/../../lib/gcc/pic32c/6.2.1/../../../../pic32c/lib\libm_nano.a(lib_a-e_log.o)
 .debug_aranges
                0x00000000000005a0       0x18 c:/program files/microchip/xc32/v2.50/bin/bin/../../lib/gcc/pic32c/6.2.1/../../../../pic32c/lib\libm_nano.a(lib_a-s_lib_ver.o)
 .debug_aranges
                0x00000000000005b8       0x20 c:/program files/microchip/xc32/v2.50/bin/bin/../../lib/gcc/pic32c/6.2.1/../../../../pic32c/lib\libm_nano.a(lib_a-s_matherr.o)
 .debug_aranges
                0x00000000000005d8       0x20 c:/program files/microchip/xc32/v2.50/bin/bin/../../lib/gcc/pic32c/6.2.1/../../../../pic32c/lib\libm_nano.a(lib_a-s_nan.o)
 .debug_aranges
                0x00000000000005f8       0x20 c:/program files/microchip/xc32/v2.50/bin/bin/../../lib/gcc/pic32c/6.2.1/../../../../pic32c/lib\libc_nano.a(lib_a-errno.o)
 .debug_aranges
                0x0000000000000618       0x18 c:/program files/microchip/xc32/v2.50/bin/bin/../../lib/gcc/pic32c/6.2.1/../../../../pic32c/lib\libc_nano.a(lib_a-impure.o)
 .debug_aranges
                0x0000000000000630       0x20 c:/program files/microchip/xc32/v2.50/bin/bin/../../lib/gcc/pic32c/6.2.1/../../../../pic32c/lib\libc_nano.a(lib_a-init.o)
 .debug_aranges
                0x0000000000000650       0x20 c:/program files/microchip/xc32/v2.50/bin/bin/../../lib/gcc/pic32c/6.2.1\libgcc.a(divdf3.o)
 .debug_aranges
                0x0000000000000670       0x20 c:/program files/microchip/xc32/v2.50/bin/bin/../../lib/gcc/pic32c/6.2.1\libgcc.a(muldf3.o)
 .debug_aranges
                0x0000000000000690       0x20 c:/program files/microchip/xc32/v2.50/bin/bin/../../lib/gcc/pic32c/6.2.1\libgcc.a(unorddf2.o)
 .debug_aranges
                0x00000000000006b0       0x20 c:/program files/microchip/xc32/v2.50/bin/bin/../../lib/gcc/pic32c/6.2.1\libgcc.a(floatsidf.o)
 .debug_aranges
                0x00000000000006d0       0x20 c:/program files/microchip/xc32/v2.50/bin/bin/../../lib/gcc/pic32c/6.2.1\libgcc.a(_thumb1_case_uhi.o)

.debug_ranges   0x0000000000000000      0xbe8
 .debug_ranges  0x0000000000000000       0x28 build/default/production/_ext/1984496892/plib_clock.o
 .debug_ranges  0x0000000000000028       0x10 build/default/production/_ext/1986646378/plib_evsys.o
 .debug_ranges  0x0000000000000038       0x38 build/default/production/_ext/1865468468/plib_nvic.o
 .debug_ranges  0x0000000000000070       0x60 build/default/production/_ext/1593096446/plib_nvmctrl.o
 .debug_ranges  0x00000000000000d0       0x60 build/default/production/_ext/1865521619/plib_port.o
 .debug_ranges  0x0000000000000130       0x60 build/default/production/_ext/829342655/plib_tc4.o
 .debug_ranges  0x0000000000000190       0x68 build/default/production/_ext/60181570/plib_tcc0.o
 .debug_ranges  0x00000000000001f8       0x18 build/default/production/_ext/1171490990/startup_xc32.o
 .debug_ranges  0x0000000000000210       0x10 build/default/production/_ext/1171490990/initialization.o
 .debug_ranges  0x0000000000000220       0x10 build/default/production/_ext/1171490990/interrupts.o
 .debug_ranges  0x0000000000000230       0x18 build/default/production/_ext/1171490990/exceptions.o
 .debug_ranges  0x0000000000000248       0x28 build/default/production/_ext/1303591613/7segSR.o
 .debug_ranges  0x0000000000000270       0x30 build/default/production/_ext/1303591613/sn74hc595n.o
 .debug_ranges  0x00000000000002a0       0x20 build/default/production/_ext/1360937237/main.o
 .debug_ranges  0x00000000000002c0       0x10 c:/program files/microchip/xc32/v2.50/bin/bin/../../lib/gcc/pic32c/6.2.1/../../../../pic32c/lib\libpic32c.a(data_init.o)
 .debug_ranges  0x00000000000002d0      0x1b0 c:/program files/microchip/xc32/v2.50/bin/bin/../../lib/gcc/pic32c/6.2.1\libgcc.a(adddf3.o)
 .debug_ranges  0x0000000000000480      0x1b8 c:/program files/microchip/xc32/v2.50/bin/bin/../../lib/gcc/pic32c/6.2.1\libgcc.a(subdf3.o)
 .debug_ranges  0x0000000000000638       0x18 c:/program files/microchip/xc32/v2.50/bin/bin/../../lib/gcc/pic32c/6.2.1\libgcc.a(fixdfsi.o)
 .debug_ranges  0x0000000000000650       0x48 c:/program files/microchip/xc32/v2.50/bin/bin/../../lib/gcc/pic32c/6.2.1\libgcc.a(floatunsidf.o)
 .debug_ranges  0x0000000000000698       0x50 c:/program files/microchip/xc32/v2.50/bin/bin/../../lib/gcc/pic32c/6.2.1\libgcc.a(eqdf2.o)
 .debug_ranges  0x00000000000006e8       0x30 c:/program files/microchip/xc32/v2.50/bin/bin/../../lib/gcc/pic32c/6.2.1\libgcc.a(gedf2.o)
 .debug_ranges  0x0000000000000718       0x48 c:/program files/microchip/xc32/v2.50/bin/bin/../../lib/gcc/pic32c/6.2.1\libgcc.a(ledf2.o)
 .debug_ranges  0x0000000000000760       0x10 c:/program files/microchip/xc32/v2.50/bin/bin/../../lib/gcc/pic32c/6.2.1/../../../../pic32c/lib\libm_nano.a(lib_a-w_log10.o)
 .debug_ranges  0x0000000000000770       0x30 c:/program files/microchip/xc32/v2.50/bin/bin/../../lib/gcc/pic32c/6.2.1/../../../../pic32c/lib\libm_nano.a(lib_a-e_log10.o)
 .debug_ranges  0x00000000000007a0       0x30 c:/program files/microchip/xc32/v2.50/bin/bin/../../lib/gcc/pic32c/6.2.1/../../../../pic32c/lib\libm_nano.a(lib_a-e_log.o)
 .debug_ranges  0x00000000000007d0       0x10 c:/program files/microchip/xc32/v2.50/bin/bin/../../lib/gcc/pic32c/6.2.1/../../../../pic32c/lib\libm_nano.a(lib_a-s_matherr.o)
 .debug_ranges  0x00000000000007e0       0x10 c:/program files/microchip/xc32/v2.50/bin/bin/../../lib/gcc/pic32c/6.2.1/../../../../pic32c/lib\libm_nano.a(lib_a-s_nan.o)
 .debug_ranges  0x00000000000007f0       0x10 c:/program files/microchip/xc32/v2.50/bin/bin/../../lib/gcc/pic32c/6.2.1/../../../../pic32c/lib\libc_nano.a(lib_a-errno.o)
 .debug_ranges  0x0000000000000800       0x10 c:/program files/microchip/xc32/v2.50/bin/bin/../../lib/gcc/pic32c/6.2.1/../../../../pic32c/lib\libc_nano.a(lib_a-init.o)
 .debug_ranges  0x0000000000000810      0x178 c:/program files/microchip/xc32/v2.50/bin/bin/../../lib/gcc/pic32c/6.2.1\libgcc.a(divdf3.o)
 .debug_ranges  0x0000000000000988      0x1d0 c:/program files/microchip/xc32/v2.50/bin/bin/../../lib/gcc/pic32c/6.2.1\libgcc.a(muldf3.o)
 .debug_ranges  0x0000000000000b58       0x40 c:/program files/microchip/xc32/v2.50/bin/bin/../../lib/gcc/pic32c/6.2.1\libgcc.a(unorddf2.o)
 .debug_ranges  0x0000000000000b98       0x50 c:/program files/microchip/xc32/v2.50/bin/bin/../../lib/gcc/pic32c/6.2.1\libgcc.a(floatsidf.o)

.debug_line     0x0000000000000000     0x419a
 .debug_line    0x0000000000000000      0x198 build/default/production/_ext/1984496892/plib_clock.o
 .debug_line    0x0000000000000198       0x64 build/default/production/_ext/1986646378/plib_evsys.o
 .debug_line    0x00000000000001fc      0x236 build/default/production/_ext/1865468468/plib_nvic.o
 .debug_line    0x0000000000000432      0x28c build/default/production/_ext/1593096446/plib_nvmctrl.o
 .debug_line    0x00000000000006be      0x204 build/default/production/_ext/1865521619/plib_port.o
 .debug_line    0x00000000000008c2      0x21f build/default/production/_ext/829342655/plib_tc4.o
 .debug_line    0x0000000000000ae1      0x21f build/default/production/_ext/60181570/plib_tcc0.o
 .debug_line    0x0000000000000d00      0x13e build/default/production/_ext/1171490990/startup_xc32.o
 .debug_line    0x0000000000000e3e      0x12c build/default/production/_ext/1171490990/initialization.o
 .debug_line    0x0000000000000f6a       0xfe build/default/production/_ext/1171490990/interrupts.o
 .debug_line    0x0000000000001068       0x64 build/default/production/_ext/1171490990/exceptions.o
 .debug_line    0x00000000000010cc      0x285 build/default/production/_ext/1303591613/7segSR.o
 .debug_line    0x0000000000001351      0x1f1 build/default/production/_ext/1303591613/sn74hc595n.o
 .debug_line    0x0000000000001542      0x2bc build/default/production/_ext/1360937237/main.o
 .debug_line    0x00000000000017fe       0xe3 c:/program files/microchip/xc32/v2.50/bin/bin/../../lib/gcc/pic32c/6.2.1/../../../../pic32c/lib\libpic32c.a(data_init.o)
 .debug_line    0x00000000000018e1       0xb3 c:/program files/microchip/xc32/v2.50/bin/bin/../../lib/gcc/pic32c/6.2.1\libgcc.a(_udivsi3.o)
 .debug_line    0x0000000000001994       0x9c c:/program files/microchip/xc32/v2.50/bin/bin/../../lib/gcc/pic32c/6.2.1\libgcc.a(_dvmd_tls.o)
 .debug_line    0x0000000000001a30      0x28c c:/program files/microchip/xc32/v2.50/bin/bin/../../lib/gcc/pic32c/6.2.1\libgcc.a(_fixunsdfsi.o)
 .debug_line    0x0000000000001cbc      0x1c8 c:/program files/microchip/xc32/v2.50/bin/bin/../../lib/gcc/pic32c/6.2.1\libgcc.a(adddf3.o)
 .debug_line    0x0000000000001e84      0x1cd c:/program files/microchip/xc32/v2.50/bin/bin/../../lib/gcc/pic32c/6.2.1\libgcc.a(subdf3.o)
 .debug_line    0x0000000000002051      0x12f c:/program files/microchip/xc32/v2.50/bin/bin/../../lib/gcc/pic32c/6.2.1\libgcc.a(fixdfsi.o)
 .debug_line    0x0000000000002180      0x12c c:/program files/microchip/xc32/v2.50/bin/bin/../../lib/gcc/pic32c/6.2.1\libgcc.a(floatunsidf.o)
 .debug_line    0x00000000000022ac       0xb4 c:/program files/microchip/xc32/v2.50/bin/bin/../../lib/gcc/pic32c/6.2.1\libgcc.a(_arm_cmpdf2.o)
 .debug_line    0x0000000000002360       0xb0 c:/program files/microchip/xc32/v2.50/bin/bin/../../lib/gcc/pic32c/6.2.1\libgcc.a(_clzsi2.o)
 .debug_line    0x0000000000002410      0x14c c:/program files/microchip/xc32/v2.50/bin/bin/../../lib/gcc/pic32c/6.2.1\libgcc.a(eqdf2.o)
 .debug_line    0x000000000000255c      0x14c c:/program files/microchip/xc32/v2.50/bin/bin/../../lib/gcc/pic32c/6.2.1\libgcc.a(gedf2.o)
 .debug_line    0x00000000000026a8      0x14f c:/program files/microchip/xc32/v2.50/bin/bin/../../lib/gcc/pic32c/6.2.1\libgcc.a(ledf2.o)
 .debug_line    0x00000000000027f7      0x2af c:/program files/microchip/xc32/v2.50/bin/bin/../../lib/gcc/pic32c/6.2.1/../../../../pic32c/lib\libm_nano.a(lib_a-w_log10.o)
 .debug_line    0x0000000000002aa6      0x32a c:/program files/microchip/xc32/v2.50/bin/bin/../../lib/gcc/pic32c/6.2.1/../../../../pic32c/lib\libm_nano.a(lib_a-e_log10.o)
 .debug_line    0x0000000000002dd0      0x371 c:/program files/microchip/xc32/v2.50/bin/bin/../../lib/gcc/pic32c/6.2.1/../../../../pic32c/lib\libm_nano.a(lib_a-e_log.o)
 .debug_line    0x0000000000003141      0x1f1 c:/program files/microchip/xc32/v2.50/bin/bin/../../lib/gcc/pic32c/6.2.1/../../../../pic32c/lib\libm_nano.a(lib_a-s_lib_ver.o)
 .debug_line    0x0000000000003332      0x202 c:/program files/microchip/xc32/v2.50/bin/bin/../../lib/gcc/pic32c/6.2.1/../../../../pic32c/lib\libm_nano.a(lib_a-s_matherr.o)
 .debug_line    0x0000000000003534      0x1ff c:/program files/microchip/xc32/v2.50/bin/bin/../../lib/gcc/pic32c/6.2.1/../../../../pic32c/lib\libm_nano.a(lib_a-s_nan.o)
 .debug_line    0x0000000000003733      0x19b c:/program files/microchip/xc32/v2.50/bin/bin/../../lib/gcc/pic32c/6.2.1/../../../../pic32c/lib\libc_nano.a(lib_a-errno.o)
 .debug_line    0x00000000000038ce      0x17e c:/program files/microchip/xc32/v2.50/bin/bin/../../lib/gcc/pic32c/6.2.1/../../../../pic32c/lib\libc_nano.a(lib_a-impure.o)
 .debug_line    0x0000000000003a4c      0x118 c:/program files/microchip/xc32/v2.50/bin/bin/../../lib/gcc/pic32c/6.2.1/../../../../pic32c/lib\libc_nano.a(lib_a-init.o)
 .debug_line    0x0000000000003b64      0x1a4 c:/program files/microchip/xc32/v2.50/bin/bin/../../lib/gcc/pic32c/6.2.1\libgcc.a(divdf3.o)
 .debug_line    0x0000000000003d08      0x182 c:/program files/microchip/xc32/v2.50/bin/bin/../../lib/gcc/pic32c/6.2.1\libgcc.a(muldf3.o)
 .debug_line    0x0000000000003e8a      0x141 c:/program files/microchip/xc32/v2.50/bin/bin/../../lib/gcc/pic32c/6.2.1\libgcc.a(unorddf2.o)
 .debug_line    0x0000000000003fcb      0x12a c:/program files/microchip/xc32/v2.50/bin/bin/../../lib/gcc/pic32c/6.2.1\libgcc.a(floatsidf.o)
 .debug_line    0x00000000000040f5       0xa5 c:/program files/microchip/xc32/v2.50/bin/bin/../../lib/gcc/pic32c/6.2.1\libgcc.a(_thumb1_case_uhi.o)

.debug_str      0x0000000000000000      0x319
 .debug_str     0x0000000000000000       0x28 build/default/production/_ext/1984496892/plib_clock.o
 .debug_str     0x0000000000000028        0x0 build/default/production/_ext/1986646378/plib_evsys.o
 .debug_str     0x0000000000000028        0xa build/default/production/_ext/1865468468/plib_nvic.o
 .debug_str     0x0000000000000032       0x1f build/default/production/_ext/1593096446/plib_nvmctrl.o
 .debug_str     0x0000000000000051        0xb build/default/production/_ext/1865521619/plib_port.o
 .debug_str     0x000000000000005c       0xa7 build/default/production/_ext/829342655/plib_tc4.o
 .debug_str     0x0000000000000103        0x0 build/default/production/_ext/60181570/plib_tcc0.o
 .debug_str     0x0000000000000103        0x0 build/default/production/_ext/1171490990/startup_xc32.o
 .debug_str     0x0000000000000103        0x0 build/default/production/_ext/1171490990/initialization.o
 .debug_str     0x0000000000000103        0x0 build/default/production/_ext/1171490990/interrupts.o
 .debug_str     0x0000000000000103        0x0 build/default/production/_ext/1171490990/exceptions.o
 .debug_str     0x0000000000000103       0x19 build/default/production/_ext/1303591613/7segSR.o
 .debug_str     0x000000000000011c        0x0 build/default/production/_ext/1303591613/sn74hc595n.o
 .debug_str     0x000000000000011c        0xe build/default/production/_ext/1360937237/main.o
 .debug_str     0x000000000000012a        0x0 c:/program files/microchip/xc32/v2.50/bin/bin/../../lib/gcc/pic32c/6.2.1/../../../../pic32c/lib\libpic32c.a(data_init.o)
 .debug_str     0x000000000000012a        0x0 c:/program files/microchip/xc32/v2.50/bin/bin/../../lib/gcc/pic32c/6.2.1\libgcc.a(_fixunsdfsi.o)
 .debug_str     0x000000000000012a       0x2c c:/program files/microchip/xc32/v2.50/bin/bin/../../lib/gcc/pic32c/6.2.1\libgcc.a(adddf3.o)
 .debug_str     0x0000000000000156       0x2c c:/program files/microchip/xc32/v2.50/bin/bin/../../lib/gcc/pic32c/6.2.1\libgcc.a(subdf3.o)
 .debug_str     0x0000000000000182       0x13 c:/program files/microchip/xc32/v2.50/bin/bin/../../lib/gcc/pic32c/6.2.1\libgcc.a(fixdfsi.o)
 .debug_str     0x0000000000000195        0x0 c:/program files/microchip/xc32/v2.50/bin/bin/../../lib/gcc/pic32c/6.2.1\libgcc.a(floatunsidf.o)
 .debug_str     0x0000000000000195       0x26 c:/program files/microchip/xc32/v2.50/bin/bin/../../lib/gcc/pic32c/6.2.1\libgcc.a(eqdf2.o)
 .debug_str     0x00000000000001bb       0x26 c:/program files/microchip/xc32/v2.50/bin/bin/../../lib/gcc/pic32c/6.2.1\libgcc.a(gedf2.o)
 .debug_str     0x00000000000001e1       0x26 c:/program files/microchip/xc32/v2.50/bin/bin/../../lib/gcc/pic32c/6.2.1\libgcc.a(ledf2.o)
 .debug_str     0x0000000000000207       0x19 c:/program files/microchip/xc32/v2.50/bin/bin/../../lib/gcc/pic32c/6.2.1/../../../../pic32c/lib\libm_nano.a(lib_a-w_log10.o)
 .debug_str     0x0000000000000220       0x17 c:/program files/microchip/xc32/v2.50/bin/bin/../../lib/gcc/pic32c/6.2.1/../../../../pic32c/lib\libm_nano.a(lib_a-e_log10.o)
 .debug_str     0x0000000000000237        0x9 c:/program files/microchip/xc32/v2.50/bin/bin/../../lib/gcc/pic32c/6.2.1/../../../../pic32c/lib\libm_nano.a(lib_a-e_log.o)
 .debug_str     0x0000000000000240        0x9 c:/program files/microchip/xc32/v2.50/bin/bin/../../lib/gcc/pic32c/6.2.1/../../../../pic32c/lib\libm_nano.a(lib_a-s_lib_ver.o)
 .debug_str     0x0000000000000249        0x9 c:/program files/microchip/xc32/v2.50/bin/bin/../../lib/gcc/pic32c/6.2.1/../../../../pic32c/lib\libm_nano.a(lib_a-s_matherr.o)
 .debug_str     0x0000000000000252        0x9 c:/program files/microchip/xc32/v2.50/bin/bin/../../lib/gcc/pic32c/6.2.1/../../../../pic32c/lib\libm_nano.a(lib_a-s_nan.o)
 .debug_str     0x000000000000025b        0x9 c:/program files/microchip/xc32/v2.50/bin/bin/../../lib/gcc/pic32c/6.2.1/../../../../pic32c/lib\libc_nano.a(lib_a-errno.o)
 .debug_str     0x0000000000000264        0x9 c:/program files/microchip/xc32/v2.50/bin/bin/../../lib/gcc/pic32c/6.2.1/../../../../pic32c/lib\libc_nano.a(lib_a-impure.o)
 .debug_str     0x000000000000026d        0x0 c:/program files/microchip/xc32/v2.50/bin/bin/../../lib/gcc/pic32c/6.2.1/../../../../pic32c/lib\libc_nano.a(lib_a-init.o)
 .debug_str     0x000000000000026d       0x30 c:/program files/microchip/xc32/v2.50/bin/bin/../../lib/gcc/pic32c/6.2.1\libgcc.a(divdf3.o)
 .debug_str     0x000000000000029d       0x56 c:/program files/microchip/xc32/v2.50/bin/bin/../../lib/gcc/pic32c/6.2.1\libgcc.a(muldf3.o)
 .debug_str     0x00000000000002f3       0x26 c:/program files/microchip/xc32/v2.50/bin/bin/../../lib/gcc/pic32c/6.2.1\libgcc.a(unorddf2.o)
 .debug_str     0x0000000000000319        0x0 c:/program files/microchip/xc32/v2.50/bin/bin/../../lib/gcc/pic32c/6.2.1\libgcc.a(floatsidf.o)

.debug_frame    0x0000000000000000      0xd3c
 .debug_frame   0x0000000000000000       0x84 build/default/production/_ext/1984496892/plib_clock.o
 .debug_frame   0x0000000000000084       0x2c build/default/production/_ext/1986646378/plib_evsys.o
 .debug_frame   0x00000000000000b0       0xcc build/default/production/_ext/1865468468/plib_nvic.o
 .debug_frame   0x000000000000017c      0x164 build/default/production/_ext/1593096446/plib_nvmctrl.o
 .debug_frame   0x00000000000002e0      0x16c build/default/production/_ext/1865521619/plib_port.o
 .debug_frame   0x000000000000044c      0x158 build/default/production/_ext/829342655/plib_tc4.o
 .debug_frame   0x00000000000005a4      0x174 build/default/production/_ext/60181570/plib_tcc0.o
 .debug_frame   0x0000000000000718       0x38 build/default/production/_ext/1171490990/startup_xc32.o
 .debug_frame   0x0000000000000750       0x30 build/default/production/_ext/1171490990/initialization.o
 .debug_frame   0x0000000000000780       0x20 build/default/production/_ext/1171490990/interrupts.o
 .debug_frame   0x00000000000007a0       0x48 build/default/production/_ext/1171490990/exceptions.o
 .debug_frame   0x00000000000007e8       0x90 build/default/production/_ext/1303591613/7segSR.o
 .debug_frame   0x0000000000000878       0xb0 build/default/production/_ext/1303591613/sn74hc595n.o
 .debug_frame   0x0000000000000928       0x70 build/default/production/_ext/1360937237/main.o
 .debug_frame   0x0000000000000998       0x2c c:/program files/microchip/xc32/v2.50/bin/bin/../../lib/gcc/pic32c/6.2.1/../../../../pic32c/lib\libpic32c.a(data_init.o)
 .debug_frame   0x00000000000009c4       0x20 c:/program files/microchip/xc32/v2.50/bin/bin/../../lib/gcc/pic32c/6.2.1\libgcc.a(_udivsi3.o)
 .debug_frame   0x00000000000009e4       0x2c c:/program files/microchip/xc32/v2.50/bin/bin/../../lib/gcc/pic32c/6.2.1\libgcc.a(_fixunsdfsi.o)
 .debug_frame   0x0000000000000a10       0x34 c:/program files/microchip/xc32/v2.50/bin/bin/../../lib/gcc/pic32c/6.2.1\libgcc.a(adddf3.o)
 .debug_frame   0x0000000000000a44       0x34 c:/program files/microchip/xc32/v2.50/bin/bin/../../lib/gcc/pic32c/6.2.1\libgcc.a(subdf3.o)
 .debug_frame   0x0000000000000a78       0x2c c:/program files/microchip/xc32/v2.50/bin/bin/../../lib/gcc/pic32c/6.2.1\libgcc.a(fixdfsi.o)
 .debug_frame   0x0000000000000aa4       0x2c c:/program files/microchip/xc32/v2.50/bin/bin/../../lib/gcc/pic32c/6.2.1\libgcc.a(floatunsidf.o)
 .debug_frame   0x0000000000000ad0       0x30 c:/program files/microchip/xc32/v2.50/bin/bin/../../lib/gcc/pic32c/6.2.1\libgcc.a(eqdf2.o)
 .debug_frame   0x0000000000000b00       0x34 c:/program files/microchip/xc32/v2.50/bin/bin/../../lib/gcc/pic32c/6.2.1\libgcc.a(gedf2.o)
 .debug_frame   0x0000000000000b34       0x30 c:/program files/microchip/xc32/v2.50/bin/bin/../../lib/gcc/pic32c/6.2.1\libgcc.a(ledf2.o)
 .debug_frame   0x0000000000000b64       0x30 c:/program files/microchip/xc32/v2.50/bin/bin/../../lib/gcc/pic32c/6.2.1/../../../../pic32c/lib\libm_nano.a(lib_a-w_log10.o)
 .debug_frame   0x0000000000000b94       0x30 c:/program files/microchip/xc32/v2.50/bin/bin/../../lib/gcc/pic32c/6.2.1/../../../../pic32c/lib\libm_nano.a(lib_a-e_log10.o)
 .debug_frame   0x0000000000000bc4       0x30 c:/program files/microchip/xc32/v2.50/bin/bin/../../lib/gcc/pic32c/6.2.1/../../../../pic32c/lib\libm_nano.a(lib_a-e_log.o)
 .debug_frame   0x0000000000000bf4       0x20 c:/program files/microchip/xc32/v2.50/bin/bin/../../lib/gcc/pic32c/6.2.1/../../../../pic32c/lib\libm_nano.a(lib_a-s_matherr.o)
 .debug_frame   0x0000000000000c14       0x20 c:/program files/microchip/xc32/v2.50/bin/bin/../../lib/gcc/pic32c/6.2.1/../../../../pic32c/lib\libm_nano.a(lib_a-s_nan.o)
 .debug_frame   0x0000000000000c34       0x20 c:/program files/microchip/xc32/v2.50/bin/bin/../../lib/gcc/pic32c/6.2.1/../../../../pic32c/lib\libc_nano.a(lib_a-errno.o)
 .debug_frame   0x0000000000000c54       0x2c c:/program files/microchip/xc32/v2.50/bin/bin/../../lib/gcc/pic32c/6.2.1/../../../../pic32c/lib\libc_nano.a(lib_a-init.o)
 .debug_frame   0x0000000000000c80       0x30 c:/program files/microchip/xc32/v2.50/bin/bin/../../lib/gcc/pic32c/6.2.1\libgcc.a(divdf3.o)
 .debug_frame   0x0000000000000cb0       0x30 c:/program files/microchip/xc32/v2.50/bin/bin/../../lib/gcc/pic32c/6.2.1\libgcc.a(muldf3.o)
 .debug_frame   0x0000000000000ce0       0x2c c:/program files/microchip/xc32/v2.50/bin/bin/../../lib/gcc/pic32c/6.2.1\libgcc.a(unorddf2.o)
 .debug_frame   0x0000000000000d0c       0x30 c:/program files/microchip/xc32/v2.50/bin/bin/../../lib/gcc/pic32c/6.2.1\libgcc.a(floatsidf.o)

.stack          0x00000000200002c0      0x100
 .stack         0x00000000200002c0      0x100 stack

.data.impure_data%1
                0x0000000020000000       0x60
 .data.impure_data
                0x0000000020000000       0x60 c:/program files/microchip/xc32/v2.50/bin/bin/../../lib/gcc/pic32c/6.2.1/../../../../pic32c/lib\libc_nano.a(lib_a-impure.o)

.bss%2          0x0000000020000060       0x1c
 .bss           0x0000000020000060       0x1c c:/program files/microchip/xc32/v2.50/bin/bin/../../lib/gcc/pic32c/6.2.1/crtbegin.o

.bss.dis%3      0x000000002000007c       0x10
 .bss.dis       0x000000002000007c       0x10 build/default/production/_ext/1360937237/main.o

.bss.TC4_CallbackObject%4
                0x000000002000008c        0x8
 .bss.TC4_CallbackObject
                0x000000002000008c        0x8 build/default/production/_ext/829342655/plib_tc4.o
                0x000000002000008c                TC4_CallbackObject

.bss.tsr%5      0x0000000020000094        0x6
 .bss.tsr       0x0000000020000094        0x6 build/default/production/_ext/1360937237/main.o

.bss.dutyCycle%6
                0x000000002000009c        0x4
 .bss.dutyCycle
                0x000000002000009c        0x4 build/default/production/_ext/1360937237/main.o

.data._impure_ptr%7
                0x00000000200000a0        0x4
 .data._impure_ptr
                0x00000000200000a0        0x4 c:/program files/microchip/xc32/v2.50/bin/bin/../../lib/gcc/pic32c/6.2.1/../../../../pic32c/lib\libc_nano.a(lib_a-impure.o)
                0x00000000200000a0                _impure_ptr

.bss.writeVal%8
                0x000000002000009a        0x1
 .bss.writeVal  0x000000002000009a        0x1 build/default/production/_ext/1360937237/main.o
                0x000000002000009a                writeVal

.data.__fdlib_version%9
                0x000000002000009b        0x1
 .data.__fdlib_version
                0x000000002000009b        0x1 c:/program files/microchip/xc32/v2.50/bin/bin/../../lib/gcc/pic32c/6.2.1/../../../../pic32c/lib\libm_nano.a(lib_a-s_lib_ver.o)
                0x000000002000009b                __fdlib_version

.eh_frame%z1    0x0000000000000000        0x0
 .eh_frame      0x0000000000000000        0x0 c:/program files/microchip/xc32/v2.50/bin/bin/../../lib/gcc/pic32c/6.2.1/crtbegin.o

.text%10        0x00000000000000d0     0x14b8
 .text          0x00000000000000d0      0x5b0 c:/program files/microchip/xc32/v2.50/bin/bin/../../lib/gcc/pic32c/6.2.1\libgcc.a(subdf3.o)
                0x00000000000000d0                __aeabi_dsub
 .text          0x0000000000000680      0x5a0 c:/program files/microchip/xc32/v2.50/bin/bin/../../lib/gcc/pic32c/6.2.1\libgcc.a(adddf3.o)
                0x0000000000000680                __aeabi_dadd
 .text          0x0000000000000c20      0x544 c:/program files/microchip/xc32/v2.50/bin/bin/../../lib/gcc/pic32c/6.2.1\libgcc.a(divdf3.o)
                0x0000000000000c20                __aeabi_ddiv
 .text          0x0000000000001164      0x424 c:/program files/microchip/xc32/v2.50/bin/bin/../../lib/gcc/pic32c/6.2.1\libgcc.a(muldf3.o)
                0x0000000000001164                __aeabi_dmul

.text.__ieee754_log%14
                0x0000000000001588      0x3c0
 .text.__ieee754_log
                0x0000000000001588      0x3c0 c:/program files/microchip/xc32/v2.50/bin/bin/../../lib/gcc/pic32c/6.2.1/../../../../pic32c/lib\libm_nano.a(lib_a-e_log.o)
                0x0000000000001588                __ieee754_log

.text.SevenSeg_Initialize%15
                0x0000000000001948      0x15c
 .text.SevenSeg_Initialize
                0x0000000000001948      0x15c build/default/production/_ext/1303591613/7segSR.o
                0x0000000000001948                SevenSeg_Initialize

.text.__ieee754_log10%16
                0x0000000000001aa4      0x108
 .text.__ieee754_log10
                0x0000000000001aa4      0x108 c:/program files/microchip/xc32/v2.50/bin/bin/../../lib/gcc/pic32c/6.2.1/../../../../pic32c/lib\libm_nano.a(lib_a-e_log10.o)
                0x0000000000001aa4                __ieee754_log10

.text.log10%17  0x0000000000001bac      0x100
 .text.log10    0x0000000000001bac      0x100 c:/program files/microchip/xc32/v2.50/bin/bin/../../lib/gcc/pic32c/6.2.1/../../../../pic32c/lib\libm_nano.a(lib_a-w_log10.o)
                0x0000000000001bac                log10

.text.SevenSeg_WriteInteger%18
                0x0000000000001cac       0xe0
 .text.SevenSeg_WriteInteger
                0x0000000000001cac       0xe0 build/default/production/_ext/1303591613/7segSR.o
                0x0000000000001cac                SevenSeg_WriteInteger

.dinit%19       0x0000000000001d8c       0xe0
 .dinit         0x0000000000001d8c       0xe0 data_init

.text.__NVIC_SetPriority%20
                0x0000000000001e6c       0xdc
 .text.__NVIC_SetPriority
                0x0000000000001e6c       0xdc build/default/production/_ext/1865468468/plib_nvic.o

.text%21        0x0000000000001f48       0xb0
 .text          0x0000000000001f48       0xb0 c:/program files/microchip/xc32/v2.50/bin/bin/../../lib/gcc/pic32c/6.2.1\libgcc.a(ledf2.o)
                0x0000000000001f48                __ledf2
                0x0000000000001f48                __ltdf2

.text.DFLL_Initialize%22
                0x0000000000001ff8       0xa4
 .text.DFLL_Initialize
                0x0000000000001ff8       0xa4 build/default/production/_ext/1984496892/plib_clock.o

.text%23        0x000000000000209c       0xa0
 .text          0x000000000000209c       0xa0 c:/program files/microchip/xc32/v2.50/bin/bin/../../lib/gcc/pic32c/6.2.1\libgcc.a(gedf2.o)
                0x000000000000209c                __gedf2
                0x000000000000209c                __gtdf2

.text.main%24   0x000000000000213c       0x94
 .text.main     0x000000000000213c       0x94 build/default/production/_ext/1360937237/main.o
                0x000000000000213c                main

.text.__pic32c_data_initialization%25
                0x00000000000021d0       0x90
 .text.__pic32c_data_initialization
                0x00000000000021d0       0x90 c:/program files/microchip/xc32/v2.50/bin/bin/../../lib/gcc/pic32c/6.2.1/../../../../pic32c/lib\libpic32c.a(data_init.o)
                0x00000000000021d0                __pic32c_data_initialization

.text%26        0x0000000000002260       0x8c
 .text          0x0000000000002260       0x8c c:/program files/microchip/xc32/v2.50/bin/bin/../../lib/gcc/pic32c/6.2.1\libgcc.a(_udivsi3.o)
                0x0000000000002260                __aeabi_uidiv
                0x0000000000002260                __udivsi3
                0x00000000000022d8                __aeabi_uidivmod

.text.WriteSevenSegmentValue%27
                0x00000000000022ec       0x80
 .text.WriteSevenSegmentValue
                0x00000000000022ec       0x80 build/default/production/_ext/1303591613/7segSR.o

.text.SN74HC595N_Initialize%28
                0x000000000000236c       0x80
 .text.SN74HC595N_Initialize
                0x000000000000236c       0x80 build/default/production/_ext/1303591613/sn74hc595n.o
                0x000000000000236c                SN74HC595N_Initialize

.text%29        0x00000000000023ec       0x7c
 .text          0x00000000000023ec       0x7c c:/program files/microchip/xc32/v2.50/bin/bin/../../lib/gcc/pic32c/6.2.1\libgcc.a(_arm_cmpdf2.o)
                0x00000000000023ec                __aeabi_cdrcmple
                0x00000000000023fc                __aeabi_cdcmple
                0x00000000000023fc                __aeabi_cdcmpeq
                0x000000000000240c                __aeabi_dcmpeq
                0x0000000000002418                __aeabi_dcmplt
                0x000000000000242c                __aeabi_dcmple
                0x0000000000002440                __aeabi_dcmpgt
                0x0000000000002454                __aeabi_dcmpge

.text.SN74HC595N_WriteByteMSB%30
                0x0000000000002468       0x78
 .text.SN74HC595N_WriteByteMSB
                0x0000000000002468       0x78 build/default/production/_ext/1303591613/sn74hc595n.o
                0x0000000000002468                SN74HC595N_WriteByteMSB

.text%31        0x00000000000024e0      0x1b0
 .text          0x00000000000024e0       0x74 c:/program files/microchip/xc32/v2.50/bin/bin/../../lib/gcc/pic32c/6.2.1\libgcc.a(floatsidf.o)
                0x00000000000024e0                __aeabi_i2d
 .text          0x0000000000002554       0x70 c:/program files/microchip/xc32/v2.50/bin/bin/../../lib/gcc/pic32c/6.2.1\libgcc.a(eqdf2.o)
                0x0000000000002554                __nedf2
                0x0000000000002554                __eqdf2
 .text          0x00000000000025c4       0x68 c:/program files/microchip/xc32/v2.50/bin/bin/../../lib/gcc/pic32c/6.2.1\libgcc.a(fixdfsi.o)
                0x00000000000025c4                __aeabi_d2iz
 .text          0x000000000000262c       0x64 c:/program files/microchip/xc32/v2.50/bin/bin/../../lib/gcc/pic32c/6.2.1\libgcc.a(floatunsidf.o)
                0x000000000000262c                __aeabi_ui2d

.text.TCC0_PWMInitialize%35
                0x0000000000002690       0x5c
 .text.TCC0_PWMInitialize
                0x0000000000002690       0x5c build/default/production/_ext/60181570/plib_tcc0.o
                0x0000000000002690                TCC0_PWMInitialize

.text.PORT_PinWrite%36
                0x00000000000026ec       0xb8
 .text.PORT_PinWrite
                0x00000000000026ec       0x5c build/default/production/_ext/1303591613/7segSR.o
 .text.PORT_PinWrite
                0x0000000000002748       0x5c build/default/production/_ext/1303591613/sn74hc595n.o

.text.PORT_Initialize%38
                0x00000000000027a4       0x58
 .text.PORT_Initialize
                0x00000000000027a4       0x58 build/default/production/_ext/1865521619/plib_port.o
                0x00000000000027a4                PORT_Initialize

.text.TC4_TimerInitialize%39
                0x00000000000027fc       0x58
 .text.TC4_TimerInitialize
                0x00000000000027fc       0x58 build/default/production/_ext/829342655/plib_tc4.o
                0x00000000000027fc                TC4_TimerInitialize

.text.TCC0_PWM24bitDutySet%40
                0x0000000000002854       0x58
 .text.TCC0_PWM24bitDutySet
                0x0000000000002854       0x58 build/default/production/_ext/1360937237/main.o

.text%41        0x00000000000028ac       0x48
 .text          0x00000000000028ac       0x48 c:/program files/microchip/xc32/v2.50/bin/bin/../../lib/gcc/pic32c/6.2.1/crtbegin.o

.text.CLOCK_Initialize%42
                0x00000000000028f4       0x48
 .text.CLOCK_Initialize
                0x00000000000028f4       0x48 build/default/production/_ext/1984496892/plib_clock.o
                0x00000000000028f4                CLOCK_Initialize

.text.Reset_Handler%43
                0x000000000000293c       0x48
 .text.Reset_Handler
                0x000000000000293c       0x48 build/default/production/_ext/1171490990/startup_xc32.o
                0x000000000000293c                Reset_Handler

.text.__libc_init_array%44
                0x0000000000002984       0x48
 .text.__libc_init_array
                0x0000000000002984       0x48 c:/program files/microchip/xc32/v2.50/bin/bin/../../lib/gcc/pic32c/6.2.1/../../../../pic32c/lib\libc_nano.a(lib_a-init.o)
                0x0000000000002984                __libc_init_array

.text.TC4_TimerInterruptHandler%45
                0x00000000000029cc       0x3c
 .text.TC4_TimerInterruptHandler
                0x00000000000029cc       0x3c build/default/production/_ext/829342655/plib_tc4.o
                0x00000000000029cc                TC4_TimerInterruptHandler

.text%46        0x0000000000002a08       0x3c
 .text          0x0000000000002a08       0x3c c:/program files/microchip/xc32/v2.50/bin/bin/../../lib/gcc/pic32c/6.2.1\libgcc.a(_clzsi2.o)
                0x0000000000002a08                __clzsi2

.text.SYS_Initialize%47
                0x0000000000002a44       0x38
 .text.SYS_Initialize
                0x0000000000002a44       0x38 build/default/production/_ext/1171490990/initialization.o
                0x0000000000002a44                SYS_Initialize

.text%48        0x0000000000002a7c       0x38
 .text          0x0000000000002a7c       0x38 c:/program files/microchip/xc32/v2.50/bin/bin/../../lib/gcc/pic32c/6.2.1\libgcc.a(_fixunsdfsi.o)
                0x0000000000002a7c                __aeabi_d2uiz
                0x0000000000002a7c                __fixunsdfsi

.text.__NVIC_EnableIRQ%49
                0x0000000000002ab4       0x34
 .text.__NVIC_EnableIRQ
                0x0000000000002ab4       0x34 build/default/production/_ext/1865468468/plib_nvic.o

.text%50        0x0000000000002ae8       0x34
 .text          0x0000000000002ae8       0x34 c:/program files/microchip/xc32/v2.50/bin/bin/../../lib/gcc/pic32c/6.2.1\libgcc.a(unorddf2.o)
                0x0000000000002ae8                __aeabi_dcmpun

.text.GCLK0_Initialize%51
                0x0000000000002b1c       0x2c
 .text.GCLK0_Initialize
                0x0000000000002b1c       0x2c build/default/production/_ext/1984496892/plib_clock.o

.text.TC4_TimerStart%52
                0x0000000000002b48       0x2c
 .text.TC4_TimerStart
                0x0000000000002b48       0x2c build/default/production/_ext/829342655/plib_tc4.o
                0x0000000000002b48                TC4_TimerStart

.text.PORT_GroupWrite%53
                0x0000000000002b74       0x2a
 .text.PORT_GroupWrite
                0x0000000000002b74       0x2a build/default/production/_ext/1865521619/plib_port.o
                0x0000000000002b74                PORT_GroupWrite

.text.TCC0_PWMStart%54
                0x0000000000002ba0       0x28
 .text.TCC0_PWMStart
                0x0000000000002ba0       0x28 build/default/production/_ext/60181570/plib_tcc0.o
                0x0000000000002ba0                TCC0_PWMStart

.text.TC4_TimerCallbackRegister%55
                0x0000000000002bc8       0x24
 .text.TC4_TimerCallbackRegister
                0x0000000000002bc8       0x24 build/default/production/_ext/829342655/plib_tc4.o
                0x0000000000002bc8                TC4_TimerCallbackRegister

.text.updateDutyCycle%56
                0x0000000000002bec       0x24
 .text.updateDutyCycle
                0x0000000000002bec       0x24 build/default/production/_ext/1360937237/main.o

.text.NVIC_Initialize%57
                0x0000000000002c10       0x1e
 .text.NVIC_Initialize
                0x0000000000002c10       0x1e build/default/production/_ext/1865468468/plib_nvic.o
                0x0000000000002c10                NVIC_Initialize

.text.SYSCTRL_Initialize%58
                0x0000000000002c30       0x14
 .text.SYSCTRL_Initialize
                0x0000000000002c30       0x14 build/default/production/_ext/1984496892/plib_clock.o

.text.NVMCTRL_Initialize%59
                0x0000000000002c44       0x14
 .text.NVMCTRL_Initialize
                0x0000000000002c44       0x14 build/default/production/_ext/1593096446/plib_nvmctrl.o
                0x0000000000002c44                NVMCTRL_Initialize

.text%60        0x0000000000002c58       0x14
 .text          0x0000000000002c58       0x14 c:/program files/microchip/xc32/v2.50/bin/bin/../../lib/gcc/pic32c/6.2.1\libgcc.a(_thumb1_case_uhi.o)
                0x0000000000002c58                __gnu_thumb1_case_uhi

.rodata.digitEncodings%61
                0x0000000000002c6c        0xc
 .rodata.digitEncodings
                0x0000000000002c6c        0xc build/default/production/_ext/1303591613/7segSR.o

.text.nan%62    0x0000000000002c78        0xc
 .text.nan      0x0000000000002c78        0xc c:/program files/microchip/xc32/v2.50/bin/bin/../../lib/gcc/pic32c/6.2.1/../../../../pic32c/lib\libm_nano.a(lib_a-s_nan.o)
                0x0000000000002c78                nan

.text.__errno%63
                0x0000000000002c84        0xc
 .text.__errno  0x0000000000002c84        0xc c:/program files/microchip/xc32/v2.50/bin/bin/../../lib/gcc/pic32c/6.2.1/../../../../pic32c/lib\libc_nano.a(lib_a-errno.o)
                0x0000000000002c84                __errno

.text.EVSYS_Initialize%64
                0x0000000000002c90        0xa
 .text.EVSYS_Initialize
                0x0000000000002c90        0xa build/default/production/_ext/1986646378/plib_evsys.o
                0x0000000000002c90                EVSYS_Initialize

.rodata%65      0x0000000000002c9a        0x7
 .rodata        0x0000000000002c9a        0x7 c:/program files/microchip/xc32/v2.50/bin/bin/../../lib/gcc/pic32c/6.2.1/../../../../pic32c/lib\libm_nano.a(lib_a-w_log10.o)

.text.NonMaskableInt_Handler%66
                0x0000000000002ca2        0x6
 .text.NonMaskableInt_Handler
                0x0000000000002ca2        0x6 build/default/production/_ext/1171490990/exceptions.o
                0x0000000000002ca2                NonMaskableInt_Handler

.text.HardFault_Handler%67
                0x0000000000002ca8        0x6
 .text.HardFault_Handler
                0x0000000000002ca8        0x6 build/default/production/_ext/1171490990/exceptions.o
                0x0000000000002ca8                HardFault_Handler

.text%68        0x0000000000002cb0        0x4
 .text          0x0000000000002cb0        0x4 c:/program files/microchip/xc32/v2.50/bin/bin/../../lib/gcc/pic32c/6.2.1\libgcc.a(_dvmd_tls.o)
                0x0000000000002cb0                __aeabi_idiv0
                0x0000000000002cb0                __aeabi_ldiv0

.text.matherr%69
                0x0000000000002cb4        0x4
 .text.matherr  0x0000000000002cb4        0x4 c:/program files/microchip/xc32/v2.50/bin/bin/../../lib/gcc/pic32c/6.2.1/../../../../pic32c/lib\libm_nano.a(lib_a-s_matherr.o)
                0x0000000000002cb4                matherr

.text.Dummy_App_Func%70
                0x0000000000002b9e        0x2
 .text.Dummy_App_Func
                0x0000000000002b9e        0x2 build/default/production/_ext/1171490990/startup_xc32.o
                0x0000000000002b9e                _on_reset
                0x0000000000002b9e                _on_bootstrap
                0x0000000000002b9e                __xc32_on_reset
                0x0000000000002b9e                Dummy_App_Func
                0x0000000000002b9e                __xc32_on_bootstrap

.text.Dummy_Handler%71
                0x0000000000002c2e        0x2
 .text.Dummy_Handler
                0x0000000000002c2e        0x2 build/default/production/_ext/1171490990/interrupts.o
                0x0000000000002c2e                SVCall_Handler
                0x0000000000002c2e                DMAC_Handler
                0x0000000000002c2e                AC_Handler
                0x0000000000002c2e                SysTick_Handler
                0x0000000000002c2e                PendSV_Handler
                0x0000000000002c2e                TC7_Handler
                0x0000000000002c2e                SERCOM1_Handler
                0x0000000000002c2e                ADC_Handler
                0x0000000000002c2e                TCC1_Handler
                0x0000000000002c2e                SERCOM2_Handler
                0x0000000000002c2e                TCC0_Handler
                0x0000000000002c2e                RTC_Handler
                0x0000000000002c2e                EIC_Handler
                0x0000000000002c2e                TC6_Handler
                0x0000000000002c2e                WDT_Handler
                0x0000000000002c2e                USB_Handler
                0x0000000000002c2e                TC3_Handler
                0x0000000000002c2e                Dummy_Handler
                0x0000000000002c2e                PM_Handler
                0x0000000000002c2e                SERCOM5_Handler
                0x0000000000002c2e                TCC2_Handler
                0x0000000000002c2e                EVSYS_Handler
                0x0000000000002c2e                SERCOM3_Handler
                0x0000000000002c2e                SERCOM4_Handler
                0x0000000000002c2e                I2S_Handler
                0x0000000000002c2e                NVMCTRL_Handler
                0x0000000000002c2e                SERCOM0_Handler
                0x0000000000002c2e                DAC_Handler
                0x0000000000002c2e                PTC_Handler
                0x0000000000002c2e                TC5_Handler
                0x0000000000002c2e                SYSCTRL_Handler
