Archive member included to satisfy reference by file (symbol)

c:/program files/microchip/xc32/v2.50/bin/bin/../../lib/gcc/pic32c/6.2.1/../../../../pic32c/lib\libpic32c.a(data_init.o)
                              build/default/debug/_ext/1171490990/startup_xc32.o (__pic32c_data_initialization)
c:/program files/microchip/xc32/v2.50/bin/bin/../../lib/gcc/pic32c/6.2.1\libgcc.a(_udivsi3.o)
                              build/default/debug/_ext/1303591613/7segSR.o (__aeabi_uidiv)
c:/program files/microchip/xc32/v2.50/bin/bin/../../lib/gcc/pic32c/6.2.1\libgcc.a(_dvmd_tls.o)
                              c:/program files/microchip/xc32/v2.50/bin/bin/../../lib/gcc/pic32c/6.2.1\libgcc.a(_udivsi3.o) (__aeabi_idiv0)
c:/program files/microchip/xc32/v2.50/bin/bin/../../lib/gcc/pic32c/6.2.1\libgcc.a(_fixunsdfsi.o)
                              build/default/debug/_ext/1303591613/7segSR.o (__aeabi_d2uiz)
c:/program files/microchip/xc32/v2.50/bin/bin/../../lib/gcc/pic32c/6.2.1\libgcc.a(adddf3.o)
                              build/default/debug/_ext/1303591613/7segSR.o (__aeabi_dadd)
c:/program files/microchip/xc32/v2.50/bin/bin/../../lib/gcc/pic32c/6.2.1\libgcc.a(subdf3.o)
                              c:/program files/microchip/xc32/v2.50/bin/bin/../../lib/gcc/pic32c/6.2.1\libgcc.a(_fixunsdfsi.o) (__aeabi_dsub)
c:/program files/microchip/xc32/v2.50/bin/bin/../../lib/gcc/pic32c/6.2.1\libgcc.a(fixdfsi.o)
                              c:/program files/microchip/xc32/v2.50/bin/bin/../../lib/gcc/pic32c/6.2.1\libgcc.a(_fixunsdfsi.o) (__aeabi_d2iz)
c:/program files/microchip/xc32/v2.50/bin/bin/../../lib/gcc/pic32c/6.2.1\libgcc.a(floatunsidf.o)
                              build/default/debug/_ext/1303591613/7segSR.o (__aeabi_ui2d)
c:/program files/microchip/xc32/v2.50/bin/bin/../../lib/gcc/pic32c/6.2.1\libgcc.a(_arm_cmpdf2.o)
                              c:/program files/microchip/xc32/v2.50/bin/bin/../../lib/gcc/pic32c/6.2.1\libgcc.a(_fixunsdfsi.o) (__aeabi_dcmpge)
c:/program files/microchip/xc32/v2.50/bin/bin/../../lib/gcc/pic32c/6.2.1\libgcc.a(_clzsi2.o)
                              c:/program files/microchip/xc32/v2.50/bin/bin/../../lib/gcc/pic32c/6.2.1\libgcc.a(adddf3.o) (__clzsi2)
c:/program files/microchip/xc32/v2.50/bin/bin/../../lib/gcc/pic32c/6.2.1\libgcc.a(eqdf2.o)
                              c:/program files/microchip/xc32/v2.50/bin/bin/../../lib/gcc/pic32c/6.2.1\libgcc.a(_arm_cmpdf2.o) (__eqdf2)
c:/program files/microchip/xc32/v2.50/bin/bin/../../lib/gcc/pic32c/6.2.1\libgcc.a(gedf2.o)
                              c:/program files/microchip/xc32/v2.50/bin/bin/../../lib/gcc/pic32c/6.2.1\libgcc.a(_arm_cmpdf2.o) (__gedf2)
c:/program files/microchip/xc32/v2.50/bin/bin/../../lib/gcc/pic32c/6.2.1\libgcc.a(ledf2.o)
                              c:/program files/microchip/xc32/v2.50/bin/bin/../../lib/gcc/pic32c/6.2.1\libgcc.a(_arm_cmpdf2.o) (__ledf2)
c:/program files/microchip/xc32/v2.50/bin/bin/../../lib/gcc/pic32c/6.2.1/../../../../pic32c/lib\libg_nano.a(lib_a-init.o)
                              build/default/debug/_ext/1171490990/startup_xc32.o (__libc_init_array)
c:/program files/microchip/xc32/v2.50/bin/bin/../../lib/gcc/pic32c/6.2.1/../../../../pic32c/lib\libg_nano.a(lib_a-memcpy-stub.o)
                              build/default/debug/_ext/1593096446/plib_nvmctrl.o (memcpy)
c:/program files/microchip/xc32/v2.50/bin/bin/../../lib/gcc/pic32c/6.2.1/../../../../pic32c/lib\libm_nano.a(lib_a-w_log10.o)
                              build/default/debug/_ext/1303591613/7segSR.o (log10)
c:/program files/microchip/xc32/v2.50/bin/bin/../../lib/gcc/pic32c/6.2.1/../../../../pic32c/lib\libm_nano.a(lib_a-e_log10.o)
                              c:/program files/microchip/xc32/v2.50/bin/bin/../../lib/gcc/pic32c/6.2.1/../../../../pic32c/lib\libm_nano.a(lib_a-w_log10.o) (__ieee754_log10)
c:/program files/microchip/xc32/v2.50/bin/bin/../../lib/gcc/pic32c/6.2.1/../../../../pic32c/lib\libm_nano.a(lib_a-e_log.o)
                              c:/program files/microchip/xc32/v2.50/bin/bin/../../lib/gcc/pic32c/6.2.1/../../../../pic32c/lib\libm_nano.a(lib_a-e_log10.o) (__ieee754_log)
c:/program files/microchip/xc32/v2.50/bin/bin/../../lib/gcc/pic32c/6.2.1/../../../../pic32c/lib\libm_nano.a(lib_a-s_lib_ver.o)
                              c:/program files/microchip/xc32/v2.50/bin/bin/../../lib/gcc/pic32c/6.2.1/../../../../pic32c/lib\libm_nano.a(lib_a-w_log10.o) (__fdlib_version)
c:/program files/microchip/xc32/v2.50/bin/bin/../../lib/gcc/pic32c/6.2.1/../../../../pic32c/lib\libm_nano.a(lib_a-s_matherr.o)
                              c:/program files/microchip/xc32/v2.50/bin/bin/../../lib/gcc/pic32c/6.2.1/../../../../pic32c/lib\libm_nano.a(lib_a-w_log10.o) (matherr)
c:/program files/microchip/xc32/v2.50/bin/bin/../../lib/gcc/pic32c/6.2.1/../../../../pic32c/lib\libm_nano.a(lib_a-s_nan.o)
[...]
Memory Configuration

Name             Origin             Length             Attributes
rom              0x0000000000000000 0x0000000000040000 xrl
ram              0x0000000020000000 0x0000000000008000 xw !r
config_00804000  0x0000000000804000 0x0000000000000004
config_00804004  0x0000000000804004 0x0000000000000004
*default*        0x0000000000000000 0xffffffffffffffff

Linker script and memory map

LOAD c:/program files/microchip/xc32/v2.50/bin/bin/../../lib/gcc/pic32c/6.2.1/crti.o
LOAD c:/program files/microchip/xc32/v2.50/bin/bin/../../lib/gcc/pic32c/6.2.1/crtbegin.o
LOAD build/default/debug/_ext/1984496892/plib_clock.o
LOAD build/default/debug/_ext/1986646378/plib_evsys.o
LOAD build/default/debug/_ext/1865468468/plib_nvic.o
LOAD build/default/debug/_ext/1593096446/plib_nvmctrl.o
LOAD build/default/debug/_ext/1865521619/plib_port.o
LOAD build/default/debug/_ext/829342655/plib_tc4.o
LOAD build/default/debug/_ext/1171490990/startup_xc32.o
LOAD build/default/debug/_ext/163028504/xc32_monitor.o
LOAD build/default/debug/_ext/1171490990/initialization.o
LOAD build/default/debug/_ext/1171490990/interrupts.o
LOAD build/default/debug/_ext/1171490990/exceptions.o
LOAD build/default/debug/_ext/1171490990/libc_syscalls.o
LOAD build/default/debug/_ext/1303591613/1602_LCD.o
LOAD build/default/debug/_ext/1303591613/1602_LCD_HAL.o
LOAD build/default/debug/_ext/1303591613/7segSR.o
LOAD build/default/debug/_ext/1303591613/sn74hc595n.o
LOAD build/default/debug/_ext/1303591613/ws2812b.o
LOAD build/default/debug/_ext/1303591613/delay.o
LOAD build/default/debug/_ext/1360937237/main.o
                0x0000000000000001                __MPLAB_BUILD = 0x1
                0x0000000000040000                __rom_end = (ORIGIN (rom) + LENGTH (rom))
                0x0000000020008000                __ram_end = (ORIGIN (ram) + LENGTH (ram))

.config_00804000
                0x0000000000804000        0x4
 *(.config_00804000)
 .config_00804000
                0x0000000000804000        0x4 build/default/debug/_ext/1171490990/initialization.o

.config_00804004
                0x0000000000804004        0x4
 *(.config_00804004)
 .config_00804004
                0x0000000000804004        0x4 build/default/debug/_ext/1171490990/initialization.o

.vectors        0x0000000000000000       0xb0
                0x0000000000000000                . = ALIGN (0x4)
                0x0000000000000000                _sfixed = .
 *(.vectors .vectors.* .vectors_default .vectors_default.*)
 .vectors       0x0000000000000000       0xb0 build/default/debug/_ext/1171490990/interrupts.o
                0x0000000000000000                exception_table
 *(.isr_vector)
 *(.reset*)
 *(.after_vectors)

.text           0x00000000000000b0       0x20
                0x00000000000000b0                . = ALIGN (0x4)
 *(.glue_7t)
 .glue_7t       0x00000000000000b0        0x0 linker stubs
 *(.glue_7)
 .glue_7        0x00000000000000b0        0x0 linker stubs
 *(.gnu.linkonce.r.*)
 *(.ARM.extab* .gnu.linkonce.armextab.*)
                0x00000000000000b0                . = ALIGN (0x4)
 *(.init)
 .init          0x00000000000000b0        0x4 c:/program files/microchip/xc32/v2.50/bin/bin/../../lib/gcc/pic32c/6.2.1/crti.o
                0x00000000000000b0                _init
 .init          0x00000000000000b4        0x8 c:/program files/microchip/xc32/v2.50/bin/bin/../../lib/gcc/pic32c/6.2.1/crtn.o
                0x00000000000000bc                . = ALIGN (0x4)
                0x00000000000000bc                __preinit_array_start = .
 *(.preinit_array)
                0x00000000000000bc                __preinit_array_end = .
                0x00000000000000bc                . = ALIGN (0x4)
                0x00000000000000bc                __init_array_start = .
 *(SORT(.init_array.*))
 *(.init_array)
 .init_array    0x00000000000000bc        0x4 c:/program files/microchip/xc32/v2.50/bin/bin/../../lib/gcc/pic32c/6.2.1/crtbegin.o
                0x00000000000000c0                __init_array_end = .
                0x00000000000000c0                . = ALIGN (0x4)
 *crtbegin.o(.ctors)
 *(EXCLUDE_FILE(*crtend.o) .ctors)
 *(SORT(.ctors.*))
 *crtend.o(.ctors)
                0x00000000000000c0                . = ALIGN (0x4)
 *(.fini)
 .fini          0x00000000000000c0        0x4 c:/program files/microchip/xc32/v2.50/bin/bin/../../lib/gcc/pic32c/6.2.1/crti.o
                0x00000000000000c0                _fini
 .fini          0x00000000000000c4        0x8 c:/program files/microchip/xc32/v2.50/bin/bin/../../lib/gcc/pic32c/6.2.1/crtn.o
                0x00000000000000cc                . = ALIGN (0x4)
                0x00000000000000cc                __fini_array_start = .
 *(.fini_array)
 .fini_array    0x00000000000000cc        0x4 c:/program files/microchip/xc32/v2.50/bin/bin/../../lib/gcc/pic32c/6.2.1/crtbegin.o
 *(SORT(.fini_array.*))
                0x00000000000000d0                __fini_array_end = .
 *crtbegin.o(.dtors)
 *(EXCLUDE_FILE(*crtend.o) .dtors)
 *(SORT(.dtors.*))
 *crtend.o(.dtors)
                0x00000000000000d0                . = ALIGN (0x4)
                0x00000000000000d0                _efixed = .
                [!provide]                        PROVIDE (__exidx_start, .)

.ARM.exidx
 *(.ARM.exidx* .gnu.linkonce.armexidx.*)
                [!provide]                        PROVIDE (__exidx_end, .)
                0x00000000000000d0                . = ALIGN (0x4)
                0x00000000000000d0                _etext = .

.bss            0x0000000020000000        0x0
                0x0000000020000000                . = ALIGN (0x4)
                0x0000000020000000                __bss_start__ = .
                0x0000000020000000                _sbss = .
                0x0000000020000000                _szero = .
 *(COMMON)
                0x0000000020000000                . = ALIGN (0x4)
                0x0000000020000000                __bss_end__ = .
                0x0000000020000000                _ebss = .
                0x0000000020000000                _ezero = .
                0x0000000020000000                . = ALIGN (0x4)
                0x0000000020000000                _end = .
                0x0000000020007fff                _ram_end_ = ((ORIGIN (ram) + LENGTH (ram)) - 0x1)
                0x0000000000000001                __ICD2RAM = 0x1
                0x0000000000000001                __MPLAB_DEBUG = 0x1
                0x0000000000000001                __DEBUG = 0x1
                0x0000000000000200                _min_heap_size = 0x200
START GROUP
LOAD c:/program files/microchip/xc32/v2.50/bin/bin/../../lib/gcc/pic32c/6.2.1/../../../../pic32c/lib\libpic32c.a
LOAD c:/program files/microchip/xc32/v2.50/bin/bin/../../lib/gcc/pic32c/6.2.1\libgcc.a
LOAD c:/program files/microchip/xc32/v2.50/bin/bin/../../lib/gcc/pic32c/6.2.1/../../../../pic32c/lib\libg_nano.a
LOAD c:/program files/microchip/xc32/v2.50/bin/bin/../../lib/gcc/pic32c/6.2.1/../../../../pic32c/lib\libm_nano.a
LOAD c:/program files/microchip/xc32/v2.50/bin/bin/../../lib/gcc/pic32c/6.2.1/../../../../pic32c/lib\libc_nano.a
END GROUP
LOAD c:/program files/microchip/xc32/v2.50/bin/bin/../../lib/gcc/pic32c/6.2.1/crtend.o
LOAD c:/program files/microchip/xc32/v2.50/bin/bin/../../lib/gcc/pic32c/6.2.1/crtn.o
OUTPUT(dist/default/debug/SAMD21Eval.X.debug.elf elf32-littlearm)
LOAD stack
LOAD data_init

.ARM.attributes
                0x0000000000000000       0x2a
 .ARM.attributes
                0x0000000000000000       0x1e c:/program files/microchip/xc32/v2.50/bin/bin/../../lib/gcc/pic32c/6.2.1/crti.o
 .ARM.attributes
                0x000000000000001e       0x2c c:/program files/microchip/xc32/v2.50/bin/bin/../../lib/gcc/pic32c/6.2.1/crtbegin.o
 .ARM.attributes
                0x000000000000004a       0x32 build/default/debug/_ext/1984496892/plib_clock.o
 .ARM.attributes
                0x000000000000007c       0x32 build/default/debug/_ext/1986646378/plib_evsys.o
 .ARM.attributes
                0x00000000000000ae       0x32 build/default/debug/_ext/1865468468/plib_nvic.o
 .ARM.attributes
                0x00000000000000e0       0x32 build/default/debug/_ext/1593096446/plib_nvmctrl.o
 .ARM.attributes
                0x0000000000000112       0x32 build/default/debug/_ext/1865521619/plib_port.o
 .ARM.attributes
                0x0000000000000144       0x32 build/default/debug/_ext/829342655/plib_tc4.o
 .ARM.attributes
                0x0000000000000176       0x32 build/default/debug/_ext/1171490990/startup_xc32.o
 .ARM.attributes
                0x00000000000001a8       0x32 build/default/debug/_ext/1171490990/initialization.o
 .ARM.attributes
                0x00000000000001da       0x32 build/default/debug/_ext/1171490990/interrupts.o
 .ARM.attributes
                0x000000000000020c       0x32 build/default/debug/_ext/1171490990/exceptions.o
 .ARM.attributes
                0x000000000000023e       0x32 build/default/debug/_ext/1303591613/7segSR.o
 .ARM.attributes
                0x0000000000000270       0x32 build/default/debug/_ext/1303591613/sn74hc595n.o
 .ARM.attributes
                0x00000000000002a2       0x32 build/default/debug/_ext/1360937237/main.o
 .ARM.attributes
                0x00000000000002d4       0x2c c:/program files/microchip/xc32/v2.50/bin/bin/../../lib/gcc/pic32c/6.2.1/../../../../pic32c/lib\libpic32c.a(data_init.o)
 .ARM.attributes
                0x0000000000000300       0x1e c:/program files/microchip/xc32/v2.50/bin/bin/../../lib/gcc/pic32c/6.2.1\libgcc.a(_udivsi3.o)
 .ARM.attributes
                0x000000000000031e       0x1e c:/program files/microchip/xc32/v2.50/bin/bin/../../lib/gcc/pic32c/6.2.1\libgcc.a(_dvmd_tls.o)
 .ARM.attributes
                0x000000000000033c       0x2c c:/program files/microchip/xc32/v2.50/bin/bin/../../lib/gcc/pic32c/6.2.1\libgcc.a(_fixunsdfsi.o)
 .ARM.attributes
                0x0000000000000368       0x2c c:/program files/microchip/xc32/v2.50/bin/bin/../../lib/gcc/pic32c/6.2.1\libgcc.a(adddf3.o)
 .ARM.attributes
                0x0000000000000394       0x2c c:/program files/microchip/xc32/v2.50/bin/bin/../../lib/gcc/pic32c/6.2.1\libgcc.a(subdf3.o)
 .ARM.attributes
                0x00000000000003c0       0x2c c:/program files/microchip/xc32/v2.50/bin/bin/../../lib/gcc/pic32c/6.2.1\libgcc.a(fixdfsi.o)
 .ARM.attributes
                0x00000000000003ec       0x2c c:/program files/microchip/xc32/v2.50/bin/bin/../../lib/gcc/pic32c/6.2.1\libgcc.a(floatunsidf.o)
 .ARM.attributes
                0x0000000000000418       0x1e c:/program files/microchip/xc32/v2.50/bin/bin/../../lib/gcc/pic32c/6.2.1\libgcc.a(_arm_cmpdf2.o)
 .ARM.attributes
                0x0000000000000436       0x1e c:/program files/microchip/xc32/v2.50/bin/bin/../../lib/gcc/pic32c/6.2.1\libgcc.a(_clzsi2.o)
 .ARM.attributes
                0x0000000000000454       0x2c c:/program files/microchip/xc32/v2.50/bin/bin/../../lib/gcc/pic32c/6.2.1\libgcc.a(eqdf2.o)
 .ARM.attributes
                0x0000000000000480       0x2c c:/program files/microchip/xc32/v2.50/bin/bin/../../lib/gcc/pic32c/6.2.1\libgcc.a(gedf2.o)
 .ARM.attributes
                0x00000000000004ac       0x2c c:/program files/microchip/xc32/v2.50/bin/bin/../../lib/gcc/pic32c/6.2.1\libgcc.a(ledf2.o)
 .ARM.attributes
                0x00000000000004d8       0x2c c:/program files/microchip/xc32/v2.50/bin/bin/../../lib/gcc/pic32c/6.2.1/../../../../pic32c/lib\libg_nano.a(lib_a-init.o)
 .ARM.attributes
                0x0000000000000504       0x2c c:/program files/microchip/xc32/v2.50/bin/bin/../../lib/gcc/pic32c/6.2.1/../../../../pic32c/lib\libm_nano.a(lib_a-w_log10.o)
 .ARM.attributes
                0x0000000000000530       0x2c c:/program files/microchip/xc32/v2.50/bin/bin/../../lib/gcc/pic32c/6.2.1/../../../../pic32c/lib\libm_nano.a(lib_a-e_log10.o)
 .ARM.attributes
                0x000000000000055c       0x2c c:/program files/microchip/xc32/v2.50/bin/bin/../../lib/gcc/pic32c/6.2.1/../../../../pic32c/lib\libm_nano.a(lib_a-e_log.o)
 .ARM.attributes
                0x0000000000000588       0x2c c:/program files/microchip/xc32/v2.50/bin/bin/../../lib/gcc/pic32c/6.2.1/../../../../pic32c/lib\libm_nano.a(lib_a-s_lib_ver.o)
 .ARM.attributes
                0x00000000000005b4       0x2c c:/program files/microchip/xc32/v2.50/bin/bin/../../lib/gcc/pic32c/6.2.1/../../../../pic32c/lib\libm_nano.a(lib_a-s_matherr.o)
 .ARM.attributes
                0x00000000000005e0       0x2c c:/program files/microchip/xc32/v2.50/bin/bin/../../lib/gcc/pic32c/6.2.1/../../../../pic32c/lib\libm_nano.a(lib_a-s_nan.o)
 .ARM.attributes
                0x000000000000060c       0x2c c:/program files/microchip/xc32/v2.50/bin/bin/../../lib/gcc/pic32c/6.2.1/../../../../pic32c/lib\libc_nano.a(lib_a-errno.o)
 .ARM.attributes
                0x0000000000000638       0x2c c:/program files/microchip/xc32/v2.50/bin/bin/../../lib/gcc/pic32c/6.2.1/../../../../pic32c/lib\libc_nano.a(lib_a-impure.o)
 .ARM.attributes
                0x0000000000000664       0x2c c:/program files/microchip/xc32/v2.50/bin/bin/../../lib/gcc/pic32c/6.2.1\libgcc.a(divdf3.o)
 .ARM.attributes
                0x0000000000000690       0x2c c:/program files/microchip/xc32/v2.50/bin/bin/../../lib/gcc/pic32c/6.2.1\libgcc.a(muldf3.o)
 .ARM.attributes
                0x00000000000006bc       0x2c c:/program files/microchip/xc32/v2.50/bin/bin/../../lib/gcc/pic32c/6.2.1\libgcc.a(unorddf2.o)
 .ARM.attributes
                0x00000000000006e8       0x2c c:/program files/microchip/xc32/v2.50/bin/bin/../../lib/gcc/pic32c/6.2.1\libgcc.a(floatsidf.o)
 .ARM.attributes
                0x0000000000000714       0x1e c:/program files/microchip/xc32/v2.50/bin/bin/../../lib/gcc/pic32c/6.2.1\libgcc.a(_thumb1_case_uhi.o)
 .ARM.attributes
                0x0000000000000732       0x1e c:/program files/microchip/xc32/v2.50/bin/bin/../../lib/gcc/pic32c/6.2.1/crtn.o

.comment        0x0000000000000000       0x3c
 .comment       0x0000000000000000       0x3c c:/program files/microchip/xc32/v2.50/bin/bin/../../lib/gcc/pic32c/6.2.1/crtbegin.o
                                         0x3d (size before relaxing)
 .comment       0x000000000000003c       0x3d build/default/debug/_ext/1984496892/plib_clock.o
 .comment       0x000000000000003c       0x3d build/default/debug/_ext/1986646378/plib_evsys.o
 .comment       0x000000000000003c       0x3d build/default/debug/_ext/1865468468/plib_nvic.o
 .comment       0x000000000000003c       0x3d build/default/debug/_ext/1593096446/plib_nvmctrl.o
 .comment       0x000000000000003c       0x3d build/default/debug/_ext/1865521619/plib_port.o
 .comment       0x000000000000003c       0x3d build/default/debug/_ext/829342655/plib_tc4.o
 .comment       0x000000000000003c       0x3d build/default/debug/_ext/1171490990/startup_xc32.o
 .comment       0x000000000000003c       0x3d build/default/debug/_ext/1171490990/initialization.o
 .comment       0x000000000000003c       0x3d build/default/debug/_ext/1171490990/interrupts.o
 .comment       0x000000000000003c       0x3d build/default/debug/_ext/1171490990/exceptions.o
 .comment       0x000000000000003c       0x3d build/default/debug/_ext/1303591613/7segSR.o
 .comment       0x000000000000003c       0x3d build/default/debug/_ext/1303591613/sn74hc595n.o
 .comment       0x000000000000003c       0x3d build/default/debug/_ext/1360937237/main.o
 .comment       0x000000000000003c       0x3d c:/program files/microchip/xc32/v2.50/bin/bin/../../lib/gcc/pic32c/6.2.1/../../../../pic32c/lib\libpic32c.a(data_init.o)
 .comment       0x000000000000003c       0x3d c:/program files/microchip/xc32/v2.50/bin/bin/../../lib/gcc/pic32c/6.2.1\libgcc.a(_fixunsdfsi.o)
 .comment       0x000000000000003c       0x3d c:/program files/microchip/xc32/v2.50/bin/bin/../../lib/gcc/pic32c/6.2.1\libgcc.a(adddf3.o)
 .comment       0x000000000000003c       0x3d c:/program files/microchip/xc32/v2.50/bin/bin/../../lib/gcc/pic32c/6.2.1\libgcc.a(subdf3.o)
 .comment       0x000000000000003c       0x3d c:/program files/microchip/xc32/v2.50/bin/bin/../../lib/gcc/pic32c/6.2.1\libgcc.a(fixdfsi.o)
 .comment       0x000000000000003c       0x3d c:/program files/microchip/xc32/v2.50/bin/bin/../../lib/gcc/pic32c/6.2.1\libgcc.a(floatunsidf.o)
 .comment       0x000000000000003c       0x3d c:/program files/microchip/xc32/v2.50/bin/bin/../../lib/gcc/pic32c/6.2.1\libgcc.a(eqdf2.o)
 .comment       0x000000000000003c       0x3d c:/program files/microchip/xc32/v2.50/bin/bin/../../lib/gcc/pic32c/6.2.1\libgcc.a(gedf2.o)
 .comment       0x000000000000003c       0x3d c:/program files/microchip/xc32/v2.50/bin/bin/../../lib/gcc/pic32c/6.2.1\libgcc.a(ledf2.o)
 .comment       0x000000000000003c       0x3d c:/program files/microchip/xc32/v2.50/bin/bin/../../lib/gcc/pic32c/6.2.1/../../../../pic32c/lib\libg_nano.a(lib_a-init.o)
 .comment       0x000000000000003c       0x3d c:/program files/microchip/xc32/v2.50/bin/bin/../../lib/gcc/pic32c/6.2.1/../../../../pic32c/lib\libm_nano.a(lib_a-w_log10.o)
 .comment       0x000000000000003c       0x3d c:/program files/microchip/xc32/v2.50/bin/bin/../../lib/gcc/pic32c/6.2.1/../../../../pic32c/lib\libm_nano.a(lib_a-e_log10.o)
 .comment       0x000000000000003c       0x3d c:/program files/microchip/xc32/v2.50/bin/bin/../../lib/gcc/pic32c/6.2.1/../../../../pic32c/lib\libm_nano.a(lib_a-e_log.o)
 .comment       0x000000000000003c       0x3d c:/program files/microchip/xc32/v2.50/bin/bin/../../lib/gcc/pic32c/6.2.1/../../../../pic32c/lib\libm_nano.a(lib_a-s_lib_ver.o)
 .comment       0x000000000000003c       0x3d c:/program files/microchip/xc32/v2.50/bin/bin/../../lib/gcc/pic32c/6.2.1/../../../../pic32c/lib\libm_nano.a(lib_a-s_matherr.o)
 .comment       0x000000000000003c       0x3d c:/program files/microchip/xc32/v2.50/bin/bin/../../lib/gcc/pic32c/6.2.1/../../../../pic32c/lib\libm_nano.a(lib_a-s_nan.o)
 .comment       0x000000000000003c       0x3d c:/program files/microchip/xc32/v2.50/bin/bin/../../lib/gcc/pic32c/6.2.1/../../../../pic32c/lib\libc_nano.a(lib_a-errno.o)
 .comment       0x000000000000003c       0x3d c:/program files/microchip/xc32/v2.50/bin/bin/../../lib/gcc/pic32c/6.2.1/../../../../pic32c/lib\libc_nano.a(lib_a-impure.o)
 .comment       0x000000000000003c       0x3d c:/program files/microchip/xc32/v2.50/bin/bin/../../lib/gcc/pic32c/6.2.1\libgcc.a(divdf3.o)
 .comment       0x000000000000003c       0x3d c:/program files/microchip/xc32/v2.50/bin/bin/../../lib/gcc/pic32c/6.2.1\libgcc.a(muldf3.o)
 .comment       0x000000000000003c       0x3d c:/program files/microchip/xc32/v2.50/bin/bin/../../lib/gcc/pic32c/6.2.1\libgcc.a(unorddf2.o)
 .comment       0x000000000000003c       0x3d c:/program files/microchip/xc32/v2.50/bin/bin/../../lib/gcc/pic32c/6.2.1\libgcc.a(floatsidf.o)

.debug_info     0x0000000000000000    0x15b8d
 .debug_info    0x0000000000000000      0x9d1 build/default/debug/_ext/1984496892/plib_clock.o
 .debug_info    0x00000000000009d1      0x2ff build/default/debug/_ext/1986646378/plib_evsys.o
 .debug_info    0x0000000000000cd0      0x967 build/default/debug/_ext/1865468468/plib_nvic.o
 .debug_info    0x0000000000001637     0x132c build/default/debug/_ext/1593096446/plib_nvmctrl.o
 .debug_info    0x0000000000002963      0xd00 build/default/debug/_ext/1865521619/plib_port.o
 .debug_info    0x0000000000003663      0xbd8 build/default/debug/_ext/829342655/plib_tc4.o
 .debug_info    0x000000000000423b      0x438 build/default/debug/_ext/1171490990/startup_xc32.o
 .debug_info    0x0000000000004673      0x524 build/default/debug/_ext/1171490990/initialization.o
 .debug_info    0x0000000000004b97      0x827 build/default/debug/_ext/1171490990/interrupts.o
 .debug_info    0x00000000000053be      0x31a build/default/debug/_ext/1171490990/exceptions.o
 .debug_info    0x00000000000056d8     0x1622 build/default/debug/_ext/1303591613/7segSR.o
 .debug_info    0x0000000000006cfa      0x8c0 build/default/debug/_ext/1303591613/sn74hc595n.o
 .debug_info    0x00000000000075ba     0x12fc build/default/debug/_ext/1360937237/main.o
 .debug_info    0x00000000000088b6      0x1f0 c:/program files/microchip/xc32/v2.50/bin/bin/../../lib/gcc/pic32c/6.2.1/../../../../pic32c/lib\libpic32c.a(data_init.o)
 .debug_info    0x0000000000008aa6       0xee c:/program files/microchip/xc32/v2.50/bin/bin/../../lib/gcc/pic32c/6.2.1\libgcc.a(_udivsi3.o)
 .debug_info    0x0000000000008b94       0xee c:/program files/microchip/xc32/v2.50/bin/bin/../../lib/gcc/pic32c/6.2.1\libgcc.a(_dvmd_tls.o)
 .debug_info    0x0000000000008c82     0x12a0 c:/program files/microchip/xc32/v2.50/bin/bin/../../lib/gcc/pic32c/6.2.1\libgcc.a(_fixunsdfsi.o)
 .debug_info    0x0000000000009f22      0x7b0 c:/program files/microchip/xc32/v2.50/bin/bin/../../lib/gcc/pic32c/6.2.1\libgcc.a(adddf3.o)
 .debug_info    0x000000000000a6d2      0x7b0 c:/program files/microchip/xc32/v2.50/bin/bin/../../lib/gcc/pic32c/6.2.1\libgcc.a(subdf3.o)
 .debug_info    0x000000000000ae82      0x3bc c:/program files/microchip/xc32/v2.50/bin/bin/../../lib/gcc/pic32c/6.2.1\libgcc.a(fixdfsi.o)
 .debug_info    0x000000000000b23e      0x4f4 c:/program files/microchip/xc32/v2.50/bin/bin/../../lib/gcc/pic32c/6.2.1\libgcc.a(floatunsidf.o)
 .debug_info    0x000000000000b732       0xee c:/program files/microchip/xc32/v2.50/bin/bin/../../lib/gcc/pic32c/6.2.1\libgcc.a(_arm_cmpdf2.o)
 .debug_info    0x000000000000b820       0xee c:/program files/microchip/xc32/v2.50/bin/bin/../../lib/gcc/pic32c/6.2.1\libgcc.a(_clzsi2.o)
 .debug_info    0x000000000000b90e      0x413 c:/program files/microchip/xc32/v2.50/bin/bin/../../lib/gcc/pic32c/6.2.1\libgcc.a(eqdf2.o)
 .debug_info    0x000000000000bd21      0x43f c:/program files/microchip/xc32/v2.50/bin/bin/../../lib/gcc/pic32c/6.2.1\libgcc.a(gedf2.o)
 .debug_info    0x000000000000c160      0x437 c:/program files/microchip/xc32/v2.50/bin/bin/../../lib/gcc/pic32c/6.2.1\libgcc.a(ledf2.o)
 .debug_info    0x000000000000c597      0x36a c:/program files/microchip/xc32/v2.50/bin/bin/../../lib/gcc/pic32c/6.2.1/../../../../pic32c/lib\libg_nano.a(lib_a-init.o)
 .debug_info    0x000000000000c901      0xf6e c:/program files/microchip/xc32/v2.50/bin/bin/../../lib/gcc/pic32c/6.2.1/../../../../pic32c/lib\libm_nano.a(lib_a-w_log10.o)
 .debug_info    0x000000000000d86f      0xfb2 c:/program files/microchip/xc32/v2.50/bin/bin/../../lib/gcc/pic32c/6.2.1/../../../../pic32c/lib\libm_nano.a(lib_a-e_log10.o)
 .debug_info    0x000000000000e821     0x106a c:/program files/microchip/xc32/v2.50/bin/bin/../../lib/gcc/pic32c/6.2.1/../../../../pic32c/lib\libm_nano.a(lib_a-e_log.o)
 .debug_info    0x000000000000f88b      0xdbd c:/program files/microchip/xc32/v2.50/bin/bin/../../lib/gcc/pic32c/6.2.1/../../../../pic32c/lib\libm_nano.a(lib_a-s_lib_ver.o)
 .debug_info    0x0000000000010648      0xe71 c:/program files/microchip/xc32/v2.50/bin/bin/../../lib/gcc/pic32c/6.2.1/../../../../pic32c/lib\libm_nano.a(lib_a-s_matherr.o)
 .debug_info    0x00000000000114b9      0xdf7 c:/program files/microchip/xc32/v2.50/bin/bin/../../lib/gcc/pic32c/6.2.1/../../../../pic32c/lib\libm_nano.a(lib_a-s_nan.o)
 .debug_info    0x00000000000122b0      0xd8a c:/program files/microchip/xc32/v2.50/bin/bin/../../lib/gcc/pic32c/6.2.1/../../../../pic32c/lib\libc_nano.a(lib_a-errno.o)
 .debug_info    0x000000000001303a      0xd4d c:/program files/microchip/xc32/v2.50/bin/bin/../../lib/gcc/pic32c/6.2.1/../../../../pic32c/lib\libc_nano.a(lib_a-impure.o)
 .debug_info    0x0000000000013d87      0x9c6 c:/program files/microchip/xc32/v2.50/bin/bin/../../lib/gcc/pic32c/6.2.1\libgcc.a(divdf3.o)
 .debug_info    0x000000000001474d      0xa41 c:/program files/microchip/xc32/v2.50/bin/bin/../../lib/gcc/pic32c/6.2.1\libgcc.a(muldf3.o)
 .debug_info    0x000000000001518e      0x415 c:/program files/microchip/xc32/v2.50/bin/bin/../../lib/gcc/pic32c/6.2.1\libgcc.a(unorddf2.o)
 .debug_info    0x00000000000155a3      0x4fc c:/program files/microchip/xc32/v2.50/bin/bin/../../lib/gcc/pic32c/6.2.1\libgcc.a(floatsidf.o)
 .debug_info    0x0000000000015a9f       0xee c:/program files/microchip/xc32/v2.50/bin/bin/../../lib/gcc/pic32c/6.2.1\libgcc.a(_thumb1_case_uhi.o)

.debug_abbrev   0x0000000000000000     0x2b98
 .debug_abbrev  0x0000000000000000       0xf7 build/default/debug/_ext/1984496892/plib_clock.o
 .debug_abbrev  0x00000000000000f7       0x39 build/default/debug/_ext/1986646378/plib_evsys.o
 .debug_abbrev  0x0000000000000130      0x1ac build/default/debug/_ext/1865468468/plib_nvic.o
 .debug_abbrev  0x00000000000002dc      0x22d build/default/debug/_ext/1593096446/plib_nvmctrl.o
 .debug_abbrev  0x0000000000000509      0x167 build/default/debug/_ext/1865521619/plib_port.o
 .debug_abbrev  0x0000000000000670      0x1a9 build/default/debug/_ext/829342655/plib_tc4.o
 .debug_abbrev  0x0000000000000819       0xd3 build/default/debug/_ext/1171490990/startup_xc32.o
 .debug_abbrev  0x00000000000008ec       0x98 build/default/debug/_ext/1171490990/initialization.o
 .debug_abbrev  0x0000000000000984       0x9a build/default/debug/_ext/1171490990/interrupts.o
 .debug_abbrev  0x0000000000000a1e       0x3c build/default/debug/_ext/1171490990/exceptions.o
 .debug_abbrev  0x0000000000000a5a      0x263 build/default/debug/_ext/1303591613/7segSR.o
 .debug_abbrev  0x0000000000000cbd      0x11b build/default/debug/_ext/1303591613/sn74hc595n.o
 .debug_abbrev  0x0000000000000dd8      0x1c3 build/default/debug/_ext/1360937237/main.o
 .debug_abbrev  0x0000000000000f9b       0x2a c:/program files/microchip/xc32/v2.50/bin/bin/../../lib/gcc/pic32c/6.2.1/../../../../pic32c/lib\libpic32c.a(data_init.o)
 .debug_abbrev  0x0000000000000fc5       0x14 c:/program files/microchip/xc32/v2.50/bin/bin/../../lib/gcc/pic32c/6.2.1\libgcc.a(_udivsi3.o)
 .debug_abbrev  0x0000000000000fd9       0x14 c:/program files/microchip/xc32/v2.50/bin/bin/../../lib/gcc/pic32c/6.2.1\libgcc.a(_dvmd_tls.o)
 .debug_abbrev  0x0000000000000fed      0x11b c:/program files/microchip/xc32/v2.50/bin/bin/../../lib/gcc/pic32c/6.2.1\libgcc.a(_fixunsdfsi.o)
 .debug_abbrev  0x0000000000001108      0x150 c:/program files/microchip/xc32/v2.50/bin/bin/../../lib/gcc/pic32c/6.2.1\libgcc.a(adddf3.o)
 .debug_abbrev  0x0000000000001258      0x150 c:/program files/microchip/xc32/v2.50/bin/bin/../../lib/gcc/pic32c/6.2.1\libgcc.a(subdf3.o)
 .debug_abbrev  0x00000000000013a8      0x12c c:/program files/microchip/xc32/v2.50/bin/bin/../../lib/gcc/pic32c/6.2.1\libgcc.a(fixdfsi.o)
 .debug_abbrev  0x00000000000014d4      0x118 c:/program files/microchip/xc32/v2.50/bin/bin/../../lib/gcc/pic32c/6.2.1\libgcc.a(floatunsidf.o)
 .debug_abbrev  0x00000000000015ec       0x14 c:/program files/microchip/xc32/v2.50/bin/bin/../../lib/gcc/pic32c/6.2.1\libgcc.a(_arm_cmpdf2.o)
 .debug_abbrev  0x0000000000001600       0x14 c:/program files/microchip/xc32/v2.50/bin/bin/../../lib/gcc/pic32c/6.2.1\libgcc.a(_clzsi2.o)
 .debug_abbrev  0x0000000000001614      0x128 c:/program files/microchip/xc32/v2.50/bin/bin/../../lib/gcc/pic32c/6.2.1\libgcc.a(eqdf2.o)
 .debug_abbrev  0x000000000000173c      0x135 c:/program files/microchip/xc32/v2.50/bin/bin/../../lib/gcc/pic32c/6.2.1\libgcc.a(gedf2.o)
 .debug_abbrev  0x0000000000001871      0x12a c:/program files/microchip/xc32/v2.50/bin/bin/../../lib/gcc/pic32c/6.2.1\libgcc.a(ledf2.o)
 .debug_abbrev  0x000000000000199b       0xa3 c:/program files/microchip/xc32/v2.50/bin/bin/../../lib/gcc/pic32c/6.2.1/../../../../pic32c/lib\libg_nano.a(lib_a-init.o)
 .debug_abbrev  0x0000000000001a3e      0x1fb c:/program files/microchip/xc32/v2.50/bin/bin/../../lib/gcc/pic32c/6.2.1/../../../../pic32c/lib\libm_nano.a(lib_a-w_log10.o)
 .debug_abbrev  0x0000000000001c39      0x1ff c:/program files/microchip/xc32/v2.50/bin/bin/../../lib/gcc/pic32c/6.2.1/../../../../pic32c/lib\libm_nano.a(lib_a-e_log10.o)
 .debug_abbrev  0x0000000000001e38      0x1cf c:/program files/microchip/xc32/v2.50/bin/bin/../../lib/gcc/pic32c/6.2.1/../../../../pic32c/lib\libm_nano.a(lib_a-e_log.o)
 .debug_abbrev  0x0000000000002007      0x149 c:/program files/microchip/xc32/v2.50/bin/bin/../../lib/gcc/pic32c/6.2.1/../../../../pic32c/lib\libm_nano.a(lib_a-s_lib_ver.o)
 .debug_abbrev  0x0000000000002150      0x17c c:/program files/microchip/xc32/v2.50/bin/bin/../../lib/gcc/pic32c/6.2.1/../../../../pic32c/lib\libm_nano.a(lib_a-s_matherr.o)
 .debug_abbrev  0x00000000000022cc      0x17a c:/program files/microchip/xc32/v2.50/bin/bin/../../lib/gcc/pic32c/6.2.1/../../../../pic32c/lib\libm_nano.a(lib_a-s_nan.o)
 .debug_abbrev  0x0000000000002446      0x14f c:/program files/microchip/xc32/v2.50/bin/bin/../../lib/gcc/pic32c/6.2.1/../../../../pic32c/lib\libc_nano.a(lib_a-errno.o)
 .debug_abbrev  0x0000000000002595      0x131 c:/program files/microchip/xc32/v2.50/bin/bin/../../lib/gcc/pic32c/6.2.1/../../../../pic32c/lib\libc_nano.a(lib_a-impure.o)
 .debug_abbrev  0x00000000000026c6      0x143 c:/program files/microchip/xc32/v2.50/bin/bin/../../lib/gcc/pic32c/6.2.1\libgcc.a(divdf3.o)
 .debug_abbrev  0x0000000000002809      0x14a c:/program files/microchip/xc32/v2.50/bin/bin/../../lib/gcc/pic32c/6.2.1\libgcc.a(muldf3.o)
 .debug_abbrev  0x0000000000002953      0x119 c:/program files/microchip/xc32/v2.50/bin/bin/../../lib/gcc/pic32c/6.2.1\libgcc.a(unorddf2.o)
 .debug_abbrev  0x0000000000002a6c      0x118 c:/program files/microchip/xc32/v2.50/bin/bin/../../lib/gcc/pic32c/6.2.1\libgcc.a(floatsidf.o)
 .debug_abbrev  0x0000000000002b84       0x14 c:/program files/microchip/xc32/v2.50/bin/bin/../../lib/gcc/pic32c/6.2.1\libgcc.a(_thumb1_case_uhi.o)

.debug_loc      0x0000000000000000     0x6db8
 .debug_loc     0x0000000000000000       0xbc build/default/debug/_ext/1984496892/plib_clock.o
 .debug_loc     0x00000000000000bc       0x2c build/default/debug/_ext/1986646378/plib_evsys.o
 .debug_loc     0x00000000000000e8      0x138 build/default/debug/_ext/1865468468/plib_nvic.o
 .debug_loc     0x0000000000000220      0x244 build/default/debug/_ext/1593096446/plib_nvmctrl.o
 .debug_loc     0x0000000000000464      0x25c build/default/debug/_ext/1865521619/plib_port.o
 .debug_loc     0x00000000000006c0      0x220 build/default/debug/_ext/829342655/plib_tc4.o
 .debug_loc     0x00000000000008e0       0x20 build/default/debug/_ext/1171490990/startup_xc32.o
 .debug_loc     0x0000000000000900       0x38 build/default/debug/_ext/1171490990/initialization.o
 .debug_loc     0x0000000000000938       0x58 build/default/debug/_ext/1171490990/exceptions.o
 .debug_loc     0x0000000000000990       0xe0 build/default/debug/_ext/1303591613/7segSR.o
 .debug_loc     0x0000000000000a70      0x118 build/default/debug/_ext/1303591613/sn74hc595n.o
 .debug_loc     0x0000000000000b88       0x38 build/default/debug/_ext/1360937237/main.o
 .debug_loc     0x0000000000000bc0       0x14 c:/program files/microchip/xc32/v2.50/bin/bin/../../lib/gcc/pic32c/6.2.1/../../../../pic32c/lib\libpic32c.a(data_init.o)
 .debug_loc     0x0000000000000bd4       0x49 c:/program files/microchip/xc32/v2.50/bin/bin/../../lib/gcc/pic32c/6.2.1\libgcc.a(_fixunsdfsi.o)
 .debug_loc     0x0000000000000c1d     0x147e c:/program files/microchip/xc32/v2.50/bin/bin/../../lib/gcc/pic32c/6.2.1\libgcc.a(adddf3.o)
 .debug_loc     0x000000000000209b     0x1362 c:/program files/microchip/xc32/v2.50/bin/bin/../../lib/gcc/pic32c/6.2.1\libgcc.a(subdf3.o)
 .debug_loc     0x00000000000033fd      0x131 c:/program files/microchip/xc32/v2.50/bin/bin/../../lib/gcc/pic32c/6.2.1\libgcc.a(fixdfsi.o)
 .debug_loc     0x000000000000352e      0x1df c:/program files/microchip/xc32/v2.50/bin/bin/../../lib/gcc/pic32c/6.2.1\libgcc.a(floatunsidf.o)
 .debug_loc     0x000000000000370d      0x120 c:/program files/microchip/xc32/v2.50/bin/bin/../../lib/gcc/pic32c/6.2.1\libgcc.a(eqdf2.o)
 .debug_loc     0x000000000000382d      0x26c c:/program files/microchip/xc32/v2.50/bin/bin/../../lib/gcc/pic32c/6.2.1\libgcc.a(gedf2.o)
 .debug_loc     0x0000000000003a99      0x1d5 c:/program files/microchip/xc32/v2.50/bin/bin/../../lib/gcc/pic32c/6.2.1\libgcc.a(ledf2.o)
 .debug_loc     0x0000000000003c6e       0x72 c:/program files/microchip/xc32/v2.50/bin/bin/../../lib/gcc/pic32c/6.2.1/../../../../pic32c/lib\libg_nano.a(lib_a-init.o)
 .debug_loc     0x0000000000003ce0       0x6e c:/program files/microchip/xc32/v2.50/bin/bin/../../lib/gcc/pic32c/6.2.1/../../../../pic32c/lib\libm_nano.a(lib_a-w_log10.o)
 .debug_loc     0x0000000000003d4e      0x2b5 c:/program files/microchip/xc32/v2.50/bin/bin/../../lib/gcc/pic32c/6.2.1/../../../../pic32c/lib\libm_nano.a(lib_a-e_log10.o)
 .debug_loc     0x0000000000004003      0x603 c:/program files/microchip/xc32/v2.50/bin/bin/../../lib/gcc/pic32c/6.2.1/../../../../pic32c/lib\libm_nano.a(lib_a-e_log.o)
 .debug_loc     0x0000000000004606       0x21 c:/program files/microchip/xc32/v2.50/bin/bin/../../lib/gcc/pic32c/6.2.1/../../../../pic32c/lib\libm_nano.a(lib_a-s_matherr.o)
 .debug_loc     0x0000000000004627       0x21 c:/program files/microchip/xc32/v2.50/bin/bin/../../lib/gcc/pic32c/6.2.1/../../../../pic32c/lib\libm_nano.a(lib_a-s_nan.o)
 .debug_loc     0x0000000000004648     0x1513 c:/program files/microchip/xc32/v2.50/bin/bin/../../lib/gcc/pic32c/6.2.1\libgcc.a(divdf3.o)
 .debug_loc     0x0000000000005b5b      0xfde c:/program files/microchip/xc32/v2.50/bin/bin/../../lib/gcc/pic32c/6.2.1\libgcc.a(muldf3.o)
 .debug_loc     0x0000000000006b39       0xbe c:/program files/microchip/xc32/v2.50/bin/bin/../../lib/gcc/pic32c/6.2.1\libgcc.a(unorddf2.o)
 .debug_loc     0x0000000000006bf7      0x1c1 c:/program files/microchip/xc32/v2.50/bin/bin/../../lib/gcc/pic32c/6.2.1\libgcc.a(floatsidf.o)

.debug_aranges  0x0000000000000000      0x668
 .debug_aranges
                0x0000000000000000       0x38 build/default/debug/_ext/1984496892/plib_clock.o
 .debug_aranges
                0x0000000000000038       0x20 build/default/debug/_ext/1986646378/plib_evsys.o
 .debug_aranges
                0x0000000000000058       0x48 build/default/debug/_ext/1865468468/plib_nvic.o
 .debug_aranges
                0x00000000000000a0       0x70 build/default/debug/_ext/1593096446/plib_nvmctrl.o
 .debug_aranges
                0x0000000000000110       0x70 build/default/debug/_ext/1865521619/plib_port.o
 .debug_aranges
                0x0000000000000180       0x70 build/default/debug/_ext/829342655/plib_tc4.o
 .debug_aranges
                0x00000000000001f0       0x28 build/default/debug/_ext/1171490990/startup_xc32.o
 .debug_aranges
                0x0000000000000218       0x20 build/default/debug/_ext/1171490990/initialization.o
 .debug_aranges
                0x0000000000000238       0x20 build/default/debug/_ext/1171490990/interrupts.o
 .debug_aranges
                0x0000000000000258       0x28 build/default/debug/_ext/1171490990/exceptions.o
 .debug_aranges
                0x0000000000000280       0x38 build/default/debug/_ext/1303591613/7segSR.o
 .debug_aranges
                0x00000000000002b8       0x40 build/default/debug/_ext/1303591613/sn74hc595n.o
 .debug_aranges
                0x00000000000002f8       0x20 build/default/debug/_ext/1360937237/main.o
 .debug_aranges
                0x0000000000000318       0x20 c:/program files/microchip/xc32/v2.50/bin/bin/../../lib/gcc/pic32c/6.2.1/../../../../pic32c/lib\libpic32c.a(data_init.o)
 .debug_aranges
                0x0000000000000338       0x20 c:/program files/microchip/xc32/v2.50/bin/bin/../../lib/gcc/pic32c/6.2.1\libgcc.a(_udivsi3.o)
 .debug_aranges
                0x0000000000000358       0x20 c:/program files/microchip/xc32/v2.50/bin/bin/../../lib/gcc/pic32c/6.2.1\libgcc.a(_dvmd_tls.o)
 .debug_aranges
                0x0000000000000378       0x20 c:/program files/microchip/xc32/v2.50/bin/bin/../../lib/gcc/pic32c/6.2.1\libgcc.a(_fixunsdfsi.o)
 .debug_aranges
                0x0000000000000398       0x20 c:/program files/microchip/xc32/v2.50/bin/bin/../../lib/gcc/pic32c/6.2.1\libgcc.a(adddf3.o)
 .debug_aranges
                0x00000000000003b8       0x20 c:/program files/microchip/xc32/v2.50/bin/bin/../../lib/gcc/pic32c/6.2.1\libgcc.a(subdf3.o)
 .debug_aranges
                0x00000000000003d8       0x20 c:/program files/microchip/xc32/v2.50/bin/bin/../../lib/gcc/pic32c/6.2.1\libgcc.a(fixdfsi.o)
 .debug_aranges
                0x00000000000003f8       0x20 c:/program files/microchip/xc32/v2.50/bin/bin/../../lib/gcc/pic32c/6.2.1\libgcc.a(floatunsidf.o)
 .debug_aranges
                0x0000000000000418       0x20 c:/program files/microchip/xc32/v2.50/bin/bin/../../lib/gcc/pic32c/6.2.1\libgcc.a(_arm_cmpdf2.o)
 .debug_aranges
                0x0000000000000438       0x20 c:/program files/microchip/xc32/v2.50/bin/bin/../../lib/gcc/pic32c/6.2.1\libgcc.a(_clzsi2.o)
 .debug_aranges
                0x0000000000000458       0x20 c:/program files/microchip/xc32/v2.50/bin/bin/../../lib/gcc/pic32c/6.2.1\libgcc.a(eqdf2.o)
 .debug_aranges
                0x0000000000000478       0x20 c:/program files/microchip/xc32/v2.50/bin/bin/../../lib/gcc/pic32c/6.2.1\libgcc.a(gedf2.o)
 .debug_aranges
                0x0000000000000498       0x20 c:/program files/microchip/xc32/v2.50/bin/bin/../../lib/gcc/pic32c/6.2.1\libgcc.a(ledf2.o)
 .debug_aranges
                0x00000000000004b8       0x20 c:/program files/microchip/xc32/v2.50/bin/bin/../../lib/gcc/pic32c/6.2.1/../../../../pic32c/lib\libg_nano.a(lib_a-init.o)
 .debug_aranges
                0x00000000000004d8       0x20 c:/program files/microchip/xc32/v2.50/bin/bin/../../lib/gcc/pic32c/6.2.1/../../../../pic32c/lib\libm_nano.a(lib_a-w_log10.o)
 .debug_aranges
                0x00000000000004f8       0x20 c:/program files/microchip/xc32/v2.50/bin/bin/../../lib/gcc/pic32c/6.2.1/../../../../pic32c/lib\libm_nano.a(lib_a-e_log10.o)
 .debug_aranges
                0x0000000000000518       0x20 c:/program files/microchip/xc32/v2.50/bin/bin/../../lib/gcc/pic32c/6.2.1/../../../../pic32c/lib\libm_nano.a(lib_a-e_log.o)
 .debug_aranges
                0x0000000000000538       0x18 c:/program files/microchip/xc32/v2.50/bin/bin/../../lib/gcc/pic32c/6.2.1/../../../../pic32c/lib\libm_nano.a(lib_a-s_lib_ver.o)
 .debug_aranges
                0x0000000000000550       0x20 c:/program files/microchip/xc32/v2.50/bin/bin/../../lib/gcc/pic32c/6.2.1/../../../../pic32c/lib\libm_nano.a(lib_a-s_matherr.o)
 .debug_aranges
                0x0000000000000570       0x20 c:/program files/microchip/xc32/v2.50/bin/bin/../../lib/gcc/pic32c/6.2.1/../../../../pic32c/lib\libm_nano.a(lib_a-s_nan.o)
 .debug_aranges
                0x0000000000000590       0x20 c:/program files/microchip/xc32/v2.50/bin/bin/../../lib/gcc/pic32c/6.2.1/../../../../pic32c/lib\libc_nano.a(lib_a-errno.o)
 .debug_aranges
                0x00000000000005b0       0x18 c:/program files/microchip/xc32/v2.50/bin/bin/../../lib/gcc/pic32c/6.2.1/../../../../pic32c/lib\libc_nano.a(lib_a-impure.o)
 .debug_aranges
                0x00000000000005c8       0x20 c:/program files/microchip/xc32/v2.50/bin/bin/../../lib/gcc/pic32c/6.2.1\libgcc.a(divdf3.o)
 .debug_aranges
                0x00000000000005e8       0x20 c:/program files/microchip/xc32/v2.50/bin/bin/../../lib/gcc/pic32c/6.2.1\libgcc.a(muldf3.o)
 .debug_aranges
                0x0000000000000608       0x20 c:/program files/microchip/xc32/v2.50/bin/bin/../../lib/gcc/pic32c/6.2.1\libgcc.a(unorddf2.o)
 .debug_aranges
                0x0000000000000628       0x20 c:/program files/microchip/xc32/v2.50/bin/bin/../../lib/gcc/pic32c/6.2.1\libgcc.a(floatsidf.o)
 .debug_aranges
                0x0000000000000648       0x20 c:/program files/microchip/xc32/v2.50/bin/bin/../../lib/gcc/pic32c/6.2.1\libgcc.a(_thumb1_case_uhi.o)

.debug_ranges   0x0000000000000000      0xb70
 .debug_ranges  0x0000000000000000       0x28 build/default/debug/_ext/1984496892/plib_clock.o
 .debug_ranges  0x0000000000000028       0x10 build/default/debug/_ext/1986646378/plib_evsys.o
 .debug_ranges  0x0000000000000038       0x38 build/default/debug/_ext/1865468468/plib_nvic.o
 .debug_ranges  0x0000000000000070       0x60 build/default/debug/_ext/1593096446/plib_nvmctrl.o
 .debug_ranges  0x00000000000000d0       0x60 build/default/debug/_ext/1865521619/plib_port.o
 .debug_ranges  0x0000000000000130       0x60 build/default/debug/_ext/829342655/plib_tc4.o
 .debug_ranges  0x0000000000000190       0x18 build/default/debug/_ext/1171490990/startup_xc32.o
 .debug_ranges  0x00000000000001a8       0x10 build/default/debug/_ext/1171490990/initialization.o
 .debug_ranges  0x00000000000001b8       0x10 build/default/debug/_ext/1171490990/interrupts.o
 .debug_ranges  0x00000000000001c8       0x18 build/default/debug/_ext/1171490990/exceptions.o
 .debug_ranges  0x00000000000001e0       0x28 build/default/debug/_ext/1303591613/7segSR.o
 .debug_ranges  0x0000000000000208       0x30 build/default/debug/_ext/1303591613/sn74hc595n.o
 .debug_ranges  0x0000000000000238       0x10 build/default/debug/_ext/1360937237/main.o
 .debug_ranges  0x0000000000000248       0x10 c:/program files/microchip/xc32/v2.50/bin/bin/../../lib/gcc/pic32c/6.2.1/../../../../pic32c/lib\libpic32c.a(data_init.o)
 .debug_ranges  0x0000000000000258      0x1b0 c:/program files/microchip/xc32/v2.50/bin/bin/../../lib/gcc/pic32c/6.2.1\libgcc.a(adddf3.o)
 .debug_ranges  0x0000000000000408      0x1b8 c:/program files/microchip/xc32/v2.50/bin/bin/../../lib/gcc/pic32c/6.2.1\libgcc.a(subdf3.o)
 .debug_ranges  0x00000000000005c0       0x18 c:/program files/microchip/xc32/v2.50/bin/bin/../../lib/gcc/pic32c/6.2.1\libgcc.a(fixdfsi.o)
 .debug_ranges  0x00000000000005d8       0x48 c:/program files/microchip/xc32/v2.50/bin/bin/../../lib/gcc/pic32c/6.2.1\libgcc.a(floatunsidf.o)
 .debug_ranges  0x0000000000000620       0x50 c:/program files/microchip/xc32/v2.50/bin/bin/../../lib/gcc/pic32c/6.2.1\libgcc.a(eqdf2.o)
 .debug_ranges  0x0000000000000670       0x30 c:/program files/microchip/xc32/v2.50/bin/bin/../../lib/gcc/pic32c/6.2.1\libgcc.a(gedf2.o)
 .debug_ranges  0x00000000000006a0       0x48 c:/program files/microchip/xc32/v2.50/bin/bin/../../lib/gcc/pic32c/6.2.1\libgcc.a(ledf2.o)
 .debug_ranges  0x00000000000006e8       0x10 c:/program files/microchip/xc32/v2.50/bin/bin/../../lib/gcc/pic32c/6.2.1/../../../../pic32c/lib\libg_nano.a(lib_a-init.o)
 .debug_ranges  0x00000000000006f8       0x10 c:/program files/microchip/xc32/v2.50/bin/bin/../../lib/gcc/pic32c/6.2.1/../../../../pic32c/lib\libm_nano.a(lib_a-w_log10.o)
 .debug_ranges  0x0000000000000708       0x30 c:/program files/microchip/xc32/v2.50/bin/bin/../../lib/gcc/pic32c/6.2.1/../../../../pic32c/lib\libm_nano.a(lib_a-e_log10.o)
 .debug_ranges  0x0000000000000738       0x30 c:/program files/microchip/xc32/v2.50/bin/bin/../../lib/gcc/pic32c/6.2.1/../../../../pic32c/lib\libm_nano.a(lib_a-e_log.o)
 .debug_ranges  0x0000000000000768       0x10 c:/program files/microchip/xc32/v2.50/bin/bin/../../lib/gcc/pic32c/6.2.1/../../../../pic32c/lib\libm_nano.a(lib_a-s_matherr.o)
 .debug_ranges  0x0000000000000778       0x10 c:/program files/microchip/xc32/v2.50/bin/bin/../../lib/gcc/pic32c/6.2.1/../../../../pic32c/lib\libm_nano.a(lib_a-s_nan.o)
 .debug_ranges  0x0000000000000788       0x10 c:/program files/microchip/xc32/v2.50/bin/bin/../../lib/gcc/pic32c/6.2.1/../../../../pic32c/lib\libc_nano.a(lib_a-errno.o)
 .debug_ranges  0x0000000000000798      0x178 c:/program files/microchip/xc32/v2.50/bin/bin/../../lib/gcc/pic32c/6.2.1\libgcc.a(divdf3.o)
 .debug_ranges  0x0000000000000910      0x1d0 c:/program files/microchip/xc32/v2.50/bin/bin/../../lib/gcc/pic32c/6.2.1\libgcc.a(muldf3.o)
 .debug_ranges  0x0000000000000ae0       0x40 c:/program files/microchip/xc32/v2.50/bin/bin/../../lib/gcc/pic32c/6.2.1\libgcc.a(unorddf2.o)
 .debug_ranges  0x0000000000000b20       0x50 c:/program files/microchip/xc32/v2.50/bin/bin/../../lib/gcc/pic32c/6.2.1\libgcc.a(floatsidf.o)

.debug_line     0x0000000000000000     0x3ede
 .debug_line    0x0000000000000000      0x197 build/default/debug/_ext/1984496892/plib_clock.o
 .debug_line    0x0000000000000197       0x64 build/default/debug/_ext/1986646378/plib_evsys.o
 .debug_line    0x00000000000001fb      0x236 build/default/debug/_ext/1865468468/plib_nvic.o
 .debug_line    0x0000000000000431      0x28c build/default/debug/_ext/1593096446/plib_nvmctrl.o
 .debug_line    0x00000000000006bd      0x206 build/default/debug/_ext/1865521619/plib_port.o
 .debug_line    0x00000000000008c3      0x21f build/default/debug/_ext/829342655/plib_tc4.o
 .debug_line    0x0000000000000ae2      0x13f build/default/debug/_ext/1171490990/startup_xc32.o
 .debug_line    0x0000000000000c21      0x12b build/default/debug/_ext/1171490990/initialization.o
 .debug_line    0x0000000000000d4c       0xfe build/default/debug/_ext/1171490990/interrupts.o
 .debug_line    0x0000000000000e4a       0x66 build/default/debug/_ext/1171490990/exceptions.o
 .debug_line    0x0000000000000eb0      0x2a9 build/default/debug/_ext/1303591613/7segSR.o
 .debug_line    0x0000000000001159      0x1f1 build/default/debug/_ext/1303591613/sn74hc595n.o
 .debug_line    0x000000000000134a      0x1f8 build/default/debug/_ext/1360937237/main.o
 .debug_line    0x0000000000001542       0xe3 c:/program files/microchip/xc32/v2.50/bin/bin/../../lib/gcc/pic32c/6.2.1/../../../../pic32c/lib\libpic32c.a(data_init.o)
 .debug_line    0x0000000000001625       0xb3 c:/program files/microchip/xc32/v2.50/bin/bin/../../lib/gcc/pic32c/6.2.1\libgcc.a(_udivsi3.o)
 .debug_line    0x00000000000016d8       0x9c c:/program files/microchip/xc32/v2.50/bin/bin/../../lib/gcc/pic32c/6.2.1\libgcc.a(_dvmd_tls.o)
 .debug_line    0x0000000000001774      0x28c c:/program files/microchip/xc32/v2.50/bin/bin/../../lib/gcc/pic32c/6.2.1\libgcc.a(_fixunsdfsi.o)
 .debug_line    0x0000000000001a00      0x1c8 c:/program files/microchip/xc32/v2.50/bin/bin/../../lib/gcc/pic32c/6.2.1\libgcc.a(adddf3.o)
 .debug_line    0x0000000000001bc8      0x1cd c:/program files/microchip/xc32/v2.50/bin/bin/../../lib/gcc/pic32c/6.2.1\libgcc.a(subdf3.o)
 .debug_line    0x0000000000001d95      0x12f c:/program files/microchip/xc32/v2.50/bin/bin/../../lib/gcc/pic32c/6.2.1\libgcc.a(fixdfsi.o)
 .debug_line    0x0000000000001ec4      0x12c c:/program files/microchip/xc32/v2.50/bin/bin/../../lib/gcc/pic32c/6.2.1\libgcc.a(floatunsidf.o)
 .debug_line    0x0000000000001ff0       0xb4 c:/program files/microchip/xc32/v2.50/bin/bin/../../lib/gcc/pic32c/6.2.1\libgcc.a(_arm_cmpdf2.o)
 .debug_line    0x00000000000020a4       0xb0 c:/program files/microchip/xc32/v2.50/bin/bin/../../lib/gcc/pic32c/6.2.1\libgcc.a(_clzsi2.o)
 .debug_line    0x0000000000002154      0x14c c:/program files/microchip/xc32/v2.50/bin/bin/../../lib/gcc/pic32c/6.2.1\libgcc.a(eqdf2.o)
 .debug_line    0x00000000000022a0      0x14c c:/program files/microchip/xc32/v2.50/bin/bin/../../lib/gcc/pic32c/6.2.1\libgcc.a(gedf2.o)
 .debug_line    0x00000000000023ec      0x14f c:/program files/microchip/xc32/v2.50/bin/bin/../../lib/gcc/pic32c/6.2.1\libgcc.a(ledf2.o)
 .debug_line    0x000000000000253b      0x118 c:/program files/microchip/xc32/v2.50/bin/bin/../../lib/gcc/pic32c/6.2.1/../../../../pic32c/lib\libg_nano.a(lib_a-init.o)
 .debug_line    0x0000000000002653      0x2af c:/program files/microchip/xc32/v2.50/bin/bin/../../lib/gcc/pic32c/6.2.1/../../../../pic32c/lib\libm_nano.a(lib_a-w_log10.o)
 .debug_line    0x0000000000002902      0x32a c:/program files/microchip/xc32/v2.50/bin/bin/../../lib/gcc/pic32c/6.2.1/../../../../pic32c/lib\libm_nano.a(lib_a-e_log10.o)
 .debug_line    0x0000000000002c2c      0x371 c:/program files/microchip/xc32/v2.50/bin/bin/../../lib/gcc/pic32c/6.2.1/../../../../pic32c/lib\libm_nano.a(lib_a-e_log.o)
 .debug_line    0x0000000000002f9d      0x1f1 c:/program files/microchip/xc32/v2.50/bin/bin/../../lib/gcc/pic32c/6.2.1/../../../../pic32c/lib\libm_nano.a(lib_a-s_lib_ver.o)
 .debug_line    0x000000000000318e      0x202 c:/program files/microchip/xc32/v2.50/bin/bin/../../lib/gcc/pic32c/6.2.1/../../../../pic32c/lib\libm_nano.a(lib_a-s_matherr.o)
 .debug_line    0x0000000000003390      0x1ff c:/program files/microchip/xc32/v2.50/bin/bin/../../lib/gcc/pic32c/6.2.1/../../../../pic32c/lib\libm_nano.a(lib_a-s_nan.o)
 .debug_line    0x000000000000358f      0x19b c:/program files/microchip/xc32/v2.50/bin/bin/../../lib/gcc/pic32c/6.2.1/../../../../pic32c/lib\libc_nano.a(lib_a-errno.o)
 .debug_line    0x000000000000372a      0x17e c:/program files/microchip/xc32/v2.50/bin/bin/../../lib/gcc/pic32c/6.2.1/../../../../pic32c/lib\libc_nano.a(lib_a-impure.o)
 .debug_line    0x00000000000038a8      0x1a4 c:/program files/microchip/xc32/v2.50/bin/bin/../../lib/gcc/pic32c/6.2.1\libgcc.a(divdf3.o)
 .debug_line    0x0000000000003a4c      0x182 c:/program files/microchip/xc32/v2.50/bin/bin/../../lib/gcc/pic32c/6.2.1\libgcc.a(muldf3.o)
 .debug_line    0x0000000000003bce      0x141 c:/program files/microchip/xc32/v2.50/bin/bin/../../lib/gcc/pic32c/6.2.1\libgcc.a(unorddf2.o)
 .debug_line    0x0000000000003d0f      0x12a c:/program files/microchip/xc32/v2.50/bin/bin/../../lib/gcc/pic32c/6.2.1\libgcc.a(floatsidf.o)
 .debug_line    0x0000000000003e39       0xa5 c:/program files/microchip/xc32/v2.50/bin/bin/../../lib/gcc/pic32c/6.2.1\libgcc.a(_thumb1_case_uhi.o)

.debug_str      0x0000000000000000      0x319
 .debug_str     0x0000000000000000       0x28 build/default/debug/_ext/1984496892/plib_clock.o
 .debug_str     0x0000000000000028        0x0 build/default/debug/_ext/1986646378/plib_evsys.o
 .debug_str     0x0000000000000028        0xa build/default/debug/_ext/1865468468/plib_nvic.o
 .debug_str     0x0000000000000032       0x1f build/default/debug/_ext/1593096446/plib_nvmctrl.o
 .debug_str     0x0000000000000051        0xb build/default/debug/_ext/1865521619/plib_port.o
 .debug_str     0x000000000000005c       0xa7 build/default/debug/_ext/829342655/plib_tc4.o
 .debug_str     0x0000000000000103        0x0 build/default/debug/_ext/1171490990/startup_xc32.o
 .debug_str     0x0000000000000103        0x0 build/default/debug/_ext/1171490990/initialization.o
 .debug_str     0x0000000000000103        0x0 build/default/debug/_ext/1171490990/interrupts.o
 .debug_str     0x0000000000000103        0x0 build/default/debug/_ext/1171490990/exceptions.o
 .debug_str     0x0000000000000103       0x19 build/default/debug/_ext/1303591613/7segSR.o
 .debug_str     0x000000000000011c        0x0 build/default/debug/_ext/1303591613/sn74hc595n.o
 .debug_str     0x000000000000011c        0xe build/default/debug/_ext/1360937237/main.o
 .debug_str     0x000000000000012a        0x0 c:/program files/microchip/xc32/v2.50/bin/bin/../../lib/gcc/pic32c/6.2.1/../../../../pic32c/lib\libpic32c.a(data_init.o)
 .debug_str     0x000000000000012a        0x0 c:/program files/microchip/xc32/v2.50/bin/bin/../../lib/gcc/pic32c/6.2.1\libgcc.a(_fixunsdfsi.o)
 .debug_str     0x000000000000012a       0x2c c:/program files/microchip/xc32/v2.50/bin/bin/../../lib/gcc/pic32c/6.2.1\libgcc.a(adddf3.o)
 .debug_str     0x0000000000000156       0x2c c:/program files/microchip/xc32/v2.50/bin/bin/../../lib/gcc/pic32c/6.2.1\libgcc.a(subdf3.o)
 .debug_str     0x0000000000000182       0x13 c:/program files/microchip/xc32/v2.50/bin/bin/../../lib/gcc/pic32c/6.2.1\libgcc.a(fixdfsi.o)
 .debug_str     0x0000000000000195        0x0 c:/program files/microchip/xc32/v2.50/bin/bin/../../lib/gcc/pic32c/6.2.1\libgcc.a(floatunsidf.o)
 .debug_str     0x0000000000000195       0x26 c:/program files/microchip/xc32/v2.50/bin/bin/../../lib/gcc/pic32c/6.2.1\libgcc.a(eqdf2.o)
 .debug_str     0x00000000000001bb       0x26 c:/program files/microchip/xc32/v2.50/bin/bin/../../lib/gcc/pic32c/6.2.1\libgcc.a(gedf2.o)
 .debug_str     0x00000000000001e1       0x26 c:/program files/microchip/xc32/v2.50/bin/bin/../../lib/gcc/pic32c/6.2.1\libgcc.a(ledf2.o)
 .debug_str     0x0000000000000207        0x0 c:/program files/microchip/xc32/v2.50/bin/bin/../../lib/gcc/pic32c/6.2.1/../../../../pic32c/lib\libg_nano.a(lib_a-init.o)
 .debug_str     0x0000000000000207       0x19 c:/program files/microchip/xc32/v2.50/bin/bin/../../lib/gcc/pic32c/6.2.1/../../../../pic32c/lib\libm_nano.a(lib_a-w_log10.o)
 .debug_str     0x0000000000000220       0x17 c:/program files/microchip/xc32/v2.50/bin/bin/../../lib/gcc/pic32c/6.2.1/../../../../pic32c/lib\libm_nano.a(lib_a-e_log10.o)
 .debug_str     0x0000000000000237        0x9 c:/program files/microchip/xc32/v2.50/bin/bin/../../lib/gcc/pic32c/6.2.1/../../../../pic32c/lib\libm_nano.a(lib_a-e_log.o)
 .debug_str     0x0000000000000240        0x9 c:/program files/microchip/xc32/v2.50/bin/bin/../../lib/gcc/pic32c/6.2.1/../../../../pic32c/lib\libm_nano.a(lib_a-s_lib_ver.o)
 .debug_str     0x0000000000000249        0x9 c:/program files/microchip/xc32/v2.50/bin/bin/../../lib/gcc/pic32c/6.2.1/../../../../pic32c/lib\libm_nano.a(lib_a-s_matherr.o)
 .debug_str     0x0000000000000252        0x9 c:/program files/microchip/xc32/v2.50/bin/bin/../../lib/gcc/pic32c/6.2.1/../../../../pic32c/lib\libm_nano.a(lib_a-s_nan.o)
 .debug_str     0x000000000000025b        0x9 c:/program files/microchip/xc32/v2.50/bin/bin/../../lib/gcc/pic32c/6.2.1/../../../../pic32c/lib\libc_nano.a(lib_a-errno.o)
 .debug_str     0x0000000000000264        0x9 c:/program files/microchip/xc32/v2.50/bin/bin/../../lib/gcc/pic32c/6.2.1/../../../../pic32c/lib\libc_nano.a(lib_a-impure.o)
 .debug_str     0x000000000000026d       0x30 c:/program files/microchip/xc32/v2.50/bin/bin/../../lib/gcc/pic32c/6.2.1\libgcc.a(divdf3.o)
 .debug_str     0x000000000000029d       0x56 c:/program files/microchip/xc32/v2.50/bin/bin/../../lib/gcc/pic32c/6.2.1\libgcc.a(muldf3.o)
 .debug_str     0x00000000000002f3       0x26 c:/program files/microchip/xc32/v2.50/bin/bin/../../lib/gcc/pic32c/6.2.1\libgcc.a(unorddf2.o)
 .debug_str     0x0000000000000319        0x0 c:/program files/microchip/xc32/v2.50/bin/bin/../../lib/gcc/pic32c/6.2.1\libgcc.a(floatsidf.o)

.debug_frame    0x0000000000000000      0xb88
 .debug_frame   0x0000000000000000       0x84 build/default/debug/_ext/1984496892/plib_clock.o
 .debug_frame   0x0000000000000084       0x2c build/default/debug/_ext/1986646378/plib_evsys.o
 .debug_frame   0x00000000000000b0       0xcc build/default/debug/_ext/1865468468/plib_nvic.o
 .debug_frame   0x000000000000017c      0x164 build/default/debug/_ext/1593096446/plib_nvmctrl.o
 .debug_frame   0x00000000000002e0      0x16c build/default/debug/_ext/1865521619/plib_port.o
 .debug_frame   0x000000000000044c      0x158 build/default/debug/_ext/829342655/plib_tc4.o
 .debug_frame   0x00000000000005a4       0x38 build/default/debug/_ext/1171490990/startup_xc32.o
 .debug_frame   0x00000000000005dc       0x30 build/default/debug/_ext/1171490990/initialization.o
 .debug_frame   0x000000000000060c       0x20 build/default/debug/_ext/1171490990/interrupts.o
 .debug_frame   0x000000000000062c       0x48 build/default/debug/_ext/1171490990/exceptions.o
 .debug_frame   0x0000000000000674       0x90 build/default/debug/_ext/1303591613/7segSR.o
 .debug_frame   0x0000000000000704       0xb0 build/default/debug/_ext/1303591613/sn74hc595n.o
 .debug_frame   0x00000000000007b4       0x30 build/default/debug/_ext/1360937237/main.o
 .debug_frame   0x00000000000007e4       0x2c c:/program files/microchip/xc32/v2.50/bin/bin/../../lib/gcc/pic32c/6.2.1/../../../../pic32c/lib\libpic32c.a(data_init.o)
 .debug_frame   0x0000000000000810       0x20 c:/program files/microchip/xc32/v2.50/bin/bin/../../lib/gcc/pic32c/6.2.1\libgcc.a(_udivsi3.o)
 .debug_frame   0x0000000000000830       0x2c c:/program files/microchip/xc32/v2.50/bin/bin/../../lib/gcc/pic32c/6.2.1\libgcc.a(_fixunsdfsi.o)
 .debug_frame   0x000000000000085c       0x34 c:/program files/microchip/xc32/v2.50/bin/bin/../../lib/gcc/pic32c/6.2.1\libgcc.a(adddf3.o)
 .debug_frame   0x0000000000000890       0x34 c:/program files/microchip/xc32/v2.50/bin/bin/../../lib/gcc/pic32c/6.2.1\libgcc.a(subdf3.o)
 .debug_frame   0x00000000000008c4       0x2c c:/program files/microchip/xc32/v2.50/bin/bin/../../lib/gcc/pic32c/6.2.1\libgcc.a(fixdfsi.o)
 .debug_frame   0x00000000000008f0       0x2c c:/program files/microchip/xc32/v2.50/bin/bin/../../lib/gcc/pic32c/6.2.1\libgcc.a(floatunsidf.o)
 .debug_frame   0x000000000000091c       0x30 c:/program files/microchip/xc32/v2.50/bin/bin/../../lib/gcc/pic32c/6.2.1\libgcc.a(eqdf2.o)
 .debug_frame   0x000000000000094c       0x34 c:/program files/microchip/xc32/v2.50/bin/bin/../../lib/gcc/pic32c/6.2.1\libgcc.a(gedf2.o)
 .debug_frame   0x0000000000000980       0x30 c:/program files/microchip/xc32/v2.50/bin/bin/../../lib/gcc/pic32c/6.2.1\libgcc.a(ledf2.o)
 .debug_frame   0x00000000000009b0       0x2c c:/program files/microchip/xc32/v2.50/bin/bin/../../lib/gcc/pic32c/6.2.1/../../../../pic32c/lib\libg_nano.a(lib_a-init.o)
 .debug_frame   0x00000000000009dc       0x30 c:/program files/microchip/xc32/v2.50/bin/bin/../../lib/gcc/pic32c/6.2.1/../../../../pic32c/lib\libm_nano.a(lib_a-w_log10.o)
 .debug_frame   0x0000000000000a0c       0x30 c:/program files/microchip/xc32/v2.50/bin/bin/../../lib/gcc/pic32c/6.2.1/../../../../pic32c/lib\libm_nano.a(lib_a-e_log10.o)
 .debug_frame   0x0000000000000a3c       0x30 c:/program files/microchip/xc32/v2.50/bin/bin/../../lib/gcc/pic32c/6.2.1/../../../../pic32c/lib\libm_nano.a(lib_a-e_log.o)
 .debug_frame   0x0000000000000a6c       0x20 c:/program files/microchip/xc32/v2.50/bin/bin/../../lib/gcc/pic32c/6.2.1/../../../../pic32c/lib\libm_nano.a(lib_a-s_matherr.o)
 .debug_frame   0x0000000000000a8c       0x20 c:/program files/microchip/xc32/v2.50/bin/bin/../../lib/gcc/pic32c/6.2.1/../../../../pic32c/lib\libm_nano.a(lib_a-s_nan.o)
 .debug_frame   0x0000000000000aac       0x20 c:/program files/microchip/xc32/v2.50/bin/bin/../../lib/gcc/pic32c/6.2.1/../../../../pic32c/lib\libc_nano.a(lib_a-errno.o)
 .debug_frame   0x0000000000000acc       0x30 c:/program files/microchip/xc32/v2.50/bin/bin/../../lib/gcc/pic32c/6.2.1\libgcc.a(divdf3.o)
 .debug_frame   0x0000000000000afc       0x30 c:/program files/microchip/xc32/v2.50/bin/bin/../../lib/gcc/pic32c/6.2.1\libgcc.a(muldf3.o)
 .debug_frame   0x0000000000000b2c       0x2c c:/program files/microchip/xc32/v2.50/bin/bin/../../lib/gcc/pic32c/6.2.1\libgcc.a(unorddf2.o)
 .debug_frame   0x0000000000000b58       0x30 c:/program files/microchip/xc32/v2.50/bin/bin/../../lib/gcc/pic32c/6.2.1\libgcc.a(floatsidf.o)

.stack          0x00000000200002c0      0x100
 .stack         0x00000000200002c0      0x100 stack

.data.impure_data%1
                0x0000000020000000       0x60
 .data.impure_data
                0x0000000020000000       0x60 c:/program files/microchip/xc32/v2.50/bin/bin/../../lib/gcc/pic32c/6.2.1/../../../../pic32c/lib\libc_nano.a(lib_a-impure.o)

.bss%2          0x0000000020000060       0x1c
 .bss           0x0000000020000060       0x1c c:/program files/microchip/xc32/v2.50/bin/bin/../../lib/gcc/pic32c/6.2.1/crtbegin.o

.bss.dis%3      0x000000002000007c       0x10
 .bss.dis       0x000000002000007c       0x10 build/default/debug/_ext/1360937237/main.o

.bss.TC4_CallbackObject%4
                0x000000002000008c        0x8
 .bss.TC4_CallbackObject
                0x000000002000008c        0x8 build/default/debug/_ext/829342655/plib_tc4.o
                0x000000002000008c                TC4_CallbackObject

.bss.tsr%5      0x0000000020000094        0x6
 .bss.tsr       0x0000000020000094        0x6 build/default/debug/_ext/1360937237/main.o

.data._impure_ptr%6
                0x000000002000009c        0x4
 .data._impure_ptr
                0x000000002000009c        0x4 c:/program files/microchip/xc32/v2.50/bin/bin/../../lib/gcc/pic32c/6.2.1/../../../../pic32c/lib\libc_nano.a(lib_a-impure.o)
                0x000000002000009c                _impure_ptr

.data.__fdlib_version%7
                0x000000002000009a        0x1
 .data.__fdlib_version
                0x000000002000009a        0x1 c:/program files/microchip/xc32/v2.50/bin/bin/../../lib/gcc/pic32c/6.2.1/../../../../pic32c/lib\libm_nano.a(lib_a-s_lib_ver.o)
                0x000000002000009a                __fdlib_version

.eh_frame%z1    0x0000000000000000        0x0
 .eh_frame      0x0000000000000000        0x0 c:/program files/microchip/xc32/v2.50/bin/bin/../../lib/gcc/pic32c/6.2.1/crtbegin.o

.text%8         0x00000000000000d0     0x14b8
 .text          0x00000000000000d0      0x5b0 c:/program files/microchip/xc32/v2.50/bin/bin/../../lib/gcc/pic32c/6.2.1\libgcc.a(subdf3.o)
                0x00000000000000d0                __aeabi_dsub
 .text          0x0000000000000680      0x5a0 c:/program files/microchip/xc32/v2.50/bin/bin/../../lib/gcc/pic32c/6.2.1\libgcc.a(adddf3.o)
                0x0000000000000680                __aeabi_dadd
 .text          0x0000000000000c20      0x544 c:/program files/microchip/xc32/v2.50/bin/bin/../../lib/gcc/pic32c/6.2.1\libgcc.a(divdf3.o)
                0x0000000000000c20                __aeabi_ddiv
 .text          0x0000000000001164      0x424 c:/program files/microchip/xc32/v2.50/bin/bin/../../lib/gcc/pic32c/6.2.1\libgcc.a(muldf3.o)
                0x0000000000001164                __aeabi_dmul

.text.__ieee754_log%12
                0x0000000000001588      0x3c0
 .text.__ieee754_log
                0x0000000000001588      0x3c0 c:/program files/microchip/xc32/v2.50/bin/bin/../../lib/gcc/pic32c/6.2.1/../../../../pic32c/lib\libm_nano.a(lib_a-e_log.o)
                0x0000000000001588                __ieee754_log

.text.SevenSeg_Initialize%13
                0x0000000000001948      0x15c
 .text.SevenSeg_Initialize
                0x0000000000001948      0x15c build/default/debug/_ext/1303591613/7segSR.o
                0x0000000000001948                SevenSeg_Initialize

.text.__ieee754_log10%14
                0x0000000000001aa4      0x108
 .text.__ieee754_log10
                0x0000000000001aa4      0x108 c:/program files/microchip/xc32/v2.50/bin/bin/../../lib/gcc/pic32c/6.2.1/../../../../pic32c/lib\libm_nano.a(lib_a-e_log10.o)
                0x0000000000001aa4                __ieee754_log10

.text.log10%15  0x0000000000001bac      0x100
 .text.log10    0x0000000000001bac      0x100 c:/program files/microchip/xc32/v2.50/bin/bin/../../lib/gcc/pic32c/6.2.1/../../../../pic32c/lib\libm_nano.a(lib_a-w_log10.o)
                0x0000000000001bac                log10

.text.WriteSevenSegmentValue%16
                0x0000000000001cac       0xf0
 .text.WriteSevenSegmentValue
                0x0000000000001cac       0xf0 build/default/debug/_ext/1303591613/7segSR.o

.text.main%17   0x0000000000001d9c       0xe8
 .text.main     0x0000000000001d9c       0xe8 build/default/debug/_ext/1360937237/main.o
                0x0000000000001d9c                main

.text.SevenSeg_WriteInteger%18
                0x0000000000001e84       0xe0
 .text.SevenSeg_WriteInteger
                0x0000000000001e84       0xe0 build/default/debug/_ext/1303591613/7segSR.o
                0x0000000000001e84                SevenSeg_WriteInteger

.text.__NVIC_SetPriority%19
                0x0000000000001f64       0xdc
 .text.__NVIC_SetPriority
                0x0000000000001f64       0xdc build/default/debug/_ext/1865468468/plib_nvic.o

.dinit%20       0x0000000000002040       0xd0
 .dinit         0x0000000000002040       0xd0 data_init

.text%21        0x0000000000002110       0xb0
 .text          0x0000000000002110       0xb0 c:/program files/microchip/xc32/v2.50/bin/bin/../../lib/gcc/pic32c/6.2.1\libgcc.a(ledf2.o)
                0x0000000000002110                __ledf2
                0x0000000000002110                __ltdf2

.text.DFLL_Initialize%22
                0x00000000000021c0       0xa4
 .text.DFLL_Initialize
                0x00000000000021c0       0xa4 build/default/debug/_ext/1984496892/plib_clock.o

.text%23        0x0000000000002264       0xa0
 .text          0x0000000000002264       0xa0 c:/program files/microchip/xc32/v2.50/bin/bin/../../lib/gcc/pic32c/6.2.1\libgcc.a(gedf2.o)
                0x0000000000002264                __gedf2
                0x0000000000002264                __gtdf2

.text.__pic32c_data_initialization%24
                0x0000000000002304       0x90
 .text.__pic32c_data_initialization
                0x0000000000002304       0x90 c:/program files/microchip/xc32/v2.50/bin/bin/../../lib/gcc/pic32c/6.2.1/../../../../pic32c/lib\libpic32c.a(data_init.o)
                0x0000000000002304                __pic32c_data_initialization

.text%25        0x0000000000002394       0x8c
 .text          0x0000000000002394       0x8c c:/program files/microchip/xc32/v2.50/bin/bin/../../lib/gcc/pic32c/6.2.1\libgcc.a(_udivsi3.o)
                0x0000000000002394                __aeabi_uidiv
                0x0000000000002394                __udivsi3
                0x000000000000240c                __aeabi_uidivmod

.text.SN74HC595N_Initialize%26
                0x0000000000002420       0x80
 .text.SN74HC595N_Initialize
                0x0000000000002420       0x80 build/default/debug/_ext/1303591613/sn74hc595n.o
                0x0000000000002420                SN74HC595N_Initialize

.text%27        0x00000000000024a0       0x7c
 .text          0x00000000000024a0       0x7c c:/program files/microchip/xc32/v2.50/bin/bin/../../lib/gcc/pic32c/6.2.1\libgcc.a(_arm_cmpdf2.o)
                0x00000000000024a0                __aeabi_cdrcmple
                0x00000000000024b0                __aeabi_cdcmple
                0x00000000000024b0                __aeabi_cdcmpeq
                0x00000000000024c0                __aeabi_dcmpeq
                0x00000000000024cc                __aeabi_dcmplt
                0x00000000000024e0                __aeabi_dcmple
                0x00000000000024f4                __aeabi_dcmpgt
                0x0000000000002508                __aeabi_dcmpge

.text.SN74HC595N_WriteByteMSB%28
                0x000000000000251c       0x78
 .text.SN74HC595N_WriteByteMSB
                0x000000000000251c       0x78 build/default/debug/_ext/1303591613/sn74hc595n.o
                0x000000000000251c                SN74HC595N_WriteByteMSB

.text%29        0x0000000000002594       0xe4
 .text          0x0000000000002594       0x74 c:/program files/microchip/xc32/v2.50/bin/bin/../../lib/gcc/pic32c/6.2.1\libgcc.a(floatsidf.o)
                0x0000000000002594                __aeabi_i2d
 .text          0x0000000000002608       0x70 c:/program files/microchip/xc32/v2.50/bin/bin/../../lib/gcc/pic32c/6.2.1\libgcc.a(eqdf2.o)
                0x0000000000002608                __nedf2
                0x0000000000002608                __eqdf2

.text.PORT_Initialize%31
                0x0000000000002678       0x6c
 .text.PORT_Initialize
                0x0000000000002678       0x6c build/default/debug/_ext/1865521619/plib_port.o
                0x0000000000002678                PORT_Initialize

.text.ReverseBitsOfByte%32
                0x00000000000026e4       0x6c
 .text.ReverseBitsOfByte
                0x00000000000026e4       0x6c build/default/debug/_ext/1303591613/sn74hc595n.o

.text%33        0x0000000000002750       0xcc
 .text          0x0000000000002750       0x68 c:/program files/microchip/xc32/v2.50/bin/bin/../../lib/gcc/pic32c/6.2.1\libgcc.a(fixdfsi.o)
                0x0000000000002750                __aeabi_d2iz
 .text          0x00000000000027b8       0x64 c:/program files/microchip/xc32/v2.50/bin/bin/../../lib/gcc/pic32c/6.2.1\libgcc.a(floatunsidf.o)
                0x00000000000027b8                __aeabi_ui2d

.text.PORT_PinWrite%35
                0x000000000000281c       0xb8
 .text.PORT_PinWrite
                0x000000000000281c       0x5c build/default/debug/_ext/1303591613/7segSR.o
 .text.PORT_PinWrite
                0x0000000000002878       0x5c build/default/debug/_ext/1303591613/sn74hc595n.o

.text.TC4_TimerInitialize%37
                0x00000000000028d4       0x58
 .text.TC4_TimerInitialize
                0x00000000000028d4       0x58 build/default/debug/_ext/829342655/plib_tc4.o
                0x00000000000028d4                TC4_TimerInitialize

.text%38        0x000000000000292c       0x48
 .text          0x000000000000292c       0x48 c:/program files/microchip/xc32/v2.50/bin/bin/../../lib/gcc/pic32c/6.2.1/crtbegin.o

.text.Reset_Handler%39
                0x0000000000002974       0x48
 .text.Reset_Handler
                0x0000000000002974       0x48 build/default/debug/_ext/1171490990/startup_xc32.o
                0x0000000000002974                Reset_Handler

.text.__libc_init_array%40
                0x00000000000029bc       0x48
 .text.__libc_init_array
                0x00000000000029bc       0x48 c:/program files/microchip/xc32/v2.50/bin/bin/../../lib/gcc/pic32c/6.2.1/../../../../pic32c/lib\libg_nano.a(lib_a-init.o)
                0x00000000000029bc                __libc_init_array

.text.CLOCK_Initialize%41
                0x0000000000002a04       0x3c
 .text.CLOCK_Initialize
                0x0000000000002a04       0x3c build/default/debug/_ext/1984496892/plib_clock.o
                0x0000000000002a04                CLOCK_Initialize

.text.TC4_TimerInterruptHandler%42
                0x0000000000002a40       0x3c
 .text.TC4_TimerInterruptHandler
                0x0000000000002a40       0x3c build/default/debug/_ext/829342655/plib_tc4.o
                0x0000000000002a40                TC4_TimerInterruptHandler

.text%43        0x0000000000002a7c       0x3c
 .text          0x0000000000002a7c       0x3c c:/program files/microchip/xc32/v2.50/bin/bin/../../lib/gcc/pic32c/6.2.1\libgcc.a(_clzsi2.o)
                0x0000000000002a7c                __clzsi2

.text.SN74HC595N_WriteByteLSB%44
                0x0000000000002ab8       0x38
 .text.SN74HC595N_WriteByteLSB
                0x0000000000002ab8       0x38 build/default/debug/_ext/1303591613/sn74hc595n.o
                0x0000000000002ab8                SN74HC595N_WriteByteLSB

.text%45        0x0000000000002af0       0x38
 .text          0x0000000000002af0       0x38 c:/program files/microchip/xc32/v2.50/bin/bin/../../lib/gcc/pic32c/6.2.1\libgcc.a(_fixunsdfsi.o)
                0x0000000000002af0                __aeabi_d2uiz
                0x0000000000002af0                __fixunsdfsi

.text.__NVIC_EnableIRQ%46
                0x0000000000002b28       0x34
 .text.__NVIC_EnableIRQ
                0x0000000000002b28       0x34 build/default/debug/_ext/1865468468/plib_nvic.o

.text.SYS_Initialize%47
                0x0000000000002b5c       0x34
 .text.SYS_Initialize
                0x0000000000002b5c       0x34 build/default/debug/_ext/1171490990/initialization.o
                0x0000000000002b5c                SYS_Initialize

.text%48        0x0000000000002b90       0x34
 .text          0x0000000000002b90       0x34 c:/program files/microchip/xc32/v2.50/bin/bin/../../lib/gcc/pic32c/6.2.1\libgcc.a(unorddf2.o)
                0x0000000000002b90                __aeabi_dcmpun

.text.GCLK0_Initialize%49
                0x0000000000002bc4       0x2c
 .text.GCLK0_Initialize
                0x0000000000002bc4       0x2c build/default/debug/_ext/1984496892/plib_clock.o

.text.PORT_GroupWrite%50
                0x0000000000002bf0       0x2a
 .text.PORT_GroupWrite
                0x0000000000002bf0       0x2a build/default/debug/_ext/1865521619/plib_port.o
                0x0000000000002bf0                PORT_GroupWrite

.text.NVIC_Initialize%51
                0x0000000000002c1a       0x1e
 .text.NVIC_Initialize
                0x0000000000002c1a       0x1e build/default/debug/_ext/1865468468/plib_nvic.o
                0x0000000000002c1a                NVIC_Initialize

.text.SYSCTRL_Initialize%52
                0x0000000000002c38       0x14
 .text.SYSCTRL_Initialize
                0x0000000000002c38       0x14 build/default/debug/_ext/1984496892/plib_clock.o

.text.NVMCTRL_Initialize%53
                0x0000000000002c4c       0x14
 .text.NVMCTRL_Initialize
                0x0000000000002c4c       0x14 build/default/debug/_ext/1593096446/plib_nvmctrl.o
                0x0000000000002c4c                NVMCTRL_Initialize

.text%54        0x0000000000002c60       0x14
 .text          0x0000000000002c60       0x14 c:/program files/microchip/xc32/v2.50/bin/bin/../../lib/gcc/pic32c/6.2.1\libgcc.a(_thumb1_case_uhi.o)
                0x0000000000002c60                __gnu_thumb1_case_uhi

.rodata.digitEncodings%55
                0x0000000000002c74        0xc
 .rodata.digitEncodings
                0x0000000000002c74        0xc build/default/debug/_ext/1303591613/7segSR.o

.text.nan%56    0x0000000000002c80        0xc
 .text.nan      0x0000000000002c80        0xc c:/program files/microchip/xc32/v2.50/bin/bin/../../lib/gcc/pic32c/6.2.1/../../../../pic32c/lib\libm_nano.a(lib_a-s_nan.o)
                0x0000000000002c80                nan

.text.__errno%57
                0x0000000000002c8c        0xc
 .text.__errno  0x0000000000002c8c        0xc c:/program files/microchip/xc32/v2.50/bin/bin/../../lib/gcc/pic32c/6.2.1/../../../../pic32c/lib\libc_nano.a(lib_a-errno.o)
                0x0000000000002c8c                __errno

.text.EVSYS_Initialize%58
                0x0000000000002c98        0xa
 .text.EVSYS_Initialize
                0x0000000000002c98        0xa build/default/debug/_ext/1986646378/plib_evsys.o
                0x0000000000002c98                EVSYS_Initialize

.text.NonMaskableInt_Handler%59
                0x0000000000002ca2        0x8
 .text.NonMaskableInt_Handler
                0x0000000000002ca2        0x8 build/default/debug/_ext/1171490990/exceptions.o
                0x0000000000002ca2                NonMaskableInt_Handler

.text.HardFault_Handler%60
                0x0000000000002caa        0x8
 .text.HardFault_Handler
                0x0000000000002caa        0x8 build/default/debug/_ext/1171490990/exceptions.o
                0x0000000000002caa                HardFault_Handler

.rodata%61      0x0000000000002cb2        0x7
 .rodata        0x0000000000002cb2        0x7 c:/program files/microchip/xc32/v2.50/bin/bin/../../lib/gcc/pic32c/6.2.1/../../../../pic32c/lib\libm_nano.a(lib_a-w_log10.o)

.text%62        0x0000000000002cbc        0x4
 .text          0x0000000000002cbc        0x4 c:/program files/microchip/xc32/v2.50/bin/bin/../../lib/gcc/pic32c/6.2.1\libgcc.a(_dvmd_tls.o)
                0x0000000000002cbc                __aeabi_idiv0
                0x0000000000002cbc                __aeabi_ldiv0

.text.matherr%63
                0x0000000000002cc0        0x4
 .text.matherr  0x0000000000002cc0        0x4 c:/program files/microchip/xc32/v2.50/bin/bin/../../lib/gcc/pic32c/6.2.1/../../../../pic32c/lib\libm_nano.a(lib_a-s_matherr.o)
                0x0000000000002cc0                matherr

.text.Dummy_App_Func%64
                0x0000000000002cba        0x2
 .text.Dummy_App_Func
                0x0000000000002cba        0x2 build/default/debug/_ext/1171490990/startup_xc32.o
                0x0000000000002cba                _on_reset
                0x0000000000002cba                _on_bootstrap
                0x0000000000002cba                __xc32_on_reset
                0x0000000000002cba                Dummy_App_Func
                0x0000000000002cba                __xc32_on_bootstrap

.text.Dummy_Handler%65
                0x0000000000002cc4        0x2
 .text.Dummy_Handler
                0x0000000000002cc4        0x2 build/default/debug/_ext/1171490990/interrupts.o
                0x0000000000002cc4                SVCall_Handler
                0x0000000000002cc4                DMAC_Handler
                0x0000000000002cc4                AC_Handler
                0x0000000000002cc4                SysTick_Handler
                0x0000000000002cc4                PendSV_Handler
                0x0000000000002cc4                TC7_Handler
                0x0000000000002cc4                SERCOM1_Handler
                0x0000000000002cc4                ADC_Handler
                0x0000000000002cc4                TCC1_Handler
                0x0000000000002cc4                SERCOM2_Handler
                0x0000000000002cc4                TCC0_Handler
                0x0000000000002cc4                RTC_Handler
                0x0000000000002cc4                EIC_Handler
                0x0000000000002cc4                TC6_Handler
                0x0000000000002cc4                WDT_Handler
                0x0000000000002cc4                USB_Handler
                0x0000000000002cc4                TC3_Handler
                0x0000000000002cc4                Dummy_Handler
                0x0000000000002cc4                PM_Handler
                0x0000000000002cc4                SERCOM5_Handler
                0x0000000000002cc4                TCC2_Handler
                0x0000000000002cc4                EVSYS_Handler
                0x0000000000002cc4                SERCOM3_Handler
                0x0000000000002cc4                SERCOM4_Handler
                0x0000000000002cc4                I2S_Handler
                0x0000000000002cc4                NVMCTRL_Handler
                0x0000000000002cc4                SERCOM0_Handler
                0x0000000000002cc4                DAC_Handler
                0x0000000000002cc4                PTC_Handler
                0x0000000000002cc4                TC5_Handler
                0x0000000000002cc4                SYSCTRL_Handler
